============================= test session starts ==============================
platform linux -- Python 3.12.14, pytest-8.4.2, pluggy-1.6.0 -- /workspace/scratch/18c810e6dd59/rpnh-recovery-20261003/source/.venv/bin/python
cachedir: .pytest_cache
rootdir: /workspace/scratch/18c810e6dd59/rpnh-bound-child-lowering-review/reviewed-source
collecting ... collected 516 items

tests/test_typed_author_interoperation.py::test_prepared_typed_author_publishes_reopens_and_tracks_exact_branch_head PASSED [  0%]
tests/test_typed_author_interoperation.py::test_invalid_prepared_proof_fails_before_revision_publication PASSED [  0%]
tests/test_typed_author_interoperation.py::test_required_typed_boundary_rejects_stripped_and_unsupported_proofs PASSED [  0%]
tests/test_typed_author_interoperation.py::test_real_assembly_publish_rejects_typed_member_without_erasing_proof PASSED [  0%]
tests/test_typed_author_interoperation.py::test_prepared_typed_module_recompile_matches_direct_author PASSED [  0%]
tests/test_typed_author_interoperation.py::test_prepared_typed_remote_schema_rejects_without_retrieval PASSED [  1%]
tests/test_typed_author_interoperation.py::test_legacy_direct_python_numeric_constraint_keys_still_normalize PASSED [  1%]
tests/test_compiler_json_contract.py::test_host_lower_cannot_change_json_boolean_number_type[operation-1-True] PASSED [  1%]
tests/test_compiler_json_contract.py::test_host_lower_cannot_change_json_boolean_number_type[operation-True-1] PASSED [  1%]
tests/test_compiler_json_contract.py::test_host_lower_cannot_change_json_boolean_number_type[operation-0-False] PASSED [  1%]
tests/test_compiler_json_contract.py::test_host_lower_cannot_change_json_boolean_number_type[operation-False-0] PASSED [  2%]
tests/test_compiler_json_contract.py::test_host_lower_cannot_change_json_boolean_number_type[operation-1.0-True] PASSED [  2%]
tests/test_compiler_json_contract.py::test_host_lower_cannot_change_json_boolean_number_type[operation-0.0-False] PASSED [  2%]
tests/test_compiler_json_contract.py::test_host_lower_cannot_change_json_boolean_number_type[effect-1-True] PASSED [  2%]
tests/test_compiler_json_contract.py::test_host_lower_cannot_change_json_boolean_number_type[effect-True-1] PASSED [  2%]
tests/test_compiler_json_contract.py::test_host_lower_cannot_change_json_boolean_number_type[effect-0-False] PASSED [  3%]
tests/test_compiler_json_contract.py::test_host_lower_cannot_change_json_boolean_number_type[effect-False-0] PASSED [  3%]
tests/test_compiler_json_contract.py::test_host_lower_cannot_change_json_boolean_number_type[effect-1.0-True] PASSED [  3%]
tests/test_compiler_json_contract.py::test_host_lower_cannot_change_json_boolean_number_type[effect-0.0-False] PASSED [  3%]
tests/test_compiler_json_contract.py::test_wire_rejects_json_boolean_number_substitution[fragment-operation-1-True] PASSED [  3%]
tests/test_compiler_json_contract.py::test_wire_rejects_json_boolean_number_substitution[fragment-operation-0-False] PASSED [  4%]
tests/test_compiler_json_contract.py::test_wire_rejects_json_boolean_number_substitution[fragment-operation-True-1] PASSED [  4%]
tests/test_compiler_json_contract.py::test_wire_rejects_json_boolean_number_substitution[fragment-operation-False-0] PASSED [  4%]
tests/test_compiler_json_contract.py::test_wire_rejects_json_boolean_number_substitution[fragment-effect-1-True] PASSED [  4%]
tests/test_compiler_json_contract.py::test_wire_rejects_json_boolean_number_substitution[fragment-effect-0-False] PASSED [  4%]
tests/test_compiler_json_contract.py::test_wire_rejects_json_boolean_number_substitution[fragment-effect-True-1] PASSED [  5%]
tests/test_compiler_json_contract.py::test_wire_rejects_json_boolean_number_substitution[fragment-effect-False-0] PASSED [  5%]
tests/test_compiler_json_contract.py::test_wire_rejects_json_boolean_number_substitution[symbolic-operation-1-True] PASSED [  5%]
tests/test_compiler_json_contract.py::test_wire_rejects_json_boolean_number_substitution[symbolic-operation-0-False] PASSED [  5%]
tests/test_compiler_json_contract.py::test_wire_rejects_json_boolean_number_substitution[symbolic-operation-True-1] PASSED [  5%]
tests/test_compiler_json_contract.py::test_wire_rejects_json_boolean_number_substitution[symbolic-operation-False-0] PASSED [  6%]
tests/test_compiler_json_contract.py::test_wire_rejects_json_boolean_number_substitution[symbolic-effect-1-True] PASSED [  6%]
tests/test_compiler_json_contract.py::test_wire_rejects_json_boolean_number_substitution[symbolic-effect-0-False] PASSED [  6%]
tests/test_compiler_json_contract.py::test_wire_rejects_json_boolean_number_substitution[symbolic-effect-True-1] PASSED [  6%]
tests/test_compiler_json_contract.py::test_wire_rejects_json_boolean_number_substitution[symbolic-effect-False-0] PASSED [  6%]
tests/test_compiler_json_contract.py::test_normal_json_config_compiles_and_round_trips[operation-None] PASSED [  6%]
tests/test_compiler_json_contract.py::test_normal_json_config_compiles_and_round_trips[operation-True] PASSED [  7%]
tests/test_compiler_json_contract.py::test_normal_json_config_compiles_and_round_trips[operation-False] PASSED [  7%]
tests/test_compiler_json_contract.py::test_normal_json_config_compiles_and_round_trips[operation-1_0] PASSED [  7%]
tests/test_compiler_json_contract.py::test_normal_json_config_compiles_and_round_trips[operation-0] PASSED [  7%]
tests/test_compiler_json_contract.py::test_normal_json_config_compiles_and_round_trips[operation-1.25] PASSED [  7%]
tests/test_compiler_json_contract.py::test_normal_json_config_compiles_and_round_trips[operation-1_1] PASSED [  8%]
tests/test_compiler_json_contract.py::test_normal_json_config_compiles_and_round_trips[operation-value7] PASSED [  8%]
tests/test_compiler_json_contract.py::test_normal_json_config_compiles_and_round_trips[effect-None] PASSED [  8%]
tests/test_compiler_json_contract.py::test_normal_json_config_compiles_and_round_trips[effect-True] PASSED [  8%]
tests/test_compiler_json_contract.py::test_normal_json_config_compiles_and_round_trips[effect-False] PASSED [  8%]
tests/test_compiler_json_contract.py::test_normal_json_config_compiles_and_round_trips[effect-1_0] PASSED [  9%]
tests/test_compiler_json_contract.py::test_normal_json_config_compiles_and_round_trips[effect-0] PASSED [  9%]
tests/test_compiler_json_contract.py::test_normal_json_config_compiles_and_round_trips[effect-1.25] PASSED [  9%]
tests/test_compiler_json_contract.py::test_normal_json_config_compiles_and_round_trips[effect-1_1] PASSED [  9%]
tests/test_compiler_json_contract.py::test_normal_json_config_compiles_and_round_trips[effect-value7] PASSED [  9%]
tests/test_compiler_json_contract.py::test_existing_numeric_equality_survives_lowering_and_wire[operation-1-1.0] PASSED [ 10%]
tests/test_compiler_json_contract.py::test_existing_numeric_equality_survives_lowering_and_wire[operation-0--0.0] PASSED [ 10%]
tests/test_compiler_json_contract.py::test_existing_numeric_equality_survives_lowering_and_wire[operation-1.0-1] PASSED [ 10%]
tests/test_compiler_json_contract.py::test_existing_numeric_equality_survives_lowering_and_wire[effect-1-1.0] PASSED [ 10%]
tests/test_compiler_json_contract.py::test_existing_numeric_equality_survives_lowering_and_wire[effect-0--0.0] PASSED [ 10%]
tests/test_compiler_json_contract.py::test_existing_numeric_equality_survives_lowering_and_wire[effect-1.0-1] PASSED [ 11%]
tests/test_compiler_json_contract.py::test_declared_bundle_order_remains_incidental PASSED [ 11%]
tests/test_compiler_json_contract.py::test_ordered_abi_config_arrays_and_effect_multiplicity_stay_exact[inputs] PASSED [ 11%]
tests/test_compiler_json_contract.py::test_ordered_abi_config_arrays_and_effect_multiplicity_stay_exact[outputs] PASSED [ 11%]
tests/test_compiler_json_contract.py::test_ordered_abi_config_arrays_and_effect_multiplicity_stay_exact[config] PASSED [ 11%]
tests/test_compiler_json_contract.py::test_ordered_abi_config_arrays_and_effect_multiplicity_stay_exact[effect_config] PASSED [ 12%]
tests/test_compiler_json_contract.py::test_ordered_abi_config_arrays_and_effect_multiplicity_stay_exact[multiplicity] PASSED [ 12%]
tests/test_compiler_json_contract.py::test_existing_unequal_numbers_and_container_shapes_stay_unequal[1-1.5] PASSED [ 12%]
tests/test_compiler_json_contract.py::test_existing_unequal_numbers_and_container_shapes_stay_unequal[9007199254740993-9007199254740992.0] PASSED [ 12%]
tests/test_compiler_json_contract.py::test_existing_unequal_numbers_and_container_shapes_stay_unequal[1-1] PASSED [ 12%]
tests/test_compiler_json_contract.py::test_existing_unequal_numbers_and_container_shapes_stay_unequal[None-False] PASSED [ 12%]
tests/test_compiler_json_contract.py::test_existing_unequal_numbers_and_container_shapes_stay_unequal[left4-right4] PASSED [ 13%]
tests/test_compiler_json_contract.py::test_existing_unequal_numbers_and_container_shapes_stay_unequal[left5-right5] PASSED [ 13%]
tests/test_compiler_json_contract.py::test_wire_inventory_reordering_preserves_config_array_order PASSED [ 13%]
tests/test_compiler_json_contract.py::test_fusion_rejects_boolean_number_change_in_initial_payload[lower-1-True] PASSED [ 13%]
tests/test_compiler_json_contract.py::test_fusion_rejects_boolean_number_change_in_initial_payload[lower-0-False] PASSED [ 13%]
tests/test_compiler_json_contract.py::test_fusion_rejects_boolean_number_change_in_initial_payload[lower-True-1] PASSED [ 14%]
tests/test_compiler_json_contract.py::test_fusion_rejects_boolean_number_change_in_initial_payload[lower-False-0] PASSED [ 14%]
tests/test_compiler_json_contract.py::test_fusion_rejects_boolean_number_change_in_initial_payload[lower-source4-changed4] PASSED [ 14%]
tests/test_compiler_json_contract.py::test_fusion_rejects_boolean_number_change_in_initial_payload[lower-source5-changed5] PASSED [ 14%]
tests/test_compiler_json_contract.py::test_fusion_rejects_boolean_number_change_in_initial_payload[wire-1-True] PASSED [ 14%]
tests/test_compiler_json_contract.py::test_fusion_rejects_boolean_number_change_in_initial_payload[wire-0-False] PASSED [ 15%]
tests/test_compiler_json_contract.py::test_fusion_rejects_boolean_number_change_in_initial_payload[wire-True-1] PASSED [ 15%]
tests/test_compiler_json_contract.py::test_fusion_rejects_boolean_number_change_in_initial_payload[wire-False-0] PASSED [ 15%]
tests/test_compiler_json_contract.py::test_fusion_rejects_boolean_number_change_in_initial_payload[wire-source4-changed4] PASSED [ 15%]
tests/test_compiler_json_contract.py::test_fusion_rejects_boolean_number_change_in_initial_payload[wire-source5-changed5] PASSED [ 15%]
tests/test_compiler_json_contract.py::test_fusion_keeps_initial_token_multiset_and_numeric_equivalence[left0-right0] PASSED [ 16%]
tests/test_compiler_json_contract.py::test_fusion_keeps_initial_token_multiset_and_numeric_equivalence[left1-right1] PASSED [ 16%]
tests/test_compiler_json_contract.py::test_fusion_keeps_initial_token_multiset_and_numeric_equivalence[left2-right2] PASSED [ 16%]
tests/test_compiler_json_contract.py::test_fusion_keeps_initial_token_multiset_and_numeric_equivalence[left3-right3] PASSED [ 16%]
tests/test_compiler_json_contract.py::test_fusion_keeps_multiplicity_payload_order_and_container_mismatches[left0-right0] PASSED [ 16%]
tests/test_compiler_json_contract.py::test_fusion_keeps_multiplicity_payload_order_and_container_mismatches[left1-right1] PASSED [ 17%]
tests/test_compiler_json_contract.py::test_fusion_keeps_multiplicity_payload_order_and_container_mismatches[left2-right2] PASSED [ 17%]
tests/test_compiler_json_contract.py::test_fusion_keeps_multiplicity_payload_order_and_container_mismatches[left3-right3] PASSED [ 17%]
tests/test_worker_schema_compat.py::test_main_v4_imports_without_dropping_socket_or_profile[None] PASSED [ 17%]
tests/test_worker_schema_compat.py::test_main_v4_imports_without_dropping_socket_or_profile[/tmp/legacy-main.sock] PASSED [ 17%]
tests/test_worker_schema_compat.py::test_plugin_v4_keeps_pinned_catalog_and_migrates_to_v5 PASSED [ 18%]
tests/test_worker_schema_compat.py::test_v4_hybrid_cannot_guess_between_independent_legacy_formats PASSED [ 18%]
tests/test_worker_schema_compat.py::test_both_socket_formats_reject_non_string_paths[1-v4] PASSED [ 18%]
tests/test_worker_schema_compat.py::test_both_socket_formats_reject_non_string_paths[1-v5] PASSED [ 18%]
tests/test_worker_schema_compat.py::test_both_socket_formats_reject_non_string_paths[True-v4] PASSED [ 18%]
tests/test_worker_schema_compat.py::test_both_socket_formats_reject_non_string_paths[True-v5] PASSED [ 18%]
tests/test_worker_schema_compat.py::test_both_socket_formats_reject_non_string_paths[invalid2-v4] PASSED [ 19%]
tests/test_worker_schema_compat.py::test_both_socket_formats_reject_non_string_paths[invalid2-v5] PASSED [ 19%]
tests/test_worker_schema_compat.py::test_incomplete_plugin_authority_is_rejected[v4] PASSED [ 19%]
tests/test_worker_schema_compat.py::test_incomplete_plugin_authority_is_rejected[v5] PASSED [ 19%]
tests/test_worker_schema_compat.py::test_unknown_main_v4_field_is_not_silently_dropped PASSED [ 19%]
tests/test_worker_schema_compat.py::test_v5_roundtrip_keeps_plugins_and_owner_identity_together PASSED [ 20%]
tests/test_worker_schema_compat.py::test_v6_roundtrip_uses_only_parent_relative_path_references PASSED [ 20%]
tests/test_worker_schema_compat.py::test_managed_bindings_use_additive_v7_v8_documents PASSED [ 20%]
tests/test_control_ir_compiler.py::test_public_compiler_consumes_typed_values_in_real_lowering_and_wire PASSED [ 20%]
tests/test_control_ir_compiler.py::test_author_input_is_detached_and_direct_constructor_rechecked PASSED [ 20%]
tests/test_control_ir_compiler.py::test_public_compiler_rejects_precise_author_errors[<lambda>-config_type_mismatch] PASSED [ 21%]
tests/test_control_ir_compiler.py::test_public_compiler_rejects_precise_author_errors[<lambda>-type_mismatch] PASSED [ 21%]
tests/test_control_ir_compiler.py::test_public_compiler_rejects_precise_author_errors[<lambda>-config_fields_mismatch] PASSED [ 21%]
tests/test_control_ir_compiler.py::test_public_compiler_rejects_precise_author_errors[<lambda>-outcome_routes_incomplete] PASSED [ 21%]
tests/test_control_ir_compiler.py::test_public_compiler_rejects_precise_author_errors[<lambda>-outcome_route_mismatch] PASSED [ 21%]
tests/test_control_ir_compiler.py::test_public_compiler_rejects_precise_author_errors[<lambda>-guard_bool_required] PASSED [ 22%]
tests/test_control_ir_compiler.py::test_public_compiler_rejects_precise_author_errors[<lambda>-invalid_arc_weight] PASSED [ 22%]
tests/test_control_ir_compiler.py::test_public_compiler_rejects_precise_author_errors[<lambda>-unknown_arc_semantics] PASSED [ 22%]
tests/test_control_ir_compiler.py::test_public_compiler_rejects_precise_author_errors[<lambda>-atomic_inventory_incomplete] PASSED [ 22%]
tests/test_control_ir_compiler.py::test_public_compiler_rejects_precise_author_errors[<lambda>-typed_config_placeholder_required] PASSED [ 22%]
tests/test_control_ir_compiler.py::test_public_compiler_rejects_precise_author_errors[<lambda>-division_by_zero] PASSED [ 23%]
tests/test_control_ir_compiler.py::test_public_compiler_rejects_precise_author_errors[<lambda>-unit_mismatch] PASSED [ 23%]
tests/test_control_ir_compiler.py::test_public_compiler_reports_capability_without_invoking_lower[<lambda>-mutable_read_set-NEW_VERSION_REQUIRED] PASSED [ 23%]
tests/test_control_ir_compiler.py::test_public_compiler_reports_capability_without_invoking_lower[<lambda>-runtime_guard-EXACT_ADAPTER_REQUIRED] PASSED [ 23%]
tests/test_control_ir_compiler.py::test_public_compiler_reports_capability_without_invoking_lower[<lambda>-author_module-UNSUPPORTED] PASSED [ 23%]
tests/test_control_ir_compiler.py::test_public_compiler_reports_capability_without_invoking_lower[<lambda>-observe_fact-EXACT_ADAPTER_REQUIRED] PASSED [ 24%]
tests/test_control_ir_compiler.py::test_public_compiler_reports_capability_without_invoking_lower[<lambda>-continuations-NEW_VERSION_REQUIRED] PASSED [ 24%]
tests/test_control_ir_compiler.py::test_public_compiler_reports_capability_without_invoking_lower[<lambda>-closures-NEW_VERSION_REQUIRED] PASSED [ 24%]
tests/test_control_ir_compiler.py::test_actual_host_lower_cannot_erase_occurrence_semantics[<lambda>0] PASSED [ 24%]
tests/test_control_ir_compiler.py::test_actual_host_lower_cannot_erase_occurrence_semantics[<lambda>1] PASSED [ 24%]
tests/test_control_ir_compiler.py::test_typed_lower_rejects_hidden_operation_and_transition PASSED [ 25%]
tests/test_control_ir_compiler.py::test_typed_int_config_never_inherits_legacy_numeric_coercion[lower] PASSED [ 25%]
tests/test_control_ir_compiler.py::test_typed_int_config_never_inherits_legacy_numeric_coercion[fragment] PASSED [ 25%]
tests/test_control_ir_compiler.py::test_typed_int_config_never_inherits_legacy_numeric_coercion[symbolic] PASSED [ 25%]
tests/test_control_ir_compiler.py::test_typed_wire_rejects_coercible_python_containers_before_callbacks[tuple] PASSED [ 25%]
tests/test_control_ir_compiler.py::test_typed_wire_rejects_coercible_python_containers_before_callbacks[subclass] PASSED [ 25%]
tests/test_control_ir_compiler.py::test_typed_wire_rejects_coercible_python_containers_before_callbacks[nested_subclass] PASSED [ 26%]
tests/test_control_ir_compiler.py::test_typed_compile_and_public_loader_preserve_local_recursive_schema_scopes PASSED [ 26%]
tests/test_control_ir_compiler.py::test_typed_remote_schema_references_reject_without_retrieval[compile] PASSED [ 26%]
tests/test_control_ir_compiler.py::test_typed_remote_schema_references_reject_without_retrieval[wire] PASSED [ 26%]
tests/test_control_ir_compiler.py::test_rehydration_checks_typed_proof_without_host_callbacks[author] PASSED [ 26%]
tests/test_control_ir_compiler.py::test_rehydration_checks_typed_proof_without_host_callbacks[evaluations] PASSED [ 27%]
tests/test_control_ir_compiler.py::test_rehydration_checks_typed_proof_without_host_callbacks[config] PASSED [ 27%]
tests/test_control_ir_compiler.py::test_rehydration_checks_typed_proof_without_host_callbacks[arc] PASSED [ 27%]
tests/test_control_ir_compiler.py::test_present_but_malformed_typed_proof_cannot_downgrade_to_legacy[None] PASSED [ 27%]
tests/test_control_ir_compiler.py::test_present_but_malformed_typed_proof_cannot_downgrade_to_legacy[proof1] PASSED [ 27%]
tests/test_control_ir_compiler.py::test_present_but_malformed_typed_proof_cannot_downgrade_to_legacy[proof2] PASSED [ 28%]
tests/test_control_ir_compiler.py::test_unknown_reserved_typed_family_version_never_falls_back[rpnh_control_ir_v2-load_compiled_net] PASSED [ 28%]
tests/test_control_ir_compiler.py::test_unknown_reserved_typed_family_version_never_falls_back[rpnh_control_ir_v2-load_compiled_control_net] PASSED [ 28%]
tests/test_control_ir_compiler.py::test_unknown_reserved_typed_family_version_never_falls_back[rpnh_control_ir_v1\n-load_compiled_net] PASSED [ 28%]
tests/test_control_ir_compiler.py::test_unknown_reserved_typed_family_version_never_falls_back[rpnh_control_ir_v1\n-load_compiled_control_net] PASSED [ 28%]
tests/test_control_ir_compiler.py::test_explicit_typed_reader_requires_proof_while_legacy_default_stays_usable PASSED [ 29%]
tests/test_control_ir_compiler.py::test_typed_detection_never_calls_nonstring_key_comparison[root-load_compiled_net] PASSED [ 29%]
tests/test_control_ir_compiler.py::test_typed_detection_never_calls_nonstring_key_comparison[root-load_compiled_control_net] PASSED [ 29%]
tests/test_control_ir_compiler.py::test_typed_detection_never_calls_nonstring_key_comparison[source-load_compiled_net] PASSED [ 29%]
tests/test_control_ir_compiler.py::test_typed_detection_never_calls_nonstring_key_comparison[source-load_compiled_control_net] PASSED [ 29%]
tests/test_control_ir_compiler.py::test_typed_detection_never_calls_nonstring_key_comparison[constraints-load_compiled_net] PASSED [ 30%]
tests/test_control_ir_compiler.py::test_typed_detection_never_calls_nonstring_key_comparison[constraints-load_compiled_control_net] PASSED [ 30%]
tests/test_control_ir_compiler.py::test_atomic_registration_rejects_before_gateway_or_executor PASSED [ 30%]
tests/test_control_ir_compiler.py::test_existing_module_v1_without_typed_opt_in_remains_usable PASSED [ 30%]
tests/test_control_ir_compiler.py::test_legacy_host_fragment_validator_keeps_original_call_signature PASSED [ 30%]
tests/test_control_ir_compiler.py::test_all_seven_complete_calls_reach_explicit_backend_rejection[Q.segment_compact] PASSED [ 31%]
tests/test_control_ir_compiler.py::test_all_seven_complete_calls_reach_explicit_backend_rejection[Q.length_call] PASSED [ 31%]
tests/test_control_ir_compiler.py::test_all_seven_complete_calls_reach_explicit_backend_rejection[Q.pressure_call] PASSED [ 31%]
tests/test_control_ir_compiler.py::test_all_seven_complete_calls_reach_explicit_backend_rejection[Q.normal_call] PASSED [ 31%]
tests/test_control_ir_compiler.py::test_all_seven_complete_calls_reach_explicit_backend_rejection[C.request_summary] PASSED [ 31%]
tests/test_control_ir_compiler.py::test_all_seven_complete_calls_reach_explicit_backend_rejection[N.adapter_call] PASSED [ 31%]
tests/test_control_ir_compiler.py::test_all_seven_complete_calls_reach_explicit_backend_rejection[M.observe_existing] PASSED [ 32%]
tests/test_control_ir_compiler.py::test_each_of_46_call_inputs_is_checked_by_real_compiler[type-Q.segment_compact-0] PASSED [ 32%]
tests/test_control_ir_compiler.py::test_each_of_46_call_inputs_is_checked_by_real_compiler[type-Q.segment_compact-1] PASSED [ 32%]
tests/test_control_ir_compiler.py::test_each_of_46_call_inputs_is_checked_by_real_compiler[type-Q.segment_compact-2] PASSED [ 32%]
tests/test_control_ir_compiler.py::test_each_of_46_call_inputs_is_checked_by_real_compiler[type-Q.segment_compact-3] PASSED [ 32%]
tests/test_control_ir_compiler.py::test_each_of_46_call_inputs_is_checked_by_real_compiler[type-Q.segment_compact-4] PASSED [ 33%]
tests/test_control_ir_compiler.py::test_each_of_46_call_inputs_is_checked_by_real_compiler[type-Q.segment_compact-5] PASSED [ 33%]
tests/test_control_ir_compiler.py::test_each_of_46_call_inputs_is_checked_by_real_compiler[type-Q.segment_compact-6] PASSED [ 33%]
tests/test_control_ir_compiler.py::test_each_of_46_call_inputs_is_checked_by_real_compiler[type-Q.length_call-0] PASSED [ 33%]
tests/test_control_ir_compiler.py::test_each_of_46_call_inputs_is_checked_by_real_compiler[type-Q.length_call-1] PASSED [ 33%]
tests/test_control_ir_compiler.py::test_each_of_46_call_inputs_is_checked_by_real_compiler[type-Q.length_call-2] PASSED [ 34%]
tests/test_control_ir_compiler.py::test_each_of_46_call_inputs_is_checked_by_real_compiler[type-Q.length_call-3] PASSED [ 34%]
tests/test_control_ir_compiler.py::test_each_of_46_call_inputs_is_checked_by_real_compiler[type-Q.length_call-4] PASSED [ 34%]
tests/test_control_ir_compiler.py::test_each_of_46_call_inputs_is_checked_by_real_compiler[type-Q.length_call-5] PASSED [ 34%]
tests/test_control_ir_compiler.py::test_each_of_46_call_inputs_is_checked_by_real_compiler[type-Q.length_call-6] PASSED [ 34%]
tests/test_control_ir_compiler.py::test_each_of_46_call_inputs_is_checked_by_real_compiler[type-Q.pressure_call-0] PASSED [ 35%]
tests/test_control_ir_compiler.py::test_each_of_46_call_inputs_is_checked_by_real_compiler[type-Q.pressure_call-1] PASSED [ 35%]
tests/test_control_ir_compiler.py::test_each_of_46_call_inputs_is_checked_by_real_compiler[type-Q.pressure_call-2] PASSED [ 35%]
tests/test_control_ir_compiler.py::test_each_of_46_call_inputs_is_checked_by_real_compiler[type-Q.pressure_call-3] PASSED [ 35%]
tests/test_control_ir_compiler.py::test_each_of_46_call_inputs_is_checked_by_real_compiler[type-Q.pressure_call-4] PASSED [ 35%]
tests/test_control_ir_compiler.py::test_each_of_46_call_inputs_is_checked_by_real_compiler[type-Q.pressure_call-5] PASSED [ 36%]
tests/test_control_ir_compiler.py::test_each_of_46_call_inputs_is_checked_by_real_compiler[type-Q.pressure_call-6] PASSED [ 36%]
tests/test_control_ir_compiler.py::test_each_of_46_call_inputs_is_checked_by_real_compiler[type-Q.normal_call-0] PASSED [ 36%]
tests/test_control_ir_compiler.py::test_each_of_46_call_inputs_is_checked_by_real_compiler[type-Q.normal_call-1] PASSED [ 36%]
tests/test_control_ir_compiler.py::test_each_of_46_call_inputs_is_checked_by_real_compiler[type-Q.normal_call-2] PASSED [ 36%]
tests/test_control_ir_compiler.py::test_each_of_46_call_inputs_is_checked_by_real_compiler[type-Q.normal_call-3] PASSED [ 37%]
tests/test_control_ir_compiler.py::test_each_of_46_call_inputs_is_checked_by_real_compiler[type-Q.normal_call-4] PASSED [ 37%]
tests/test_control_ir_compiler.py::test_each_of_46_call_inputs_is_checked_by_real_compiler[type-Q.normal_call-5] PASSED [ 37%]
tests/test_control_ir_compiler.py::test_each_of_46_call_inputs_is_checked_by_real_compiler[type-Q.normal_call-6] PASSED [ 37%]
tests/test_control_ir_compiler.py::test_each_of_46_call_inputs_is_checked_by_real_compiler[type-C.request_summary-0] PASSED [ 37%]
tests/test_control_ir_compiler.py::test_each_of_46_call_inputs_is_checked_by_real_compiler[type-C.request_summary-1] PASSED [ 37%]
tests/test_control_ir_compiler.py::test_each_of_46_call_inputs_is_checked_by_real_compiler[type-C.request_summary-2] PASSED [ 38%]
tests/test_control_ir_compiler.py::test_each_of_46_call_inputs_is_checked_by_real_compiler[type-C.request_summary-3] PASSED [ 38%]
tests/test_control_ir_compiler.py::test_each_of_46_call_inputs_is_checked_by_real_compiler[type-C.request_summary-4] PASSED [ 38%]
tests/test_control_ir_compiler.py::test_each_of_46_call_inputs_is_checked_by_real_compiler[type-C.request_summary-5] PASSED [ 38%]
tests/test_control_ir_compiler.py::test_each_of_46_call_inputs_is_checked_by_real_compiler[type-C.request_summary-6] PASSED [ 38%]
tests/test_control_ir_compiler.py::test_each_of_46_call_inputs_is_checked_by_real_compiler[type-N.adapter_call-0] PASSED [ 39%]
tests/test_control_ir_compiler.py::test_each_of_46_call_inputs_is_checked_by_real_compiler[type-N.adapter_call-1] PASSED [ 39%]
tests/test_control_ir_compiler.py::test_each_of_46_call_inputs_is_checked_by_real_compiler[type-N.adapter_call-2] PASSED [ 39%]
tests/test_control_ir_compiler.py::test_each_of_46_call_inputs_is_checked_by_real_compiler[type-N.adapter_call-3] PASSED [ 39%]
tests/test_control_ir_compiler.py::test_each_of_46_call_inputs_is_checked_by_real_compiler[type-N.adapter_call-4] PASSED [ 39%]
tests/test_control_ir_compiler.py::test_each_of_46_call_inputs_is_checked_by_real_compiler[type-N.adapter_call-5] PASSED [ 40%]
tests/test_control_ir_compiler.py::test_each_of_46_call_inputs_is_checked_by_real_compiler[type-M.observe_existing-0] PASSED [ 40%]
tests/test_control_ir_compiler.py::test_each_of_46_call_inputs_is_checked_by_real_compiler[type-M.observe_existing-1] PASSED [ 40%]
tests/test_control_ir_compiler.py::test_each_of_46_call_inputs_is_checked_by_real_compiler[type-M.observe_existing-2] PASSED [ 40%]
tests/test_control_ir_compiler.py::test_each_of_46_call_inputs_is_checked_by_real_compiler[type-M.observe_existing-3] PASSED [ 40%]
tests/test_control_ir_compiler.py::test_each_of_46_call_inputs_is_checked_by_real_compiler[type-M.observe_existing-4] PASSED [ 41%]
tests/test_control_ir_compiler.py::test_each_of_46_call_inputs_is_checked_by_real_compiler[mode-Q.segment_compact-0] PASSED [ 41%]
tests/test_control_ir_compiler.py::test_each_of_46_call_inputs_is_checked_by_real_compiler[mode-Q.segment_compact-1] PASSED [ 41%]
tests/test_control_ir_compiler.py::test_each_of_46_call_inputs_is_checked_by_real_compiler[mode-Q.segment_compact-2] PASSED [ 41%]
tests/test_control_ir_compiler.py::test_each_of_46_call_inputs_is_checked_by_real_compiler[mode-Q.segment_compact-3] PASSED [ 41%]
tests/test_control_ir_compiler.py::test_each_of_46_call_inputs_is_checked_by_real_compiler[mode-Q.segment_compact-4] PASSED [ 42%]
tests/test_control_ir_compiler.py::test_each_of_46_call_inputs_is_checked_by_real_compiler[mode-Q.segment_compact-5] PASSED [ 42%]
tests/test_control_ir_compiler.py::test_each_of_46_call_inputs_is_checked_by_real_compiler[mode-Q.segment_compact-6] PASSED [ 42%]
tests/test_control_ir_compiler.py::test_each_of_46_call_inputs_is_checked_by_real_compiler[mode-Q.length_call-0] PASSED [ 42%]
tests/test_control_ir_compiler.py::test_each_of_46_call_inputs_is_checked_by_real_compiler[mode-Q.length_call-1] PASSED [ 42%]
tests/test_control_ir_compiler.py::test_each_of_46_call_inputs_is_checked_by_real_compiler[mode-Q.length_call-2] PASSED [ 43%]
tests/test_control_ir_compiler.py::test_each_of_46_call_inputs_is_checked_by_real_compiler[mode-Q.length_call-3] PASSED [ 43%]
tests/test_control_ir_compiler.py::test_each_of_46_call_inputs_is_checked_by_real_compiler[mode-Q.length_call-4] PASSED [ 43%]
tests/test_control_ir_compiler.py::test_each_of_46_call_inputs_is_checked_by_real_compiler[mode-Q.length_call-5] PASSED [ 43%]
tests/test_control_ir_compiler.py::test_each_of_46_call_inputs_is_checked_by_real_compiler[mode-Q.length_call-6] PASSED [ 43%]
tests/test_control_ir_compiler.py::test_each_of_46_call_inputs_is_checked_by_real_compiler[mode-Q.pressure_call-0] PASSED [ 43%]
tests/test_control_ir_compiler.py::test_each_of_46_call_inputs_is_checked_by_real_compiler[mode-Q.pressure_call-1] PASSED [ 44%]
tests/test_control_ir_compiler.py::test_each_of_46_call_inputs_is_checked_by_real_compiler[mode-Q.pressure_call-2] PASSED [ 44%]
tests/test_control_ir_compiler.py::test_each_of_46_call_inputs_is_checked_by_real_compiler[mode-Q.pressure_call-3] PASSED [ 44%]
tests/test_control_ir_compiler.py::test_each_of_46_call_inputs_is_checked_by_real_compiler[mode-Q.pressure_call-4] PASSED [ 44%]
tests/test_control_ir_compiler.py::test_each_of_46_call_inputs_is_checked_by_real_compiler[mode-Q.pressure_call-5] PASSED [ 44%]
tests/test_control_ir_compiler.py::test_each_of_46_call_inputs_is_checked_by_real_compiler[mode-Q.pressure_call-6] PASSED [ 45%]
tests/test_control_ir_compiler.py::test_each_of_46_call_inputs_is_checked_by_real_compiler[mode-Q.normal_call-0] PASSED [ 45%]
tests/test_control_ir_compiler.py::test_each_of_46_call_inputs_is_checked_by_real_compiler[mode-Q.normal_call-1] PASSED [ 45%]
tests/test_control_ir_compiler.py::test_each_of_46_call_inputs_is_checked_by_real_compiler[mode-Q.normal_call-2] PASSED [ 45%]
tests/test_control_ir_compiler.py::test_each_of_46_call_inputs_is_checked_by_real_compiler[mode-Q.normal_call-3] PASSED [ 45%]
tests/test_control_ir_compiler.py::test_each_of_46_call_inputs_is_checked_by_real_compiler[mode-Q.normal_call-4] PASSED [ 46%]
tests/test_control_ir_compiler.py::test_each_of_46_call_inputs_is_checked_by_real_compiler[mode-Q.normal_call-5] PASSED [ 46%]
tests/test_control_ir_compiler.py::test_each_of_46_call_inputs_is_checked_by_real_compiler[mode-Q.normal_call-6] PASSED [ 46%]
tests/test_control_ir_compiler.py::test_each_of_46_call_inputs_is_checked_by_real_compiler[mode-C.request_summary-0] PASSED [ 46%]
tests/test_control_ir_compiler.py::test_each_of_46_call_inputs_is_checked_by_real_compiler[mode-C.request_summary-1] PASSED [ 46%]
tests/test_control_ir_compiler.py::test_each_of_46_call_inputs_is_checked_by_real_compiler[mode-C.request_summary-2] PASSED [ 47%]
tests/test_control_ir_compiler.py::test_each_of_46_call_inputs_is_checked_by_real_compiler[mode-C.request_summary-3] PASSED [ 47%]
tests/test_control_ir_compiler.py::test_each_of_46_call_inputs_is_checked_by_real_compiler[mode-C.request_summary-4] PASSED [ 47%]
tests/test_control_ir_compiler.py::test_each_of_46_call_inputs_is_checked_by_real_compiler[mode-C.request_summary-5] PASSED [ 47%]
tests/test_control_ir_compiler.py::test_each_of_46_call_inputs_is_checked_by_real_compiler[mode-C.request_summary-6] PASSED [ 47%]
tests/test_control_ir_compiler.py::test_each_of_46_call_inputs_is_checked_by_real_compiler[mode-N.adapter_call-0] PASSED [ 48%]
tests/test_control_ir_compiler.py::test_each_of_46_call_inputs_is_checked_by_real_compiler[mode-N.adapter_call-1] PASSED [ 48%]
tests/test_control_ir_compiler.py::test_each_of_46_call_inputs_is_checked_by_real_compiler[mode-N.adapter_call-2] PASSED [ 48%]
tests/test_control_ir_compiler.py::test_each_of_46_call_inputs_is_checked_by_real_compiler[mode-N.adapter_call-3] PASSED [ 48%]
tests/test_control_ir_compiler.py::test_each_of_46_call_inputs_is_checked_by_real_compiler[mode-N.adapter_call-4] PASSED [ 48%]
tests/test_control_ir_compiler.py::test_each_of_46_call_inputs_is_checked_by_real_compiler[mode-N.adapter_call-5] PASSED [ 49%]
tests/test_control_ir_compiler.py::test_each_of_46_call_inputs_is_checked_by_real_compiler[mode-M.observe_existing-0] PASSED [ 49%]
tests/test_control_ir_compiler.py::test_each_of_46_call_inputs_is_checked_by_real_compiler[mode-M.observe_existing-1] PASSED [ 49%]
tests/test_control_ir_compiler.py::test_each_of_46_call_inputs_is_checked_by_real_compiler[mode-M.observe_existing-2] PASSED [ 49%]
tests/test_control_ir_compiler.py::test_each_of_46_call_inputs_is_checked_by_real_compiler[mode-M.observe_existing-3] PASSED [ 49%]
tests/test_control_ir_compiler.py::test_each_of_46_call_inputs_is_checked_by_real_compiler[mode-M.observe_existing-4] PASSED [ 50%]
tests/test_control_ir_compiler.py::test_each_of_46_call_inputs_is_checked_by_real_compiler[source_path-Q.segment_compact-0] PASSED [ 50%]
tests/test_control_ir_compiler.py::test_each_of_46_call_inputs_is_checked_by_real_compiler[source_path-Q.segment_compact-1] PASSED [ 50%]
tests/test_control_ir_compiler.py::test_each_of_46_call_inputs_is_checked_by_real_compiler[source_path-Q.segment_compact-2] PASSED [ 50%]
tests/test_control_ir_compiler.py::test_each_of_46_call_inputs_is_checked_by_real_compiler[source_path-Q.segment_compact-3] PASSED [ 50%]
tests/test_control_ir_compiler.py::test_each_of_46_call_inputs_is_checked_by_real_compiler[source_path-Q.segment_compact-4] PASSED [ 50%]
tests/test_control_ir_compiler.py::test_each_of_46_call_inputs_is_checked_by_real_compiler[source_path-Q.segment_compact-5] PASSED [ 51%]
tests/test_control_ir_compiler.py::test_each_of_46_call_inputs_is_checked_by_real_compiler[source_path-Q.segment_compact-6] PASSED [ 51%]
tests/test_control_ir_compiler.py::test_each_of_46_call_inputs_is_checked_by_real_compiler[source_path-Q.length_call-0] PASSED [ 51%]
tests/test_control_ir_compiler.py::test_each_of_46_call_inputs_is_checked_by_real_compiler[source_path-Q.length_call-1] PASSED [ 51%]
tests/test_control_ir_compiler.py::test_each_of_46_call_inputs_is_checked_by_real_compiler[source_path-Q.length_call-2] PASSED [ 51%]
tests/test_control_ir_compiler.py::test_each_of_46_call_inputs_is_checked_by_real_compiler[source_path-Q.length_call-3] PASSED [ 52%]
tests/test_control_ir_compiler.py::test_each_of_46_call_inputs_is_checked_by_real_compiler[source_path-Q.length_call-4] PASSED [ 52%]
tests/test_control_ir_compiler.py::test_each_of_46_call_inputs_is_checked_by_real_compiler[source_path-Q.length_call-5] PASSED [ 52%]
tests/test_control_ir_compiler.py::test_each_of_46_call_inputs_is_checked_by_real_compiler[source_path-Q.length_call-6] PASSED [ 52%]
tests/test_control_ir_compiler.py::test_each_of_46_call_inputs_is_checked_by_real_compiler[source_path-Q.pressure_call-0] PASSED [ 52%]
tests/test_control_ir_compiler.py::test_each_of_46_call_inputs_is_checked_by_real_compiler[source_path-Q.pressure_call-1] PASSED [ 53%]
tests/test_control_ir_compiler.py::test_each_of_46_call_inputs_is_checked_by_real_compiler[source_path-Q.pressure_call-2] PASSED [ 53%]
tests/test_control_ir_compiler.py::test_each_of_46_call_inputs_is_checked_by_real_compiler[source_path-Q.pressure_call-3] PASSED [ 53%]
tests/test_control_ir_compiler.py::test_each_of_46_call_inputs_is_checked_by_real_compiler[source_path-Q.pressure_call-4] PASSED [ 53%]
tests/test_control_ir_compiler.py::test_each_of_46_call_inputs_is_checked_by_real_compiler[source_path-Q.pressure_call-5] PASSED [ 53%]
tests/test_control_ir_compiler.py::test_each_of_46_call_inputs_is_checked_by_real_compiler[source_path-Q.pressure_call-6] PASSED [ 54%]
tests/test_control_ir_compiler.py::test_each_of_46_call_inputs_is_checked_by_real_compiler[source_path-Q.normal_call-0] PASSED [ 54%]
tests/test_control_ir_compiler.py::test_each_of_46_call_inputs_is_checked_by_real_compiler[source_path-Q.normal_call-1] PASSED [ 54%]
tests/test_control_ir_compiler.py::test_each_of_46_call_inputs_is_checked_by_real_compiler[source_path-Q.normal_call-2] PASSED [ 54%]
tests/test_control_ir_compiler.py::test_each_of_46_call_inputs_is_checked_by_real_compiler[source_path-Q.normal_call-3] PASSED [ 54%]
tests/test_control_ir_compiler.py::test_each_of_46_call_inputs_is_checked_by_real_compiler[source_path-Q.normal_call-4] PASSED [ 55%]
tests/test_control_ir_compiler.py::test_each_of_46_call_inputs_is_checked_by_real_compiler[source_path-Q.normal_call-5] PASSED [ 55%]
tests/test_control_ir_compiler.py::test_each_of_46_call_inputs_is_checked_by_real_compiler[source_path-Q.normal_call-6] PASSED [ 55%]
tests/test_control_ir_compiler.py::test_each_of_46_call_inputs_is_checked_by_real_compiler[source_path-C.request_summary-0] PASSED [ 55%]
tests/test_control_ir_compiler.py::test_each_of_46_call_inputs_is_checked_by_real_compiler[source_path-C.request_summary-1] PASSED [ 55%]
tests/test_control_ir_compiler.py::test_each_of_46_call_inputs_is_checked_by_real_compiler[source_path-C.request_summary-2] PASSED [ 56%]
tests/test_control_ir_compiler.py::test_each_of_46_call_inputs_is_checked_by_real_compiler[source_path-C.request_summary-3] PASSED [ 56%]
tests/test_control_ir_compiler.py::test_each_of_46_call_inputs_is_checked_by_real_compiler[source_path-C.request_summary-4] PASSED [ 56%]
tests/test_control_ir_compiler.py::test_each_of_46_call_inputs_is_checked_by_real_compiler[source_path-C.request_summary-5] PASSED [ 56%]
tests/test_control_ir_compiler.py::test_each_of_46_call_inputs_is_checked_by_real_compiler[source_path-C.request_summary-6] PASSED [ 56%]
tests/test_control_ir_compiler.py::test_each_of_46_call_inputs_is_checked_by_real_compiler[source_path-N.adapter_call-0] PASSED [ 56%]
tests/test_control_ir_compiler.py::test_each_of_46_call_inputs_is_checked_by_real_compiler[source_path-N.adapter_call-1] PASSED [ 57%]
tests/test_control_ir_compiler.py::test_each_of_46_call_inputs_is_checked_by_real_compiler[source_path-N.adapter_call-2] PASSED [ 57%]
tests/test_control_ir_compiler.py::test_each_of_46_call_inputs_is_checked_by_real_compiler[source_path-N.adapter_call-3] PASSED [ 57%]
tests/test_control_ir_compiler.py::test_each_of_46_call_inputs_is_checked_by_real_compiler[source_path-N.adapter_call-4] PASSED [ 57%]
tests/test_control_ir_compiler.py::test_each_of_46_call_inputs_is_checked_by_real_compiler[source_path-N.adapter_call-5] PASSED [ 57%]
tests/test_control_ir_compiler.py::test_each_of_46_call_inputs_is_checked_by_real_compiler[source_path-M.observe_existing-0] PASSED [ 58%]
tests/test_control_ir_compiler.py::test_each_of_46_call_inputs_is_checked_by_real_compiler[source_path-M.observe_existing-1] PASSED [ 58%]
tests/test_control_ir_compiler.py::test_each_of_46_call_inputs_is_checked_by_real_compiler[source_path-M.observe_existing-2] PASSED [ 58%]
tests/test_control_ir_compiler.py::test_each_of_46_call_inputs_is_checked_by_real_compiler[source_path-M.observe_existing-3] PASSED [ 58%]
tests/test_control_ir_compiler.py::test_each_of_46_call_inputs_is_checked_by_real_compiler[source_path-M.observe_existing-4] PASSED [ 58%]
tests/test_control_ir_compiler.py::test_each_of_46_call_inputs_is_checked_by_real_compiler[default-Q.segment_compact-0] PASSED [ 59%]
tests/test_control_ir_compiler.py::test_each_of_46_call_inputs_is_checked_by_real_compiler[default-Q.segment_compact-1] PASSED [ 59%]
tests/test_control_ir_compiler.py::test_each_of_46_call_inputs_is_checked_by_real_compiler[default-Q.segment_compact-2] PASSED [ 59%]
tests/test_control_ir_compiler.py::test_each_of_46_call_inputs_is_checked_by_real_compiler[default-Q.segment_compact-3] PASSED [ 59%]
tests/test_control_ir_compiler.py::test_each_of_46_call_inputs_is_checked_by_real_compiler[default-Q.segment_compact-4] PASSED [ 59%]
tests/test_control_ir_compiler.py::test_each_of_46_call_inputs_is_checked_by_real_compiler[default-Q.segment_compact-5] PASSED [ 60%]
tests/test_control_ir_compiler.py::test_each_of_46_call_inputs_is_checked_by_real_compiler[default-Q.segment_compact-6] PASSED [ 60%]
tests/test_control_ir_compiler.py::test_each_of_46_call_inputs_is_checked_by_real_compiler[default-Q.length_call-0] PASSED [ 60%]
tests/test_control_ir_compiler.py::test_each_of_46_call_inputs_is_checked_by_real_compiler[default-Q.length_call-1] PASSED [ 60%]
tests/test_control_ir_compiler.py::test_each_of_46_call_inputs_is_checked_by_real_compiler[default-Q.length_call-2] PASSED [ 60%]
tests/test_control_ir_compiler.py::test_each_of_46_call_inputs_is_checked_by_real_compiler[default-Q.length_call-3] PASSED [ 61%]
tests/test_control_ir_compiler.py::test_each_of_46_call_inputs_is_checked_by_real_compiler[default-Q.length_call-4] PASSED [ 61%]
tests/test_control_ir_compiler.py::test_each_of_46_call_inputs_is_checked_by_real_compiler[default-Q.length_call-5] PASSED [ 61%]
tests/test_control_ir_compiler.py::test_each_of_46_call_inputs_is_checked_by_real_compiler[default-Q.length_call-6] PASSED [ 61%]
tests/test_control_ir_compiler.py::test_each_of_46_call_inputs_is_checked_by_real_compiler[default-Q.pressure_call-0] PASSED [ 61%]
tests/test_control_ir_compiler.py::test_each_of_46_call_inputs_is_checked_by_real_compiler[default-Q.pressure_call-1] PASSED [ 62%]
tests/test_control_ir_compiler.py::test_each_of_46_call_inputs_is_checked_by_real_compiler[default-Q.pressure_call-2] PASSED [ 62%]
tests/test_control_ir_compiler.py::test_each_of_46_call_inputs_is_checked_by_real_compiler[default-Q.pressure_call-3] PASSED [ 62%]
tests/test_control_ir_compiler.py::test_each_of_46_call_inputs_is_checked_by_real_compiler[default-Q.pressure_call-4] PASSED [ 62%]
tests/test_control_ir_compiler.py::test_each_of_46_call_inputs_is_checked_by_real_compiler[default-Q.pressure_call-5] PASSED [ 62%]
tests/test_control_ir_compiler.py::test_each_of_46_call_inputs_is_checked_by_real_compiler[default-Q.pressure_call-6] PASSED [ 62%]
tests/test_control_ir_compiler.py::test_each_of_46_call_inputs_is_checked_by_real_compiler[default-Q.normal_call-0] PASSED [ 63%]
tests/test_control_ir_compiler.py::test_each_of_46_call_inputs_is_checked_by_real_compiler[default-Q.normal_call-1] PASSED [ 63%]
tests/test_control_ir_compiler.py::test_each_of_46_call_inputs_is_checked_by_real_compiler[default-Q.normal_call-2] PASSED [ 63%]
tests/test_control_ir_compiler.py::test_each_of_46_call_inputs_is_checked_by_real_compiler[default-Q.normal_call-3] PASSED [ 63%]
tests/test_control_ir_compiler.py::test_each_of_46_call_inputs_is_checked_by_real_compiler[default-Q.normal_call-4] PASSED [ 63%]
tests/test_control_ir_compiler.py::test_each_of_46_call_inputs_is_checked_by_real_compiler[default-Q.normal_call-5] PASSED [ 64%]
tests/test_control_ir_compiler.py::test_each_of_46_call_inputs_is_checked_by_real_compiler[default-Q.normal_call-6] PASSED [ 64%]
tests/test_control_ir_compiler.py::test_each_of_46_call_inputs_is_checked_by_real_compiler[default-C.request_summary-0] PASSED [ 64%]
tests/test_control_ir_compiler.py::test_each_of_46_call_inputs_is_checked_by_real_compiler[default-C.request_summary-1] PASSED [ 64%]
tests/test_control_ir_compiler.py::test_each_of_46_call_inputs_is_checked_by_real_compiler[default-C.request_summary-2] PASSED [ 64%]
tests/test_control_ir_compiler.py::test_each_of_46_call_inputs_is_checked_by_real_compiler[default-C.request_summary-3] PASSED [ 65%]
tests/test_control_ir_compiler.py::test_each_of_46_call_inputs_is_checked_by_real_compiler[default-C.request_summary-4] PASSED [ 65%]
tests/test_control_ir_compiler.py::test_each_of_46_call_inputs_is_checked_by_real_compiler[default-C.request_summary-5] PASSED [ 65%]
tests/test_control_ir_compiler.py::test_each_of_46_call_inputs_is_checked_by_real_compiler[default-C.request_summary-6] PASSED [ 65%]
tests/test_control_ir_compiler.py::test_each_of_46_call_inputs_is_checked_by_real_compiler[default-N.adapter_call-0] PASSED [ 65%]
tests/test_control_ir_compiler.py::test_each_of_46_call_inputs_is_checked_by_real_compiler[default-N.adapter_call-1] PASSED [ 66%]
tests/test_control_ir_compiler.py::test_each_of_46_call_inputs_is_checked_by_real_compiler[default-N.adapter_call-2] PASSED [ 66%]
tests/test_control_ir_compiler.py::test_each_of_46_call_inputs_is_checked_by_real_compiler[default-N.adapter_call-3] PASSED [ 66%]
tests/test_control_ir_compiler.py::test_each_of_46_call_inputs_is_checked_by_real_compiler[default-N.adapter_call-4] PASSED [ 66%]
tests/test_control_ir_compiler.py::test_each_of_46_call_inputs_is_checked_by_real_compiler[default-N.adapter_call-5] PASSED [ 66%]
tests/test_control_ir_compiler.py::test_each_of_46_call_inputs_is_checked_by_real_compiler[default-M.observe_existing-0] PASSED [ 67%]
tests/test_control_ir_compiler.py::test_each_of_46_call_inputs_is_checked_by_real_compiler[default-M.observe_existing-1] PASSED [ 67%]
tests/test_control_ir_compiler.py::test_each_of_46_call_inputs_is_checked_by_real_compiler[default-M.observe_existing-2] PASSED [ 67%]
tests/test_control_ir_compiler.py::test_each_of_46_call_inputs_is_checked_by_real_compiler[default-M.observe_existing-3] PASSED [ 67%]
tests/test_control_ir_compiler.py::test_each_of_46_call_inputs_is_checked_by_real_compiler[default-M.observe_existing-4] PASSED [ 67%]
tests/test_control_ir_compiler.py::test_each_of_46_call_inputs_is_checked_by_real_compiler[omission_allowed-Q.segment_compact-0] PASSED [ 68%]
tests/test_control_ir_compiler.py::test_each_of_46_call_inputs_is_checked_by_real_compiler[omission_allowed-Q.segment_compact-1] PASSED [ 68%]
tests/test_control_ir_compiler.py::test_each_of_46_call_inputs_is_checked_by_real_compiler[omission_allowed-Q.segment_compact-2] PASSED [ 68%]
tests/test_control_ir_compiler.py::test_each_of_46_call_inputs_is_checked_by_real_compiler[omission_allowed-Q.segment_compact-3] PASSED [ 68%]
tests/test_control_ir_compiler.py::test_each_of_46_call_inputs_is_checked_by_real_compiler[omission_allowed-Q.segment_compact-4] PASSED [ 68%]
tests/test_control_ir_compiler.py::test_each_of_46_call_inputs_is_checked_by_real_compiler[omission_allowed-Q.segment_compact-5] PASSED [ 68%]
tests/test_control_ir_compiler.py::test_each_of_46_call_inputs_is_checked_by_real_compiler[omission_allowed-Q.segment_compact-6] PASSED [ 69%]
tests/test_control_ir_compiler.py::test_each_of_46_call_inputs_is_checked_by_real_compiler[omission_allowed-Q.length_call-0] PASSED [ 69%]
tests/test_control_ir_compiler.py::test_each_of_46_call_inputs_is_checked_by_real_compiler[omission_allowed-Q.length_call-1] PASSED [ 69%]
tests/test_control_ir_compiler.py::test_each_of_46_call_inputs_is_checked_by_real_compiler[omission_allowed-Q.length_call-2] PASSED [ 69%]
tests/test_control_ir_compiler.py::test_each_of_46_call_inputs_is_checked_by_real_compiler[omission_allowed-Q.length_call-3] PASSED [ 69%]
tests/test_control_ir_compiler.py::test_each_of_46_call_inputs_is_checked_by_real_compiler[omission_allowed-Q.length_call-4] PASSED [ 70%]
tests/test_control_ir_compiler.py::test_each_of_46_call_inputs_is_checked_by_real_compiler[omission_allowed-Q.length_call-5] PASSED [ 70%]
tests/test_control_ir_compiler.py::test_each_of_46_call_inputs_is_checked_by_real_compiler[omission_allowed-Q.length_call-6] PASSED [ 70%]
tests/test_control_ir_compiler.py::test_each_of_46_call_inputs_is_checked_by_real_compiler[omission_allowed-Q.pressure_call-0] PASSED [ 70%]
tests/test_control_ir_compiler.py::test_each_of_46_call_inputs_is_checked_by_real_compiler[omission_allowed-Q.pressure_call-1] PASSED [ 70%]
tests/test_control_ir_compiler.py::test_each_of_46_call_inputs_is_checked_by_real_compiler[omission_allowed-Q.pressure_call-2] PASSED [ 71%]
tests/test_control_ir_compiler.py::test_each_of_46_call_inputs_is_checked_by_real_compiler[omission_allowed-Q.pressure_call-3] PASSED [ 71%]
tests/test_control_ir_compiler.py::test_each_of_46_call_inputs_is_checked_by_real_compiler[omission_allowed-Q.pressure_call-4] PASSED [ 71%]
tests/test_control_ir_compiler.py::test_each_of_46_call_inputs_is_checked_by_real_compiler[omission_allowed-Q.pressure_call-5] PASSED [ 71%]
tests/test_control_ir_compiler.py::test_each_of_46_call_inputs_is_checked_by_real_compiler[omission_allowed-Q.pressure_call-6] PASSED [ 71%]
tests/test_control_ir_compiler.py::test_each_of_46_call_inputs_is_checked_by_real_compiler[omission_allowed-Q.normal_call-0] PASSED [ 72%]
tests/test_control_ir_compiler.py::test_each_of_46_call_inputs_is_checked_by_real_compiler[omission_allowed-Q.normal_call-1] PASSED [ 72%]
tests/test_control_ir_compiler.py::test_each_of_46_call_inputs_is_checked_by_real_compiler[omission_allowed-Q.normal_call-2] PASSED [ 72%]
tests/test_control_ir_compiler.py::test_each_of_46_call_inputs_is_checked_by_real_compiler[omission_allowed-Q.normal_call-3] PASSED [ 72%]
tests/test_control_ir_compiler.py::test_each_of_46_call_inputs_is_checked_by_real_compiler[omission_allowed-Q.normal_call-4] PASSED [ 72%]
tests/test_control_ir_compiler.py::test_each_of_46_call_inputs_is_checked_by_real_compiler[omission_allowed-Q.normal_call-5] PASSED [ 73%]
tests/test_control_ir_compiler.py::test_each_of_46_call_inputs_is_checked_by_real_compiler[omission_allowed-Q.normal_call-6] PASSED [ 73%]
tests/test_control_ir_compiler.py::test_each_of_46_call_inputs_is_checked_by_real_compiler[omission_allowed-C.request_summary-0] PASSED [ 73%]
tests/test_control_ir_compiler.py::test_each_of_46_call_inputs_is_checked_by_real_compiler[omission_allowed-C.request_summary-1] PASSED [ 73%]
tests/test_control_ir_compiler.py::test_each_of_46_call_inputs_is_checked_by_real_compiler[omission_allowed-C.request_summary-2] PASSED [ 73%]
tests/test_control_ir_compiler.py::test_each_of_46_call_inputs_is_checked_by_real_compiler[omission_allowed-C.request_summary-3] PASSED [ 74%]
tests/test_control_ir_compiler.py::test_each_of_46_call_inputs_is_checked_by_real_compiler[omission_allowed-C.request_summary-4] PASSED [ 74%]
tests/test_control_ir_compiler.py::test_each_of_46_call_inputs_is_checked_by_real_compiler[omission_allowed-C.request_summary-5] PASSED [ 74%]
tests/test_control_ir_compiler.py::test_each_of_46_call_inputs_is_checked_by_real_compiler[omission_allowed-C.request_summary-6] PASSED [ 74%]
tests/test_control_ir_compiler.py::test_each_of_46_call_inputs_is_checked_by_real_compiler[omission_allowed-N.adapter_call-0] PASSED [ 74%]
tests/test_control_ir_compiler.py::test_each_of_46_call_inputs_is_checked_by_real_compiler[omission_allowed-N.adapter_call-1] PASSED [ 75%]
tests/test_control_ir_compiler.py::test_each_of_46_call_inputs_is_checked_by_real_compiler[omission_allowed-N.adapter_call-2] PASSED [ 75%]
tests/test_control_ir_compiler.py::test_each_of_46_call_inputs_is_checked_by_real_compiler[omission_allowed-N.adapter_call-3] PASSED [ 75%]
tests/test_control_ir_compiler.py::test_each_of_46_call_inputs_is_checked_by_real_compiler[omission_allowed-N.adapter_call-4] PASSED [ 75%]
tests/test_control_ir_compiler.py::test_each_of_46_call_inputs_is_checked_by_real_compiler[omission_allowed-N.adapter_call-5] PASSED [ 75%]
tests/test_control_ir_compiler.py::test_each_of_46_call_inputs_is_checked_by_real_compiler[omission_allowed-M.observe_existing-0] PASSED [ 75%]
tests/test_control_ir_compiler.py::test_each_of_46_call_inputs_is_checked_by_real_compiler[omission_allowed-M.observe_existing-1] PASSED [ 76%]
tests/test_control_ir_compiler.py::test_each_of_46_call_inputs_is_checked_by_real_compiler[omission_allowed-M.observe_existing-2] PASSED [ 76%]
tests/test_control_ir_compiler.py::test_each_of_46_call_inputs_is_checked_by_real_compiler[omission_allowed-M.observe_existing-3] PASSED [ 76%]
tests/test_control_ir_compiler.py::test_each_of_46_call_inputs_is_checked_by_real_compiler[omission_allowed-M.observe_existing-4] PASSED [ 76%]
tests/test_control_ir_compiler.py::test_each_of_35_call_returns_is_checked_by_real_compiler[required_payload_fields-Q.segment_compact-0] PASSED [ 76%]
tests/test_control_ir_compiler.py::test_each_of_35_call_returns_is_checked_by_real_compiler[required_payload_fields-Q.segment_compact-1] PASSED [ 77%]
tests/test_control_ir_compiler.py::test_each_of_35_call_returns_is_checked_by_real_compiler[required_payload_fields-Q.segment_compact-2] PASSED [ 77%]
tests/test_control_ir_compiler.py::test_each_of_35_call_returns_is_checked_by_real_compiler[required_payload_fields-Q.segment_compact-3] PASSED [ 77%]
tests/test_control_ir_compiler.py::test_each_of_35_call_returns_is_checked_by_real_compiler[required_payload_fields-Q.segment_compact-4] PASSED [ 77%]
tests/test_control_ir_compiler.py::test_each_of_35_call_returns_is_checked_by_real_compiler[required_payload_fields-Q.length_call-0] PASSED [ 77%]
tests/test_control_ir_compiler.py::test_each_of_35_call_returns_is_checked_by_real_compiler[required_payload_fields-Q.length_call-1] PASSED [ 78%]
tests/test_control_ir_compiler.py::test_each_of_35_call_returns_is_checked_by_real_compiler[required_payload_fields-Q.length_call-2] PASSED [ 78%]
tests/test_control_ir_compiler.py::test_each_of_35_call_returns_is_checked_by_real_compiler[required_payload_fields-Q.length_call-3] PASSED [ 78%]
tests/test_control_ir_compiler.py::test_each_of_35_call_returns_is_checked_by_real_compiler[required_payload_fields-Q.length_call-4] PASSED [ 78%]
tests/test_control_ir_compiler.py::test_each_of_35_call_returns_is_checked_by_real_compiler[required_payload_fields-Q.pressure_call-0] PASSED [ 78%]
tests/test_control_ir_compiler.py::test_each_of_35_call_returns_is_checked_by_real_compiler[required_payload_fields-Q.pressure_call-1] PASSED [ 79%]
tests/test_control_ir_compiler.py::test_each_of_35_call_returns_is_checked_by_real_compiler[required_payload_fields-Q.pressure_call-2] PASSED [ 79%]
tests/test_control_ir_compiler.py::test_each_of_35_call_returns_is_checked_by_real_compiler[required_payload_fields-Q.pressure_call-3] PASSED [ 79%]
tests/test_control_ir_compiler.py::test_each_of_35_call_returns_is_checked_by_real_compiler[required_payload_fields-Q.pressure_call-4] PASSED [ 79%]
tests/test_control_ir_compiler.py::test_each_of_35_call_returns_is_checked_by_real_compiler[required_payload_fields-Q.normal_call-0] PASSED [ 79%]
tests/test_control_ir_compiler.py::test_each_of_35_call_returns_is_checked_by_real_compiler[required_payload_fields-Q.normal_call-1] PASSED [ 80%]
tests/test_control_ir_compiler.py::test_each_of_35_call_returns_is_checked_by_real_compiler[required_payload_fields-Q.normal_call-2] PASSED [ 80%]
tests/test_control_ir_compiler.py::test_each_of_35_call_returns_is_checked_by_real_compiler[required_payload_fields-Q.normal_call-3] PASSED [ 80%]
tests/test_control_ir_compiler.py::test_each_of_35_call_returns_is_checked_by_real_compiler[required_payload_fields-Q.normal_call-4] PASSED [ 80%]
tests/test_control_ir_compiler.py::test_each_of_35_call_returns_is_checked_by_real_compiler[required_payload_fields-C.request_summary-0] PASSED [ 80%]
tests/test_control_ir_compiler.py::test_each_of_35_call_returns_is_checked_by_real_compiler[required_payload_fields-C.request_summary-1] PASSED [ 81%]
tests/test_control_ir_compiler.py::test_each_of_35_call_returns_is_checked_by_real_compiler[required_payload_fields-C.request_summary-2] PASSED [ 81%]
tests/test_control_ir_compiler.py::test_each_of_35_call_returns_is_checked_by_real_compiler[required_payload_fields-C.request_summary-3] PASSED [ 81%]
tests/test_control_ir_compiler.py::test_each_of_35_call_returns_is_checked_by_real_compiler[required_payload_fields-C.request_summary-4] PASSED [ 81%]
tests/test_control_ir_compiler.py::test_each_of_35_call_returns_is_checked_by_real_compiler[required_payload_fields-N.adapter_call-0] PASSED [ 81%]
tests/test_control_ir_compiler.py::test_each_of_35_call_returns_is_checked_by_real_compiler[required_payload_fields-N.adapter_call-1] PASSED [ 81%]
tests/test_control_ir_compiler.py::test_each_of_35_call_returns_is_checked_by_real_compiler[required_payload_fields-N.adapter_call-2] PASSED [ 82%]
tests/test_control_ir_compiler.py::test_each_of_35_call_returns_is_checked_by_real_compiler[required_payload_fields-N.adapter_call-3] PASSED [ 82%]
tests/test_control_ir_compiler.py::test_each_of_35_call_returns_is_checked_by_real_compiler[required_payload_fields-N.adapter_call-4] PASSED [ 82%]
tests/test_control_ir_compiler.py::test_each_of_35_call_returns_is_checked_by_real_compiler[required_payload_fields-M.observe_existing-0] PASSED [ 82%]
tests/test_control_ir_compiler.py::test_each_of_35_call_returns_is_checked_by_real_compiler[required_payload_fields-M.observe_existing-1] PASSED [ 82%]
tests/test_control_ir_compiler.py::test_each_of_35_call_returns_is_checked_by_real_compiler[required_payload_fields-M.observe_existing-2] PASSED [ 83%]
tests/test_control_ir_compiler.py::test_each_of_35_call_returns_is_checked_by_real_compiler[required_payload_fields-M.observe_existing-3] PASSED [ 83%]
tests/test_control_ir_compiler.py::test_each_of_35_call_returns_is_checked_by_real_compiler[required_payload_fields-M.observe_existing-4] PASSED [ 83%]
tests/test_control_ir_compiler.py::test_each_of_35_call_returns_is_checked_by_real_compiler[parent_destination-Q.segment_compact-0] PASSED [ 83%]
tests/test_control_ir_compiler.py::test_each_of_35_call_returns_is_checked_by_real_compiler[parent_destination-Q.segment_compact-1] PASSED [ 83%]
tests/test_control_ir_compiler.py::test_each_of_35_call_returns_is_checked_by_real_compiler[parent_destination-Q.segment_compact-2] PASSED [ 84%]
tests/test_control_ir_compiler.py::test_each_of_35_call_returns_is_checked_by_real_compiler[parent_destination-Q.segment_compact-3] PASSED [ 84%]
tests/test_control_ir_compiler.py::test_each_of_35_call_returns_is_checked_by_real_compiler[parent_destination-Q.segment_compact-4] PASSED [ 84%]
tests/test_control_ir_compiler.py::test_each_of_35_call_returns_is_checked_by_real_compiler[parent_destination-Q.length_call-0] PASSED [ 84%]
tests/test_control_ir_compiler.py::test_each_of_35_call_returns_is_checked_by_real_compiler[parent_destination-Q.length_call-1] PASSED [ 84%]
tests/test_control_ir_compiler.py::test_each_of_35_call_returns_is_checked_by_real_compiler[parent_destination-Q.length_call-2] PASSED [ 85%]
tests/test_control_ir_compiler.py::test_each_of_35_call_returns_is_checked_by_real_compiler[parent_destination-Q.length_call-3] PASSED [ 85%]
tests/test_control_ir_compiler.py::test_each_of_35_call_returns_is_checked_by_real_compiler[parent_destination-Q.length_call-4] PASSED [ 85%]
tests/test_control_ir_compiler.py::test_each_of_35_call_returns_is_checked_by_real_compiler[parent_destination-Q.pressure_call-0] PASSED [ 85%]
tests/test_control_ir_compiler.py::test_each_of_35_call_returns_is_checked_by_real_compiler[parent_destination-Q.pressure_call-1] PASSED [ 85%]
tests/test_control_ir_compiler.py::test_each_of_35_call_returns_is_checked_by_real_compiler[parent_destination-Q.pressure_call-2] PASSED [ 86%]
tests/test_control_ir_compiler.py::test_each_of_35_call_returns_is_checked_by_real_compiler[parent_destination-Q.pressure_call-3] PASSED [ 86%]
tests/test_control_ir_compiler.py::test_each_of_35_call_returns_is_checked_by_real_compiler[parent_destination-Q.pressure_call-4] PASSED [ 86%]
tests/test_control_ir_compiler.py::test_each_of_35_call_returns_is_checked_by_real_compiler[parent_destination-Q.normal_call-0] PASSED [ 86%]
tests/test_control_ir_compiler.py::test_each_of_35_call_returns_is_checked_by_real_compiler[parent_destination-Q.normal_call-1] PASSED [ 86%]
tests/test_control_ir_compiler.py::test_each_of_35_call_returns_is_checked_by_real_compiler[parent_destination-Q.normal_call-2] PASSED [ 87%]
tests/test_control_ir_compiler.py::test_each_of_35_call_returns_is_checked_by_real_compiler[parent_destination-Q.normal_call-3] PASSED [ 87%]
tests/test_control_ir_compiler.py::test_each_of_35_call_returns_is_checked_by_real_compiler[parent_destination-Q.normal_call-4] PASSED [ 87%]
tests/test_control_ir_compiler.py::test_each_of_35_call_returns_is_checked_by_real_compiler[parent_destination-C.request_summary-0] PASSED [ 87%]
tests/test_control_ir_compiler.py::test_each_of_35_call_returns_is_checked_by_real_compiler[parent_destination-C.request_summary-1] PASSED [ 87%]
tests/test_control_ir_compiler.py::test_each_of_35_call_returns_is_checked_by_real_compiler[parent_destination-C.request_summary-2] PASSED [ 87%]
tests/test_control_ir_compiler.py::test_each_of_35_call_returns_is_checked_by_real_compiler[parent_destination-C.request_summary-3] PASSED [ 88%]
tests/test_control_ir_compiler.py::test_each_of_35_call_returns_is_checked_by_real_compiler[parent_destination-C.request_summary-4] PASSED [ 88%]
tests/test_control_ir_compiler.py::test_each_of_35_call_returns_is_checked_by_real_compiler[parent_destination-N.adapter_call-0] PASSED [ 88%]
tests/test_control_ir_compiler.py::test_each_of_35_call_returns_is_checked_by_real_compiler[parent_destination-N.adapter_call-1] PASSED [ 88%]
tests/test_control_ir_compiler.py::test_each_of_35_call_returns_is_checked_by_real_compiler[parent_destination-N.adapter_call-2] PASSED [ 88%]
tests/test_control_ir_compiler.py::test_each_of_35_call_returns_is_checked_by_real_compiler[parent_destination-N.adapter_call-3] PASSED [ 89%]
tests/test_control_ir_compiler.py::test_each_of_35_call_returns_is_checked_by_real_compiler[parent_destination-N.adapter_call-4] PASSED [ 89%]
tests/test_control_ir_compiler.py::test_each_of_35_call_returns_is_checked_by_real_compiler[parent_destination-M.observe_existing-0] PASSED [ 89%]
tests/test_control_ir_compiler.py::test_each_of_35_call_returns_is_checked_by_real_compiler[parent_destination-M.observe_existing-1] PASSED [ 89%]
tests/test_control_ir_compiler.py::test_each_of_35_call_returns_is_checked_by_real_compiler[parent_destination-M.observe_existing-2] PASSED [ 89%]
tests/test_control_ir_compiler.py::test_each_of_35_call_returns_is_checked_by_real_compiler[parent_destination-M.observe_existing-3] PASSED [ 90%]
tests/test_control_ir_compiler.py::test_each_of_35_call_returns_is_checked_by_real_compiler[parent_destination-M.observe_existing-4] PASSED [ 90%]
tests/test_control_ir_compiler.py::test_each_of_35_call_returns_is_checked_by_real_compiler[parent_case_updates-Q.segment_compact-0] PASSED [ 90%]
tests/test_control_ir_compiler.py::test_each_of_35_call_returns_is_checked_by_real_compiler[parent_case_updates-Q.segment_compact-1] PASSED [ 90%]
tests/test_control_ir_compiler.py::test_each_of_35_call_returns_is_checked_by_real_compiler[parent_case_updates-Q.segment_compact-2] PASSED [ 90%]
tests/test_control_ir_compiler.py::test_each_of_35_call_returns_is_checked_by_real_compiler[parent_case_updates-Q.segment_compact-3] PASSED [ 91%]
tests/test_control_ir_compiler.py::test_each_of_35_call_returns_is_checked_by_real_compiler[parent_case_updates-Q.segment_compact-4] PASSED [ 91%]
tests/test_control_ir_compiler.py::test_each_of_35_call_returns_is_checked_by_real_compiler[parent_case_updates-Q.length_call-0] PASSED [ 91%]
tests/test_control_ir_compiler.py::test_each_of_35_call_returns_is_checked_by_real_compiler[parent_case_updates-Q.length_call-1] PASSED [ 91%]
tests/test_control_ir_compiler.py::test_each_of_35_call_returns_is_checked_by_real_compiler[parent_case_updates-Q.length_call-2] PASSED [ 91%]
tests/test_control_ir_compiler.py::test_each_of_35_call_returns_is_checked_by_real_compiler[parent_case_updates-Q.length_call-3] PASSED [ 92%]
tests/test_control_ir_compiler.py::test_each_of_35_call_returns_is_checked_by_real_compiler[parent_case_updates-Q.length_call-4] PASSED [ 92%]
tests/test_control_ir_compiler.py::test_each_of_35_call_returns_is_checked_by_real_compiler[parent_case_updates-Q.pressure_call-0] PASSED [ 92%]
tests/test_control_ir_compiler.py::test_each_of_35_call_returns_is_checked_by_real_compiler[parent_case_updates-Q.pressure_call-1] PASSED [ 92%]
tests/test_control_ir_compiler.py::test_each_of_35_call_returns_is_checked_by_real_compiler[parent_case_updates-Q.pressure_call-2] PASSED [ 92%]
tests/test_control_ir_compiler.py::test_each_of_35_call_returns_is_checked_by_real_compiler[parent_case_updates-Q.pressure_call-3] PASSED [ 93%]
tests/test_control_ir_compiler.py::test_each_of_35_call_returns_is_checked_by_real_compiler[parent_case_updates-Q.pressure_call-4] PASSED [ 93%]
tests/test_control_ir_compiler.py::test_each_of_35_call_returns_is_checked_by_real_compiler[parent_case_updates-Q.normal_call-0] PASSED [ 93%]
tests/test_control_ir_compiler.py::test_each_of_35_call_returns_is_checked_by_real_compiler[parent_case_updates-Q.normal_call-1] PASSED [ 93%]
tests/test_control_ir_compiler.py::test_each_of_35_call_returns_is_checked_by_real_compiler[parent_case_updates-Q.normal_call-2] PASSED [ 93%]
tests/test_control_ir_compiler.py::test_each_of_35_call_returns_is_checked_by_real_compiler[parent_case_updates-Q.normal_call-3] PASSED [ 93%]
tests/test_control_ir_compiler.py::test_each_of_35_call_returns_is_checked_by_real_compiler[parent_case_updates-Q.normal_call-4] PASSED [ 94%]
tests/test_control_ir_compiler.py::test_each_of_35_call_returns_is_checked_by_real_compiler[parent_case_updates-C.request_summary-0] PASSED [ 94%]
tests/test_control_ir_compiler.py::test_each_of_35_call_returns_is_checked_by_real_compiler[parent_case_updates-C.request_summary-1] PASSED [ 94%]
tests/test_control_ir_compiler.py::test_each_of_35_call_returns_is_checked_by_real_compiler[parent_case_updates-C.request_summary-2] PASSED [ 94%]
tests/test_control_ir_compiler.py::test_each_of_35_call_returns_is_checked_by_real_compiler[parent_case_updates-C.request_summary-3] PASSED [ 94%]
tests/test_control_ir_compiler.py::test_each_of_35_call_returns_is_checked_by_real_compiler[parent_case_updates-C.request_summary-4] PASSED [ 95%]
tests/test_control_ir_compiler.py::test_each_of_35_call_returns_is_checked_by_real_compiler[parent_case_updates-N.adapter_call-0] PASSED [ 95%]
tests/test_control_ir_compiler.py::test_each_of_35_call_returns_is_checked_by_real_compiler[parent_case_updates-N.adapter_call-1] PASSED [ 95%]
tests/test_control_ir_compiler.py::test_each_of_35_call_returns_is_checked_by_real_compiler[parent_case_updates-N.adapter_call-2] PASSED [ 95%]
tests/test_control_ir_compiler.py::test_each_of_35_call_returns_is_checked_by_real_compiler[parent_case_updates-N.adapter_call-3] PASSED [ 95%]
tests/test_control_ir_compiler.py::test_each_of_35_call_returns_is_checked_by_real_compiler[parent_case_updates-N.adapter_call-4] PASSED [ 96%]
tests/test_control_ir_compiler.py::test_each_of_35_call_returns_is_checked_by_real_compiler[parent_case_updates-M.observe_existing-0] PASSED [ 96%]
tests/test_control_ir_compiler.py::test_each_of_35_call_returns_is_checked_by_real_compiler[parent_case_updates-M.observe_existing-1] PASSED [ 96%]
tests/test_control_ir_compiler.py::test_each_of_35_call_returns_is_checked_by_real_compiler[parent_case_updates-M.observe_existing-2] PASSED [ 96%]
tests/test_control_ir_compiler.py::test_each_of_35_call_returns_is_checked_by_real_compiler[parent_case_updates-M.observe_existing-3] PASSED [ 96%]
tests/test_control_ir_compiler.py::test_each_of_35_call_returns_is_checked_by_real_compiler[parent_case_updates-M.observe_existing-4] PASSED [ 97%]
tests/test_control_ir_compiler.py::test_missing_call_port_or_return_never_becomes_backend_success[inputs-Q.segment_compact] PASSED [ 97%]
tests/test_control_ir_compiler.py::test_missing_call_port_or_return_never_becomes_backend_success[inputs-Q.length_call] PASSED [ 97%]
tests/test_control_ir_compiler.py::test_missing_call_port_or_return_never_becomes_backend_success[inputs-Q.pressure_call] PASSED [ 97%]
tests/test_control_ir_compiler.py::test_missing_call_port_or_return_never_becomes_backend_success[inputs-Q.normal_call] PASSED [ 97%]
tests/test_control_ir_compiler.py::test_missing_call_port_or_return_never_becomes_backend_success[inputs-C.request_summary] PASSED [ 98%]
tests/test_control_ir_compiler.py::test_missing_call_port_or_return_never_becomes_backend_success[inputs-N.adapter_call] PASSED [ 98%]
tests/test_control_ir_compiler.py::test_missing_call_port_or_return_never_becomes_backend_success[inputs-M.observe_existing] PASSED [ 98%]
tests/test_control_ir_compiler.py::test_missing_call_port_or_return_never_becomes_backend_success[returns-Q.segment_compact] PASSED [ 98%]
tests/test_control_ir_compiler.py::test_missing_call_port_or_return_never_becomes_backend_success[returns-Q.length_call] PASSED [ 98%]
tests/test_control_ir_compiler.py::test_missing_call_port_or_return_never_becomes_backend_success[returns-Q.pressure_call] PASSED [ 99%]
tests/test_control_ir_compiler.py::test_missing_call_port_or_return_never_becomes_backend_success[returns-Q.normal_call] PASSED [ 99%]
tests/test_control_ir_compiler.py::test_missing_call_port_or_return_never_becomes_backend_success[returns-C.request_summary] PASSED [ 99%]
tests/test_control_ir_compiler.py::test_missing_call_port_or_return_never_becomes_backend_success[returns-N.adapter_call] PASSED [ 99%]
tests/test_control_ir_compiler.py::test_missing_call_port_or_return_never_becomes_backend_success[returns-M.observe_existing] PASSED [ 99%]
tests/test_control_ir_compiler.py::test_catalog_carries_all_seven_46_35_and_exact_additional_context PASSED [100%]

- generated xml file: /workspace/scratch/18c810e6dd59/rpnh-bound-child-lowering-review/evidence/compiler-regression.xml -
============================= 516 passed in 11.97s =============================
OFFLINE_SENTINEL_ATTEMPTS=0
