============================= test session starts ==============================
platform linux -- Python 3.12.14, pytest-8.4.2, pluggy-1.6.0 -- /workspace/scratch/18c810e6dd59/rpnh-recovery-20261003/source/.venv/bin/python
cachedir: .pytest_cache
rootdir: /workspace/scratch/18c810e6dd59/rpnh-bound-child-lowering-review
collecting ... collected 1 item

../tests/test_independent_bound_revision.py::test_actual_operation_revision_cannot_change_bound_initial_net FAILED

=================================== FAILURES ===================================
________ test_actual_operation_revision_cannot_change_bound_initial_net ________
../tests/test_independent_bound_revision.py:39: in test_actual_operation_revision_cannot_change_bound_initial_net
    legacy.test_ordinary_revision_success_has_legacy_unmarked_delta(tmp_path)
tests/test_local_takeover_ordinary_revision.py:90: in test_ordinary_revision_success_has_legacy_unmarked_delta
    successor = owner.succeed(outputs, command_id='b4:revision:success')
                ^^^^^^^^^^^^^^^^^^^^^^^^^^^^^^^^^^^^^^^^^^^^^^^^^^^^^^^^
cpn/rpnh/run.py:328: in succeed
    result = succeed_module_operation(self._core, kernel, repository, outputs,
cpn/rpnh/registry/firing_success.py:217: in succeed_module_operation
    return _succeed_verified_module_operation(
cpn/rpnh/registry/firing_success.py:326: in _succeed_verified_module_operation
    revision = prepare_module_revision(
cpn/rpnh/registry/module_revision.py:173: in prepare_module_revision
    raise ResourceIntegrityFault("revision Module differs from its exact registered source product")
E   cpn.rpnh.registry.errors.ResourceIntegrityFault: revision Module differs from its exact registered source product
- generated xml file: /workspace/scratch/18c810e6dd59/rpnh-bound-child-lowering-review/evidence/revision-probe.xml -
=========================== short test summary info ============================
FAILED ../tests/test_independent_bound_revision.py::test_actual_operation_revision_cannot_change_bound_initial_net
============================== 1 failed in 9.77s ===============================
OFFLINE_SENTINEL_ATTEMPTS=0
