TAP version 13
# Subtest: tool roundtrip success v3
ok 1 - tool roundtrip success v3
  ---
  duration_ms: 2.575765
  type: 'test'
  ...
# Subtest: tool roundtrip success v4
ok 2 - tool roundtrip success v4
  ---
  duration_ms: 0.204441
  type: 'test'
  ...
# Subtest: detached V3->V4 success
ok 3 - detached V3->V4 success
  ---
  duration_ms: 0.312531
  type: 'test'
  ...
# Subtest: tool roundtrip error v3
ok 4 - tool roundtrip error v3
  ---
  duration_ms: 0.227025
  type: 'test'
  ...
# Subtest: tool roundtrip error v4
ok 5 - tool roundtrip error v4
  ---
  duration_ms: 0.385218
  type: 'test'
  ...
# Subtest: detached V3->V4 error
ok 6 - detached V3->V4 error
  ---
  duration_ms: 0.164051
  type: 'test'
  ...
# Subtest: tool roundtrip absent v3
ok 7 - tool roundtrip absent v3
  ---
  duration_ms: 0.395483
  type: 'test'
  ...
# Subtest: tool roundtrip absent v4
ok 8 - tool roundtrip absent v4
  ---
  duration_ms: 0.13532
  type: 'test'
  ...
# Subtest: detached V3->V4 absent
ok 9 - detached V3->V4 absent
  ---
  duration_ms: 0.171122
  type: 'test'
  ...
# Subtest: tool roundtrip false_empty v3
ok 10 - tool roundtrip false_empty v3
  ---
  duration_ms: 0.214235
  type: 'test'
  ...
# Subtest: tool roundtrip false_empty v4
ok 11 - tool roundtrip false_empty v4
  ---
  duration_ms: 0.256197
  type: 'test'
  ...
# Subtest: detached V3->V4 false_empty
ok 12 - detached V3->V4 false_empty
  ---
  duration_ms: 0.094419
  type: 'test'
  ...
# Subtest: tool roundtrip rich_content v3
ok 13 - tool roundtrip rich_content v3
  ---
  duration_ms: 0.160877
  type: 'test'
  ...
# Subtest: tool roundtrip rich_content v4
ok 14 - tool roundtrip rich_content v4
  ---
  duration_ms: 0.181457
  type: 'test'
  ...
# Subtest: detached V3->V4 rich_content
ok 15 - detached V3->V4 rich_content
  ---
  duration_ms: 2.207682
  type: 'test'
  ...
# Subtest: reject v3_wrong_role
ok 16 - reject v3_wrong_role
  ---
  duration_ms: 0.235757
  type: 'test'
  ...
# Subtest: reject v3_wrong_source
ok 17 - reject v3_wrong_source
  ---
  duration_ms: 0.055602
  type: 'test'
  ...
# Subtest: reject v3_wrong_call
ok 18 - reject v3_wrong_call
  ---
  duration_ms: 0.041711
  type: 'test'
  ...
# Subtest: reject v3_empty_identity
ok 19 - reject v3_empty_identity
  ---
  duration_ms: 0.150732
  type: 'test'
  ...
# Subtest: reject v3_non_boolean_error
ok 20 - reject v3_non_boolean_error
  ---
  duration_ms: 0.046188
  type: 'test'
  ...
# Subtest: reject v3_null_error
ok 21 - reject v3_null_error
  ---
  duration_ms: 0.102582
  type: 'test'
  ...
# Subtest: reject v3_non_array_content
ok 22 - reject v3_non_array_content
  ---
  duration_ms: 0.055192
  type: 'test'
  ...
# Subtest: reject v3_nested_result
ok 23 - reject v3_nested_result
  ---
  duration_ms: 0.037706
  type: 'test'
  ...
# Subtest: reject v3_non_object_block
ok 24 - reject v3_non_object_block
  ---
  duration_ms: 0.057705
  type: 'test'
  ...
# Subtest: reject v3_mixed_shape
ok 25 - reject v3_mixed_shape
  ---
  duration_ms: 0.049163
  type: 'test'
  ...
# Subtest: reject v4_wrong_role
ok 26 - reject v4_wrong_role
  ---
  duration_ms: 0.057635
  type: 'test'
  ...
# Subtest: reject v4_wrong_source
ok 27 - reject v4_wrong_source
  ---
  duration_ms: 0.03366
  type: 'test'
  ...
# Subtest: reject v4_wrong_call
ok 28 - reject v4_wrong_call
  ---
  duration_ms: 0.031726
  type: 'test'
  ...
# Subtest: reject v4_empty_identity
ok 29 - reject v4_empty_identity
  ---
  duration_ms: 0.058877
  type: 'test'
  ...
# Subtest: reject v4_non_boolean_error
ok 30 - reject v4_non_boolean_error
  ---
  duration_ms: 0.036513
  type: 'test'
  ...
# Subtest: reject v4_null_error
ok 31 - reject v4_null_error
  ---
  duration_ms: 0.048922
  type: 'test'
  ...
# Subtest: reject v4_non_array_content
ok 32 - reject v4_non_array_content
  ---
  duration_ms: 0.082111
  type: 'test'
  ...
# Subtest: reject v4_nested_result
ok 33 - reject v4_nested_result
  ---
  duration_ms: 0.064425
  type: 'test'
  ...
# Subtest: reject v4_non_object_block
ok 34 - reject v4_non_object_block
  ---
  duration_ms: 0.038267
  type: 'test'
  ...
# Subtest: reject v4_mixed_shape
ok 35 - reject v4_mixed_shape
  ---
  duration_ms: 0.067008
  type: 'test'
  ...
# Subtest: reject unknown_revision
ok 36 - reject unknown_revision
  ---
  duration_ms: 0.042282
  type: 'test'
  ...
# Subtest: history absence stays absent; execution requires error boolean and text subset
ok 37 - history absence stays absent; execution requires error boolean and text subset
  ---
  duration_ms: 0.252071
  type: 'test'
  ...
# Subtest: reserved extensions cannot replace identity or source
ok 38 - reserved extensions cannot replace identity or source
  ---
  duration_ms: 0.252081
  type: 'test'
  ...
# Subtest: upstream owner namespacing retains V3 extension fields without identity collision
ok 39 - upstream owner namespacing retains V3 extension fields without identity collision
  ---
  duration_ms: 0.297659
  type: 'test'
  ...
# Subtest: source migration preserves context and metadata, including prototype-like keys
ok 40 - source migration preserves context and metadata, including prototype-like keys
  ---
  duration_ms: 0.385659
  type: 'test'
  ...
# Subtest: full candidate history preserves legitimate messages and only existing slots
ok 41 - full candidate history preserves legitimate messages and only existing slots
  ---
  duration_ms: 1.175252
  type: 'test'
  ...
# Subtest: legacy projection stays V3 with identical selected tool/user/model content
ok 42 - legacy projection stays V3 with identical selected tool/user/model content
  ---
  duration_ms: 0.545083
  type: 'test'
  ...
# Subtest: denied pending tool call is committed blocked history without synthetic result
ok 43 - denied pending tool call is committed blocked history without synthetic result
  ---
  duration_ms: 0.192634
  type: 'test'
  ...
# Subtest: known error observation cannot become a success by omitting message error flag
ok 44 - known error observation cannot become a success by omitting message error flag
  ---
  duration_ms: 0.559274
  type: 'test'
  ...
# Subtest: history rejects mixed revision
ok 45 - history rejects mixed revision
  ---
  duration_ms: 0.234756
  type: 'test'
  ...
# Subtest: history rejects wrong call
ok 46 - history rejects wrong call
  ---
  duration_ms: 0.22363
  type: 'test'
  ...
# Subtest: history rejects changed raw arguments
ok 47 - history rejects changed raw arguments
  ---
  duration_ms: 0.268546
  type: 'test'
  ...
# Subtest: history rejects missing result in completed
ok 48 - history rejects missing result in completed
  ---
  duration_ms: 0.178613
  type: 'test'
  ...
# Subtest: history rejects wrong header
ok 49 - history rejects wrong header
  ---
  duration_ms: 0.114619
  type: 'test'
  ...
# Subtest: history rejects wrong session
ok 50 - history rejects wrong session
  ---
  duration_ms: 0.110723
  type: 'test'
  ...
# Subtest: history rejects unknown role
ok 51 - history rejects unknown role
  ---
  duration_ms: 0.112105
  type: 'test'
  ...
# Subtest: header and history support is directional; source mismatch never guessed
ok 52 - header and history support is directional; source mismatch never guessed
  ---
  duration_ms: 0.12232
  type: 'test'
  ...
# Subtest: read projection does not authorize new-revision execution or reopen effects
ok 53 - read projection does not authorize new-revision execution or reopen effects
  ---
  duration_ms: 0.640063
  type: 'test'
  ...
# Subtest: V3 and V4 configured DTO projections are identical, including errors and raw arguments
ok 54 - V3 and V4 configured DTO projections are identical, including errors and raw arguments
  ---
  duration_ms: 3.475631
  type: 'test'
  ...
# Subtest: header field constraints match both pinned upstream validators
ok 55 - header field constraints match both pinned upstream validators
  ---
  duration_ms: 0.412738
  type: 'test'
  ...
1..55
# tests 55
# suites 0
# pass 55
# fail 0
# cancelled 0
# skipped 0
# todo 0
# duration_ms 179.53765
