============================= test session starts ==============================
platform linux -- Python 3.12.14, pytest-8.4.2, pluggy-1.6.0 -- /workspace/scratch/18c810e6dd59/rpnh-recovery-20261003/source/.venv/bin/python
rootdir: /workspace/scratch/18c810e6dd59/rpnh-parent-child-core-boundary-review/final-source
collecting ... collected 45 items

rpnh-parent-child-core-boundary-review/final-source/tests/test_parent_child_core.py::test_real_parent_causal_chain_is_provisional PASSED [  2%]
rpnh-parent-child-core-boundary-review/final-source/tests/test_parent_child_core.py::test_bound_origin_true_admission_start_success PASSED [  4%]
rpnh-parent-child-core-boundary-review/final-source/tests/test_parent_child_core.py::test_parent_pn_declared_prerequisites_not_host_flags[values0] PASSED [  6%]
rpnh-parent-child-core-boundary-review/final-source/tests/test_parent_child_core.py::test_parent_pn_declared_prerequisites_not_host_flags[values1] PASSED [  8%]
rpnh-parent-child-core-boundary-review/final-source/tests/test_parent_child_core.py::test_parent_pn_declared_prerequisites_not_host_flags[values2] PASSED [ 11%]
rpnh-parent-child-core-boundary-review/final-source/tests/test_parent_child_core.py::test_parent_pn_declared_prerequisites_not_host_flags[values3] PASSED [ 13%]
rpnh-parent-child-core-boundary-review/final-source/tests/test_parent_child_core.py::test_no_native_evidence_constructor_or_json_permission PASSED [ 15%]
rpnh-parent-child-core-boundary-review/final-source/tests/test_parent_child_core.py::test_parent_commit_rejects_mutated_native_closure[start_id] PASSED [ 17%]
rpnh-parent-child-core-boundary-review/final-source/tests/test_parent_child_core.py::test_parent_commit_rejects_mutated_native_closure[generation] PASSED [ 20%]
rpnh-parent-child-core-boundary-review/final-source/tests/test_parent_child_core.py::test_parent_commit_rejects_mutated_native_closure[lease] PASSED [ 22%]
rpnh-parent-child-core-boundary-review/final-source/tests/test_parent_child_core.py::test_parent_commit_rejects_mutated_native_closure[parent_run] PASSED [ 24%]
rpnh-parent-child-core-boundary-review/final-source/tests/test_parent_child_core.py::test_parent_commit_rejects_mutated_native_closure[slot] PASSED [ 26%]
rpnh-parent-child-core-boundary-review/final-source/tests/test_parent_child_core.py::test_parent_commit_rejects_mutated_native_closure[target] PASSED [ 28%]
rpnh-parent-child-core-boundary-review/final-source/tests/test_parent_child_core.py::test_parent_commit_rejects_mutated_native_closure[material] PASSED [ 31%]
rpnh-parent-child-core-boundary-review/final-source/tests/test_parent_child_core.py::test_intent_replay_rechecks_live_entry_before_exact_replay[stop] PASSED [ 33%]
rpnh-parent-child-core-boundary-review/final-source/tests/test_parent_child_core.py::test_intent_replay_rechecks_live_entry_before_exact_replay[new_writer] PASSED [ 35%]
rpnh-parent-child-core-boundary-review/final-source/tests/test_parent_child_core.py::test_acceptance_direct_exact_replay_requires_native_boundary PASSED [ 37%]
rpnh-parent-child-core-boundary-review/final-source/tests/test_parent_child_core.py::test_parent_unknown_completion_cannot_release_slot PASSED [ 40%]
rpnh-parent-child-core-boundary-review/final-source/tests/test_parent_child_core.py::test_parent_start_payload_is_fully_rechecked PASSED [ 42%]
rpnh-parent-child-core-boundary-review/final-source/tests/test_parent_child_core.py::test_child_no_writable_reentry_zero_epoch_change PASSED [ 44%]
rpnh-parent-child-core-boundary-review/final-source/tests/test_parent_child_core.py::test_child_direct_closed_authority_cannot_revive PASSED [ 46%]
rpnh-parent-child-core-boundary-review/final-source/tests/test_parent_child_core.py::test_child_origin_cannot_be_cloned_by_raw_transaction PASSED [ 48%]
rpnh-parent-child-core-boundary-review/final-source/tests/test_parent_child_core.py::test_child_missing_origin_arc_rejected_at_original_adoption PASSED [ 51%]
rpnh-parent-child-core-boundary-review/final-source/tests/test_parent_child_core.py::test_child_initial_adoption_replay_and_successor_rejection PASSED [ 53%]
rpnh-parent-child-core-boundary-review/final-source/tests/test_parent_child_core.py::test_protocol_marker_pair_required_and_bound_schema_not_public PASSED [ 55%]
rpnh-parent-child-core-boundary-review/final-source/tests/test_parent_child_core.py::test_child_first_start_and_admission_replay_after_durable_stop_rejected PASSED [ 57%]
rpnh-parent-child-core-boundary-review/final-source/tests/test_parent_child_core.py::test_child_started_completion_keeps_draining_without_durable_stop PASSED [ 60%]
rpnh-parent-child-core-boundary-review/final-source/tests/test_parent_child_core.py::test_generic_raw_transaction_cannot_mint_protected_capability PASSED [ 62%]
rpnh-parent-child-core-boundary-review/final-source/tests/test_parent_child_core.py::test_bound_registered_completion_then_one_success_without_remint PASSED [ 64%]
rpnh-parent-child-core-boundary-review/final-source/tests/test_parent_child_core.py::test_protected_weak_edges_rejected_before_commit[parent_bound_bootstrap/v1] PASSED [ 66%]
rpnh-parent-child-core-boundary-review/final-source/tests/test_parent_child_core.py::test_protected_weak_edges_rejected_before_commit[parent_bound_origin/v1] PASSED [ 68%]
rpnh-parent-child-core-boundary-review/final-source/tests/test_static_lease_reads.py::test_static_read_full_lifecycle_preserves_exact_token[False] PASSED [ 71%]
rpnh-parent-child-core-boundary-review/final-source/tests/test_static_lease_reads.py::test_static_read_full_lifecycle_preserves_exact_token[True] PASSED [ 73%]
rpnh-parent-child-core-boundary-review/final-source/tests/test_static_lease_reads.py::test_parallel_same_transition_and_successor_reconstruction PASSED [ 75%]
rpnh-parent-child-core-boundary-review/final-source/tests/test_static_lease_reads.py::test_ordinary_read_still_consumes_and_returns[False] PASSED [ 77%]
rpnh-parent-child-core-boundary-review/final-source/tests/test_static_lease_reads.py::test_ordinary_read_still_consumes_and_returns[True] PASSED [ 80%]
rpnh-parent-child-core-boundary-review/final-source/tests/test_registered_operation_recovery.py::test_resume_rejects_active_firing_without_completion_before_writer_bump PASSED [ 82%]
rpnh-parent-child-core-boundary-review/final-source/tests/test_registered_operation_recovery.py::test_registration_mismatch_fails_before_writer_and_correct_retry_recovers PASSED [ 84%]
rpnh-parent-child-core-boundary-review/final-source/tests/test_registered_operation_recovery.py::test_empty_writer_epoch_gap_does_not_strand_exact_completion PASSED [ 86%]
rpnh-parent-child-core-boundary-review/final-source/tests/test_registered_operation_recovery.py::test_later_writer_fact_invalidates_stale_completion PASSED [ 88%]
rpnh-parent-child-core-boundary-review/final-source/tests/test_registered_operation_recovery.py::test_stale_empty_interruption_requires_one_use_reopen_authorization PASSED [ 91%]
rpnh-parent-child-core-boundary-review/final-source/tests/test_registered_operation_recovery.py::test_nested_host_failure_is_not_a_parent_operation_terminal_conflict PASSED [ 93%]
rpnh-parent-child-core-boundary-review/final-source/tests/test_registered_operation_recovery.py::test_declared_host_effect_completion_fails_closed_before_writer PASSED [ 95%]
rpnh-parent-child-core-boundary-review/final-source/tests/test_registered_operation_recovery.py::test_exact_completion_recovers_once_without_executor_and_fences_old_writer PASSED [ 97%]
rpnh-parent-child-core-boundary-review/final-source/tests/test_registered_operation_recovery.py::test_completion_record_is_idempotent_and_rejects_changed_output_material PASSED [100%]

- generated xml file: /workspace/scratch/18c810e6dd59/rpnh-parent-child-core-boundary-review/final-rerun-completed.xml -
======================== 45 passed in 143.04s (0:02:23) ========================
