============================= test session starts ==============================
platform linux -- Python 3.12.14, pytest-8.4.2, pluggy-1.6.0 -- /workspace/scratch/18c810e6dd59/rpnh-recovery-20261003/source/.venv/bin/python
rootdir: /workspace/scratch/18c810e6dd59
collecting ... collected 85 items

rpnh-parent-child-core-boundary-review/tests/test_boundary_child.py::test_bound_writable_core_reentry_fails_before_eventstore_construction PASSED [  1%]
rpnh-parent-child-core-boundary-review/tests/test_boundary_child.py::test_bound_direct_acquire_writer_cannot_fence_original_owner PASSED [  2%]
rpnh-parent-child-core-boundary-review/tests/test_boundary_child.py::test_bound_readonly_core_preserves_writer_and_exact_origin PASSED [  3%]
rpnh-parent-child-core-boundary-review/tests/test_boundary_child.py::test_protected_catalog_bridge_is_exact_original_source PASSED [  4%]
rpnh-parent-child-core-boundary-review/tests/test_boundary_child.py::test_direct_same_writer_stopped_to_running_authority_is_rejected PASSED [  5%]
rpnh-parent-child-core-boundary-review/tests/test_boundary_child.py::test_required_bound_protocol_cannot_commit_without_atomic_marker PASSED [  7%]
rpnh-parent-child-core-boundary-review/tests/test_boundary_child.py::test_bound_first_business_start_after_durable_stop_is_rejected PASSED [  8%]
rpnh-parent-child-core-boundary-review/tests/test_boundary_child.py::test_origin_integrity_rejects_catalog_or_producer_source_substitution[content_schema_authority_ref] PASSED [  9%]
rpnh-parent-child-core-boundary-review/tests/test_boundary_child.py::test_origin_integrity_rejects_catalog_or_producer_source_substitution[producer_ref] PASSED [ 10%]
rpnh-parent-child-core-boundary-review/tests/test_boundary_child.py::test_origin_integrity_rejects_catalog_or_producer_source_substitution[lifetime_ref] PASSED [ 11%]
rpnh-parent-child-core-boundary-review/tests/test_boundary_child.py::test_direct_second_adoption_transaction_is_rejected PASSED [ 12%]
rpnh-parent-child-core-boundary-review/tests/test_boundary_child.py::test_memory_stop_request_allows_already_started_completion_drain PASSED [ 14%]
rpnh-parent-child-core-boundary-review/tests/test_boundary_child.py::test_bound_admission_replay_after_stop_is_closed_at_original_boundary[helper] PASSED [ 15%]
rpnh-parent-child-core-boundary-review/tests/test_boundary_child.py::test_bound_admission_replay_after_stop_is_closed_at_original_boundary[raw-commit] PASSED [ 16%]
rpnh-parent-child-core-boundary-review/tests/test_boundary_child.py::test_bound_admission_replay_cannot_forge_reference_claim[omit-origin] PASSED [ 17%]
rpnh-parent-child-core-boundary-review/tests/test_boundary_child.py::test_bound_admission_replay_cannot_forge_reference_claim[consume-origin] PASSED [ 18%]
rpnh-parent-child-core-boundary-review/tests/test_boundary_child.py::test_bound_start_raw_transaction_replay_after_stop_is_closed PASSED [ 20%]
rpnh-parent-child-core-boundary-review/tests/test_boundary_child.py::test_prospective_protected_weak_edges_fail_before_commit[parent_bound_bootstrap/v1] PASSED [ 21%]
rpnh-parent-child-core-boundary-review/tests/test_boundary_child.py::test_prospective_protected_weak_edges_fail_before_commit[parent_bound_origin/v1] PASSED [ 22%]
rpnh-parent-child-core-boundary-review/tests/test_boundary_finalize.py::test_prospective_protected_lifetime_fails_before_commit PASSED [ 23%]
rpnh-parent-child-core-boundary-review/tests/test_boundary_finalize.py::test_prospective_protected_extra_capability_edge_fails_before_commit PASSED [ 24%]
rpnh-parent-child-core-boundary-review/tests/test_boundary_parent.py::test_live_exact_raw_replay_has_no_new_commit[parent_child_intent/v1] PASSED [ 25%]
rpnh-parent-child-core-boundary-review/tests/test_boundary_parent.py::test_live_exact_raw_replay_has_no_new_commit[parent_child_dispatch/v1] PASSED [ 27%]
rpnh-parent-child-core-boundary-review/tests/test_boundary_parent.py::test_live_exact_raw_replay_has_no_new_commit[parent_child_worker/v1] PASSED [ 28%]
rpnh-parent-child-core-boundary-review/tests/test_boundary_parent.py::test_live_exact_raw_replay_has_no_new_commit[parent_child_acceptance/v1] PASSED [ 29%]
rpnh-parent-child-core-boundary-review/tests/test_boundary_parent.py::test_exact_raw_replay_after_owner_stop_revalidates_live_authority[parent_child_intent/v1] PASSED [ 30%]
rpnh-parent-child-core-boundary-review/tests/test_boundary_parent.py::test_exact_raw_replay_after_owner_stop_revalidates_live_authority[parent_child_dispatch/v1] PASSED [ 31%]
rpnh-parent-child-core-boundary-review/tests/test_boundary_parent.py::test_exact_raw_replay_after_owner_stop_revalidates_live_authority[parent_child_worker/v1] PASSED [ 32%]
rpnh-parent-child-core-boundary-review/tests/test_boundary_parent.py::test_exact_raw_replay_after_owner_stop_revalidates_live_authority[parent_child_acceptance/v1] PASSED [ 34%]
rpnh-parent-child-core-boundary-review/tests/test_boundary_parent.py::test_parent_cannot_complete_from_self_asserted_products_without_native_observation PASSED [ 35%]
rpnh-parent-child-core-boundary-review/tests/test_boundary_parent.py::test_intent_helper_replay_after_parent_writer_fence_is_closed PASSED [ 36%]
rpnh-parent-child-core-boundary-review/tests/test_boundary_parent.py::test_started_ordinary_operation_cannot_substitute_launcher_pn_contract[two-slot-capacity] PASSED [ 37%]
rpnh-parent-child-core-boundary-review/tests/test_boundary_parent.py::test_started_ordinary_operation_cannot_substitute_launcher_pn_contract[no-launch-capability] PASSED [ 38%]
rpnh-parent-child-core-boundary-review/tests/test_boundary_parent.py::test_started_ordinary_operation_cannot_substitute_launcher_pn_contract[interrupted-outcome] PASSED [ 40%]
rpnh-parent-child-core-boundary-review/tests/test_boundary_parent.py::test_started_ordinary_operation_cannot_substitute_launcher_pn_contract[missing-failed-outcome] PASSED [ 41%]
rpnh-parent-child-core-boundary-review/tests/test_boundary_parent.py::test_started_ordinary_operation_cannot_substitute_launcher_pn_contract[ordinary-executor] PASSED [ 42%]
rpnh-parent-child-core-boundary-review/tests/test_boundary_parent.py::test_public_dispatch_cannot_use_self_asserted_native_evidence[None] PASSED [ 43%]
rpnh-parent-child-core-boundary-review/tests/test_boundary_parent.py::test_public_dispatch_cannot_use_self_asserted_native_evidence[proof1] PASSED [ 44%]
rpnh-parent-child-core-boundary-review/tests/test_boundary_parent.py::test_public_dispatch_cannot_use_self_asserted_native_evidence[proof2] PASSED [ 45%]
rpnh-parent-child-core-boundary-review/tests/test_boundary_parent.py::test_native_evidence_has_no_production_constructor PASSED [ 47%]
rpnh-parent-child-core-boundary-review/final-source-v2/tests/test_parent_child_core.py::test_real_parent_causal_chain_is_provisional PASSED [ 48%]
rpnh-parent-child-core-boundary-review/final-source-v2/tests/test_parent_child_core.py::test_bound_origin_true_admission_start_success PASSED [ 49%]
rpnh-parent-child-core-boundary-review/final-source-v2/tests/test_parent_child_core.py::test_parent_pn_declared_prerequisites_not_host_flags[values0] PASSED [ 50%]
rpnh-parent-child-core-boundary-review/final-source-v2/tests/test_parent_child_core.py::test_parent_pn_declared_prerequisites_not_host_flags[values1] PASSED [ 51%]
rpnh-parent-child-core-boundary-review/final-source-v2/tests/test_parent_child_core.py::test_parent_pn_declared_prerequisites_not_host_flags[values2] PASSED [ 52%]
rpnh-parent-child-core-boundary-review/final-source-v2/tests/test_parent_child_core.py::test_parent_pn_declared_prerequisites_not_host_flags[values3] PASSED [ 54%]
rpnh-parent-child-core-boundary-review/final-source-v2/tests/test_parent_child_core.py::test_no_native_evidence_constructor_or_json_permission PASSED [ 55%]
rpnh-parent-child-core-boundary-review/final-source-v2/tests/test_parent_child_core.py::test_parent_commit_rejects_mutated_native_closure[start_id] PASSED [ 56%]
rpnh-parent-child-core-boundary-review/final-source-v2/tests/test_parent_child_core.py::test_parent_commit_rejects_mutated_native_closure[generation] PASSED [ 57%]
rpnh-parent-child-core-boundary-review/final-source-v2/tests/test_parent_child_core.py::test_parent_commit_rejects_mutated_native_closure[lease] PASSED [ 58%]
rpnh-parent-child-core-boundary-review/final-source-v2/tests/test_parent_child_core.py::test_parent_commit_rejects_mutated_native_closure[parent_run] PASSED [ 60%]
rpnh-parent-child-core-boundary-review/final-source-v2/tests/test_parent_child_core.py::test_parent_commit_rejects_mutated_native_closure[slot] PASSED [ 61%]
rpnh-parent-child-core-boundary-review/final-source-v2/tests/test_parent_child_core.py::test_parent_commit_rejects_mutated_native_closure[target] PASSED [ 62%]
rpnh-parent-child-core-boundary-review/final-source-v2/tests/test_parent_child_core.py::test_parent_commit_rejects_mutated_native_closure[material] PASSED [ 63%]
rpnh-parent-child-core-boundary-review/final-source-v2/tests/test_parent_child_core.py::test_intent_replay_rechecks_live_entry_before_exact_replay[stop] PASSED [ 64%]
rpnh-parent-child-core-boundary-review/final-source-v2/tests/test_parent_child_core.py::test_intent_replay_rechecks_live_entry_before_exact_replay[new_writer] PASSED [ 65%]
rpnh-parent-child-core-boundary-review/final-source-v2/tests/test_parent_child_core.py::test_acceptance_direct_exact_replay_requires_native_boundary PASSED [ 67%]
rpnh-parent-child-core-boundary-review/final-source-v2/tests/test_parent_child_core.py::test_parent_unknown_completion_cannot_release_slot PASSED [ 68%]
rpnh-parent-child-core-boundary-review/final-source-v2/tests/test_parent_child_core.py::test_parent_start_payload_is_fully_rechecked PASSED [ 69%]
rpnh-parent-child-core-boundary-review/final-source-v2/tests/test_parent_child_core.py::test_child_no_writable_reentry_zero_epoch_change PASSED [ 70%]
rpnh-parent-child-core-boundary-review/final-source-v2/tests/test_parent_child_core.py::test_child_direct_closed_authority_cannot_revive PASSED [ 71%]
rpnh-parent-child-core-boundary-review/final-source-v2/tests/test_parent_child_core.py::test_child_origin_cannot_be_cloned_by_raw_transaction PASSED [ 72%]
rpnh-parent-child-core-boundary-review/final-source-v2/tests/test_parent_child_core.py::test_child_missing_origin_arc_rejected_at_original_adoption PASSED [ 74%]
rpnh-parent-child-core-boundary-review/final-source-v2/tests/test_parent_child_core.py::test_child_initial_adoption_replay_and_successor_rejection PASSED [ 75%]
rpnh-parent-child-core-boundary-review/final-source-v2/tests/test_parent_child_core.py::test_protocol_marker_pair_required_and_bound_schema_not_public PASSED [ 76%]
rpnh-parent-child-core-boundary-review/final-source-v2/tests/test_parent_child_core.py::test_child_first_start_and_admission_replay_after_durable_stop_rejected PASSED [ 77%]
rpnh-parent-child-core-boundary-review/final-source-v2/tests/test_parent_child_core.py::test_child_started_completion_keeps_draining_without_durable_stop PASSED [ 78%]
rpnh-parent-child-core-boundary-review/final-source-v2/tests/test_parent_child_core.py::test_generic_raw_transaction_cannot_mint_protected_capability PASSED [ 80%]
rpnh-parent-child-core-boundary-review/final-source-v2/tests/test_parent_child_core.py::test_bound_registered_completion_then_one_success_without_remint PASSED [ 81%]
rpnh-parent-child-core-boundary-review/final-source-v2/tests/test_parent_child_core.py::test_protected_weak_edges_rejected_before_commit[parent_bound_bootstrap/v1] PASSED [ 82%]
rpnh-parent-child-core-boundary-review/final-source-v2/tests/test_parent_child_core.py::test_protected_weak_edges_rejected_before_commit[parent_bound_origin/v1] PASSED [ 83%]
rpnh-parent-child-core-boundary-review/final-source-v2/tests/test_static_lease_reads.py::test_static_read_full_lifecycle_preserves_exact_token[False] PASSED [ 84%]
rpnh-parent-child-core-boundary-review/final-source-v2/tests/test_static_lease_reads.py::test_static_read_full_lifecycle_preserves_exact_token[True] PASSED [ 85%]
rpnh-parent-child-core-boundary-review/final-source-v2/tests/test_static_lease_reads.py::test_parallel_same_transition_and_successor_reconstruction PASSED [ 87%]
rpnh-parent-child-core-boundary-review/final-source-v2/tests/test_static_lease_reads.py::test_ordinary_read_still_consumes_and_returns[False] PASSED [ 88%]
rpnh-parent-child-core-boundary-review/final-source-v2/tests/test_static_lease_reads.py::test_ordinary_read_still_consumes_and_returns[True] PASSED [ 89%]
rpnh-parent-child-core-boundary-review/final-source-v2/tests/test_registered_operation_recovery.py::test_resume_rejects_active_firing_without_completion_before_writer_bump PASSED [ 90%]
rpnh-parent-child-core-boundary-review/final-source-v2/tests/test_registered_operation_recovery.py::test_registration_mismatch_fails_before_writer_and_correct_retry_recovers PASSED [ 91%]
rpnh-parent-child-core-boundary-review/final-source-v2/tests/test_registered_operation_recovery.py::test_empty_writer_epoch_gap_does_not_strand_exact_completion PASSED [ 92%]
rpnh-parent-child-core-boundary-review/final-source-v2/tests/test_registered_operation_recovery.py::test_later_writer_fact_invalidates_stale_completion PASSED [ 94%]
rpnh-parent-child-core-boundary-review/final-source-v2/tests/test_registered_operation_recovery.py::test_stale_empty_interruption_requires_one_use_reopen_authorization PASSED [ 95%]
rpnh-parent-child-core-boundary-review/final-source-v2/tests/test_registered_operation_recovery.py::test_nested_host_failure_is_not_a_parent_operation_terminal_conflict PASSED [ 96%]
rpnh-parent-child-core-boundary-review/final-source-v2/tests/test_registered_operation_recovery.py::test_declared_host_effect_completion_fails_closed_before_writer PASSED [ 97%]
rpnh-parent-child-core-boundary-review/final-source-v2/tests/test_registered_operation_recovery.py::test_exact_completion_recovers_once_without_executor_and_fences_old_writer PASSED [ 98%]
rpnh-parent-child-core-boundary-review/final-source-v2/tests/test_registered_operation_recovery.py::test_completion_record_is_idempotent_and_rejects_changed_output_material PASSED [100%]

- generated xml file: /workspace/scratch/18c810e6dd59/rpnh-parent-child-core-boundary-review/final-v2.xml -
======================== 85 passed in 243.48s (0:04:03) ========================
