FF                                                                       [100%]
=================================== FAILURES ===================================
_ test_prospective_protected_weak_edges_fail_before_commit[parent_bound_bootstrap/v1] _
rpnh-parent-child-core-boundary-review/tests/test_boundary_child.py:261: in observe
    result=original_publish(self,**kwargs)
           ^^^^^^^^^^^^^^^^^^^^^^^^^^^^^^^
rpnh-parent-child-core-boundary-review/round3-source/cpn/rpnh/registry/event_store.py:1879: in publish_batch
    return commit.publish_batch(
rpnh-parent-child-core-boundary-review/round3-source/cpn/rpnh/registry/_event_store/commit.py:495: in publish_batch
    validate_parent_child_commit(event_store, db,
rpnh-parent-child-core-boundary-review/round3-source/cpn/rpnh/registry/parent_child.py:437: in validate_parent_child_commit
    validate_bound_commit(store,db,task_id=task_id,writer_epoch=writer_epoch,objects=objects,events=events,
rpnh-parent-child-core-boundary-review/round3-source/cpn/rpnh/registry/parent_bound.py:198: in validate_bound_commit
    _,marker=_marker(snap)
             ^^^^^^^^^^^^^
rpnh-parent-child-core-boundary-review/round3-source/cpn/rpnh/registry/parent_bound.py:65: in _marker
    _edges_at(snap,ref,expected,mark_row['transaction_id'])
rpnh-parent-child-core-boundary-review/round3-source/cpn/rpnh/registry/parent_bound.py:79: in _edges_at
    raise RegistryConflict('H7 protected relation closure differs')
E   cpn.rpnh.registry.event_store.RegistryConflict: H7 protected relation closure differs

The above exception was the direct cause of the following exception:
rpnh-parent-child-core-boundary-review/tests/test_boundary_child.py:267: in test_prospective_protected_weak_edges_fail_before_commit
    bound_owner(tmp_path/'child',monkeypatch)
rpnh-parent-child-core-boundary-review/round3-source/tests/parent_child_fixtures.py:145: in bound_owner
    child=start_run(module,reg,run_dir=path,task_input=task,entry_inputs={'request':task},
rpnh-parent-child-core-boundary-review/round3-source/cpn/rpnh/run.py:558: in start_run
    registration.bind_gateway(gateway)
rpnh-parent-child-core-boundary-review/round3-source/cpn/rpnh/registration.py:79: in bind_gateway
    gateway(kind, key, _data(declaration))
rpnh-parent-child-core-boundary-review/round3-source/cpn/rpnh/registry/registration_gateway.py:57: in __call__
    ref = _publish_private_system(
rpnh-parent-child-core-boundary-review/round3-source/cpn/rpnh/registry/resource_service.py:457: in _publish_private_system
    return _publication.publish_private_system(
rpnh-parent-child-core-boundary-review/round3-source/cpn/rpnh/registry/_resource_service/publication.py:604: in publish_private_system
    return self._publish_fresh_bootstrap_reference(
rpnh-parent-child-core-boundary-review/round3-source/cpn/rpnh/registry/resource_service.py:232: in _publish_fresh_bootstrap_reference
    return _publication._publish_fresh_bootstrap_reference(**locals())
           ^^^^^^^^^^^^^^^^^^^^^^^^^^^^^^^^^^^^^^^^^^^^^^^^^^^^^^^^^^^
rpnh-parent-child-core-boundary-review/round3-source/cpn/rpnh/registry/_resource_service/publication.py:406: in _publish_fresh_bootstrap_reference
    raise ResourceIdempotencyConflict(str(exc)) from exc
E   cpn.rpnh.registry.errors.ResourceIdempotencyConflict: H7 protected relation closure differs
_ test_prospective_protected_weak_edges_fail_before_commit[parent_bound_origin/v1] _
rpnh-parent-child-core-boundary-review/tests/test_boundary_child.py:268: in test_prospective_protected_weak_edges_fail_before_commit
    assert committed==[], 'malformed protected edges were committed before a later integrity check'
E   AssertionError: malformed protected edges were committed before a later integrity check
E   assert ['parent_bound_origin/v1'] == []
E     
E     Left contains one more item: 'parent_bound_origin/v1'
E     Use -v to get more diff
=========================== short test summary info ============================
FAILED rpnh-parent-child-core-boundary-review/tests/test_boundary_child.py::test_prospective_protected_weak_edges_fail_before_commit[parent_bound_bootstrap/v1]
FAILED rpnh-parent-child-core-boundary-review/tests/test_boundary_child.py::test_prospective_protected_weak_edges_fail_before_commit[parent_bound_origin/v1]
2 failed, 17 deselected in 7.18s
