FF                                                                       [100%]
=================================== FAILURES ===================================
_ test_prospective_protected_weak_edges_fail_before_commit[parent_bound_bootstrap/v1] _
rpnh-parent-child-core-boundary-review/tests/test_boundary_child.py:268: in test_prospective_protected_weak_edges_fail_before_commit
    assert committed==[], 'malformed protected edges were committed before a later integrity check'
E   AssertionError: malformed protected edges were committed before a later integrity check
E   assert ['parent_bound_bootstrap/v1'] == []
E     
E     Left contains one more item: 'parent_bound_bootstrap/v1'
E     Use -v to get more diff
_ test_prospective_protected_weak_edges_fail_before_commit[parent_bound_origin/v1] _
rpnh-parent-child-core-boundary-review/tests/test_boundary_child.py:268: in test_prospective_protected_weak_edges_fail_before_commit
    assert committed==[], 'malformed protected edges were committed before a later integrity check'
E   AssertionError: malformed protected edges were committed before a later integrity check
E   assert ['parent_bound_origin/v1'] == []
E     
E     Left contains one more item: 'parent_bound_origin/v1'
E     Use -v to get more diff
=========================== short test summary info ============================
FAILED rpnh-parent-child-core-boundary-review/tests/test_boundary_child.py::test_prospective_protected_weak_edges_fail_before_commit[parent_bound_bootstrap/v1]
FAILED rpnh-parent-child-core-boundary-review/tests/test_boundary_child.py::test_prospective_protected_weak_edges_fail_before_commit[parent_bound_origin/v1]
2 failed, 17 deselected in 6.18s
