........F.F........                                                      [100%]
=================================== FAILURES ===================================
______________ test_intent_helper_replay_after_products_is_closed ______________
rpnh-parent-child-core-boundary-review/tests/test_boundary_parent.py:63: in test_intent_helper_replay_after_products_is_closed
    with pytest.raises(RegistryConflict, match='closed'):
         ^^^^^^^^^^^^^^^^^^^^^^^^^^^^^^^^^^^^^^^^^^^^^^^
E   Failed: DID NOT RAISE <class 'cpn.rpnh.registry.event_store.RegistryConflict'>
_ test_started_ordinary_operation_cannot_substitute_launcher_pn_contract[two-slot-capacity] _
rpnh-parent-child-core-boundary-review/tests/test_boundary_parent.py:84: in test_started_ordinary_operation_cannot_substitute_launcher_pn_contract
    owner, admitted, execution, prepared = parent_owner(tmp_path/'parent', **change)
                                           ^^^^^^^^^^^^^^^^^^^^^^^^^^^^^^^^^^^^^^^^^
rpnh-parent-child-core-boundary-review/round1-source/tests/parent_child_fixtures.py:79: in parent_owner
    owner=start_run(module,reg,run_dir=path,task_input=task,entry_inputs={'request':task},
rpnh-parent-child-core-boundary-review/round1-source/cpn/rpnh/run.py:529: in start_run
    compiled = compile_module(module, registration)
               ^^^^^^^^^^^^^^^^^^^^^^^^^^^^^^^^^^^^
rpnh-parent-child-core-boundary-review/round1-source/cpn/rpnh/compiler.py:49: in compile_module
    return _compile_module(module, registration, offline=False)
           ^^^^^^^^^^^^^^^^^^^^^^^^^^^^^^^^^^^^^^^^^^^^^^^^^^^^
rpnh-parent-child-core-boundary-review/round1-source/cpn/rpnh/compiler.py:68: in _compile_module
    symbolic = module.lower(observed)
               ^^^^^^^^^^^^^^^^^^^^^^
rpnh-parent-child-core-boundary-review/round1-source/cpn/rpnh/module.py:260: in lower
    fragment.validate(context, registration)
rpnh-parent-child-core-boundary-review/round1-source/cpn/rpnh/petri_contracts.py:520: in validate
    raise DeclarationError("Idle execution slots must initially equal reusable capacity")
E   cpn.rpnh.petri_contracts.DeclarationError: Idle execution slots must initially equal reusable capacity
=========================== short test summary info ============================
FAILED rpnh-parent-child-core-boundary-review/tests/test_boundary_parent.py::test_intent_helper_replay_after_products_is_closed
FAILED rpnh-parent-child-core-boundary-review/tests/test_boundary_parent.py::test_started_ordinary_operation_cannot_substitute_launcher_pn_contract[two-slot-capacity]
2 failed, 17 passed in 34.58s
