============================= test session starts ==============================
platform linux -- Python 3.12.14, pytest-8.4.2, pluggy-1.6.0 -- /workspace/scratch/18c810e6dd59/rpnh-recovery-20261003/source/.venv/bin/python
rootdir: /workspace/scratch/18c810e6dd59/rpnh-acceptance-history-validator/source
collecting ... collected 139 items

tests/test_acceptance_history.py::test_history_of_live_provisional_acceptance PASSED [  0%]
tests/test_acceptance_history.py::test_real_later_lifecycle_preserves_history_without_live_permission[durable_stop] PASSED [  1%]
tests/test_acceptance_history.py::test_real_later_lifecycle_preserves_history_without_live_permission[new_writer] PASSED [  2%]
tests/test_acceptance_history.py::test_origin_assertions_do_not_replace_original_evidence[source_id] PASSED [  2%]
tests/test_acceptance_history.py::test_origin_assertions_do_not_replace_original_evidence[binding_ref] PASSED [  3%]
tests/test_acceptance_history.py::test_origin_assertions_do_not_replace_original_evidence[run_ref] PASSED [  4%]
tests/test_acceptance_history.py::test_origin_assertions_do_not_replace_original_evidence[task_ref] PASSED [  5%]
tests/test_acceptance_history.py::test_origin_assertions_do_not_replace_original_evidence[slot_id] PASSED [  5%]
tests/test_acceptance_history.py::test_origin_assertions_do_not_replace_original_evidence[acceptance_ref] PASSED [  6%]
tests/test_acceptance_history.py::test_origin_assertions_do_not_replace_original_evidence[transaction_id] PASSED [  7%]
tests/test_acceptance_history.py::test_origin_assertions_do_not_replace_original_evidence[event_id] PASSED [  7%]
tests/test_acceptance_history.py::test_origin_assertions_do_not_replace_original_evidence[commit_ordinal] PASSED [  8%]
tests/test_acceptance_history.py::test_origin_assertions_do_not_replace_original_evidence[acceptance_sha256] PASSED [  9%]
tests/test_acceptance_history.py::test_origin_assertions_do_not_replace_original_evidence[intent_sha256] PASSED [ 10%]
tests/test_acceptance_history.py::test_origin_assertions_do_not_replace_original_evidence[initial_declaration_digest] PASSED [ 10%]
tests/test_acceptance_history.py::test_copied_json_and_asserted_booleans_are_not_history_authority[value0] PASSED [ 11%]
tests/test_acceptance_history.py::test_copied_json_and_asserted_booleans_are_not_history_authority[True] PASSED [ 12%]
tests/test_acceptance_history.py::test_copied_json_and_asserted_booleans_are_not_history_authority[value2] PASSED [ 12%]
tests/test_acceptance_history.py::test_copied_json_and_asserted_booleans_are_not_history_authority[value3] PASSED [ 13%]
tests/test_acceptance_history.py::test_copied_json_and_asserted_booleans_are_not_history_authority[value4] PASSED [ 14%]
tests/test_acceptance_history.py::test_valid_history_never_becomes_receipt_native_evidence_or_body_export PASSED [ 15%]
tests/test_acceptance_history.py::test_original_registry_damage_fails_closed[transaction_status] PASSED [ 15%]
tests/test_acceptance_history.py::test_original_registry_damage_fails_closed[transaction_command] PASSED [ 16%]
tests/test_acceptance_history.py::test_original_registry_damage_fails_closed[transaction_epoch] PASSED [ 17%]
tests/test_acceptance_history.py::test_original_registry_damage_fails_closed[outbox_order] PASSED [ 17%]
tests/test_acceptance_history.py::test_original_registry_damage_fails_closed[commit_count] PASSED [ 18%]
tests/test_acceptance_history.py::test_original_registry_damage_fails_closed[commit_schema] PASSED [ 19%]
tests/test_acceptance_history.py::test_original_registry_damage_fails_closed[record_schema] PASSED [ 20%]
tests/test_acceptance_history.py::test_original_registry_damage_fails_closed[record_payload] PASSED [ 20%]
tests/test_acceptance_history.py::test_original_registry_damage_fails_closed[record_producer] PASSED [ 21%]
tests/test_acceptance_history.py::test_original_registry_damage_fails_closed[record_command] PASSED [ 22%]
tests/test_acceptance_history.py::test_original_registry_damage_fails_closed[object_schema] PASSED [ 23%]
tests/test_acceptance_history.py::test_original_registry_damage_fails_closed[object_storage] PASSED [ 23%]
tests/test_acceptance_history.py::test_original_registry_damage_fails_closed[object_metadata] PASSED [ 24%]
tests/test_acceptance_history.py::test_original_registry_damage_fails_closed[member_object_missing] PASSED [ 25%]
tests/test_acceptance_history.py::test_original_registry_damage_fails_closed[member_event_missing] PASSED [ 25%]
tests/test_acceptance_history.py::test_original_registry_damage_fails_closed[member_relation_missing] PASSED [ 26%]
tests/test_acceptance_history.py::test_original_registry_damage_fails_closed[member_transaction_missing] PASSED [ 27%]
tests/test_acceptance_history.py::test_original_registry_damage_fails_closed[member_wrong_tx] PASSED [ 28%]
tests/test_acceptance_history.py::test_original_registry_damage_fails_closed[root_net] PASSED [ 28%]
tests/test_acceptance_history.py::test_original_registry_damage_fails_closed[root_opening] PASSED [ 29%]
tests/test_acceptance_history.py::test_original_registry_damage_fails_closed[relation_weak] PASSED [ 30%]
tests/test_acceptance_history.py::test_original_registry_damage_fails_closed[relation_source] PASSED [ 30%]
tests/test_acceptance_history.py::test_original_registry_damage_fails_closed[relation_target] PASSED [ 31%]
tests/test_acceptance_history.py::test_original_registry_damage_fails_closed[relation_producer] PASSED [ 32%]
tests/test_acceptance_history.py::test_original_registry_damage_fails_closed[start_payload] PASSED [ 33%]
tests/test_acceptance_history.py::test_original_registry_damage_fails_closed[start_producer] PASSED [ 33%]
tests/test_acceptance_history.py::test_original_registry_damage_fails_closed[source_metadata] PASSED [ 34%]
tests/test_acceptance_history.py::test_original_registry_damage_fails_closed[current_stream_head] PASSED [ 35%]
tests/test_acceptance_history.py::test_original_registry_damage_fails_closed[at_cut_authority] PASSED [ 35%]
tests/test_acceptance_history.py::test_original_registry_damage_fails_closed[later_slot_conflict] PASSED [ 36%]
tests/test_acceptance_history.py::test_original_immutable_bytes_are_required[acceptance] PASSED [ 37%]
tests/test_acceptance_history.py::test_original_immutable_bytes_are_required[intent] PASSED [ 38%]
tests/test_acceptance_history.py::test_original_immutable_bytes_are_required[request] PASSED [ 38%]
tests/test_acceptance_history.py::test_fresh_read_does_not_trust_prior_reader_memo PASSED [ 39%]
tests/test_acceptance_history.py::test_generic_terminal_ready_is_not_a_fake_reachable_closed_h7_path PASSED [ 40%]
tests/test_acceptance_history.py::test_every_h7_persisted_event_has_its_original_fixed_contract[command_id-object_version_published/v1] PASSED [ 41%]
tests/test_acceptance_history.py::test_every_h7_persisted_event_has_its_original_fixed_contract[command_id-relation_published/v1] PASSED [ 41%]
tests/test_acceptance_history.py::test_every_h7_persisted_event_has_its_original_fixed_contract[command_id-transaction_committed/v1] PASSED [ 42%]
tests/test_acceptance_history.py::test_every_h7_persisted_event_has_its_original_fixed_contract[idempotency_key-object_version_published/v1] PASSED [ 43%]
tests/test_acceptance_history.py::test_every_h7_persisted_event_has_its_original_fixed_contract[idempotency_key-relation_published/v1] PASSED [ 43%]
tests/test_acceptance_history.py::test_every_h7_persisted_event_has_its_original_fixed_contract[idempotency_key-transaction_committed/v1] PASSED [ 44%]
tests/test_acceptance_history.py::test_every_h7_persisted_event_has_its_original_fixed_contract[correlation_id-object_version_published/v1] PASSED [ 45%]
tests/test_acceptance_history.py::test_every_h7_persisted_event_has_its_original_fixed_contract[correlation_id-relation_published/v1] PASSED [ 46%]
tests/test_acceptance_history.py::test_every_h7_persisted_event_has_its_original_fixed_contract[correlation_id-transaction_committed/v1] PASSED [ 46%]
tests/test_acceptance_history.py::test_every_h7_persisted_event_has_its_original_fixed_contract[causation_event_id-object_version_published/v1] PASSED [ 47%]
tests/test_acceptance_history.py::test_every_h7_persisted_event_has_its_original_fixed_contract[causation_event_id-relation_published/v1] PASSED [ 48%]
tests/test_acceptance_history.py::test_every_h7_persisted_event_has_its_original_fixed_contract[causation_event_id-transaction_committed/v1] PASSED [ 48%]
tests/test_acceptance_history.py::test_every_h7_persisted_event_has_its_original_fixed_contract[parent_event_ids_json-object_version_published/v1] PASSED [ 49%]
tests/test_acceptance_history.py::test_every_h7_persisted_event_has_its_original_fixed_contract[parent_event_ids_json-relation_published/v1] PASSED [ 50%]
tests/test_acceptance_history.py::test_every_h7_persisted_event_has_its_original_fixed_contract[parent_event_ids_json-transaction_committed/v1] PASSED [ 51%]
tests/test_acceptance_history.py::test_every_h7_persisted_event_has_its_original_fixed_contract[producer_principal-object_version_published/v1] PASSED [ 51%]
tests/test_acceptance_history.py::test_every_h7_persisted_event_has_its_original_fixed_contract[producer_principal-relation_published/v1] PASSED [ 52%]
tests/test_acceptance_history.py::test_every_h7_persisted_event_has_its_original_fixed_contract[producer_principal-transaction_committed/v1] PASSED [ 53%]
tests/test_acceptance_history.py::test_original_start_transaction_cannot_be_replaced_by_payload_assertions[outbox] PASSED [ 53%]
tests/test_acceptance_history.py::test_original_start_transaction_cannot_be_replaced_by_payload_assertions[commit_count] PASSED [ 54%]
tests/test_acceptance_history.py::test_original_start_transaction_cannot_be_replaced_by_payload_assertions[schema] PASSED [ 55%]
tests/test_acceptance_history.py::test_original_start_transaction_cannot_be_replaced_by_payload_assertions[member] PASSED [ 56%]
tests/test_acceptance_history.py::test_original_start_transaction_cannot_be_replaced_by_payload_assertions[current_head] PASSED [ 56%]
tests/test_acceptance_history.py::test_historical_member_inventory_rejects_orphan_original_rows[object] PASSED [ 57%]
tests/test_acceptance_history.py::test_historical_member_inventory_rejects_orphan_original_rows[event] PASSED [ 58%]
tests/test_acceptance_history.py::test_historical_member_inventory_rejects_orphan_original_rows[relation] PASSED [ 58%]
tests/test_acceptance_history.py::test_historical_member_inventory_rejects_orphan_original_rows[transaction] PASSED [ 59%]
tests/test_acceptance_history.py::test_original_start_fixed_envelope_is_not_inferred_from_payload[command_id] PASSED [ 60%]
tests/test_acceptance_history.py::test_original_start_fixed_envelope_is_not_inferred_from_payload[idempotency_key] PASSED [ 61%]
tests/test_acceptance_history.py::test_original_start_fixed_envelope_is_not_inferred_from_payload[correlation_id] PASSED [ 61%]
tests/test_acceptance_history.py::test_original_start_fixed_envelope_is_not_inferred_from_payload[causation_event_id] PASSED [ 62%]
tests/test_acceptance_history.py::test_original_start_fixed_envelope_is_not_inferred_from_payload[parent_event_ids_json] PASSED [ 63%]
tests/test_acceptance_history.py::test_original_start_fixed_envelope_is_not_inferred_from_payload[stream_id] PASSED [ 64%]
tests/test_acceptance_history.py::test_original_start_fixed_envelope_is_not_inferred_from_payload[aggregate_type] PASSED [ 64%]
tests/test_acceptance_history.py::test_original_start_fixed_envelope_is_not_inferred_from_payload[producer_principal] PASSED [ 65%]
tests/test_acceptance_history.py::test_original_start_fixed_envelope_is_not_inferred_from_payload[task_control_sequence] PASSED [ 66%]
tests/test_acceptance_history.py::test_broken_sqlite_source_is_fail_closed_without_uncaught_exception PASSED [ 66%]
tests/test_acceptance_history.py::test_opaque_business_reference_shapes_do_not_create_authority[version-direct-public_configuration] PASSED [ 67%]
tests/test_acceptance_history.py::test_opaque_business_reference_shapes_do_not_create_authority[version-direct-definition] PASSED [ 68%]
tests/test_acceptance_history.py::test_opaque_business_reference_shapes_do_not_create_authority[version-list-public_configuration] PASSED [ 69%]
tests/test_acceptance_history.py::test_opaque_business_reference_shapes_do_not_create_authority[version-list-definition] PASSED [ 69%]
tests/test_acceptance_history.py::test_opaque_business_reference_shapes_do_not_create_authority[version-map-public_configuration] PASSED [ 70%]
tests/test_acceptance_history.py::test_opaque_business_reference_shapes_do_not_create_authority[version-map-definition] PASSED [ 71%]
tests/test_acceptance_history.py::test_opaque_business_reference_shapes_do_not_create_authority[resource-direct-public_configuration] PASSED [ 71%]
tests/test_acceptance_history.py::test_opaque_business_reference_shapes_do_not_create_authority[resource-direct-definition] PASSED [ 72%]
tests/test_acceptance_history.py::test_opaque_business_reference_shapes_do_not_create_authority[resource-list-public_configuration] PASSED [ 73%]
tests/test_acceptance_history.py::test_opaque_business_reference_shapes_do_not_create_authority[resource-list-definition] PASSED [ 74%]
tests/test_acceptance_history.py::test_opaque_business_reference_shapes_do_not_create_authority[resource-map-public_configuration] PASSED [ 74%]
tests/test_acceptance_history.py::test_opaque_business_reference_shapes_do_not_create_authority[resource-map-definition] PASSED [ 75%]
tests/test_acceptance_history.py::test_schema_declared_real_authority_refs_still_require_original_bytes[claimed_input_refs] PASSED [ 76%]
tests/test_acceptance_history.py::test_schema_declared_real_authority_refs_still_require_original_bytes[content_schema_authority_ref] PASSED [ 76%]
tests/test_acceptance_history.py::test_schema_declared_array_and_map_refs_are_followed_but_free_data_is_not PASSED [ 77%]
tests/test_parent_child_core.py::test_real_parent_causal_chain_is_provisional PASSED [ 78%]
tests/test_parent_child_core.py::test_bound_origin_true_admission_start_success PASSED [ 79%]
tests/test_parent_child_core.py::test_parent_pn_declared_prerequisites_not_host_flags[values0] PASSED [ 79%]
tests/test_parent_child_core.py::test_parent_pn_declared_prerequisites_not_host_flags[values1] PASSED [ 80%]
tests/test_parent_child_core.py::test_parent_pn_declared_prerequisites_not_host_flags[values2] PASSED [ 81%]
tests/test_parent_child_core.py::test_parent_pn_declared_prerequisites_not_host_flags[values3] PASSED [ 82%]
tests/test_parent_child_core.py::test_no_native_evidence_constructor_or_json_permission PASSED [ 82%]
tests/test_parent_child_core.py::test_parent_commit_rejects_mutated_native_closure[start_id] PASSED [ 83%]
tests/test_parent_child_core.py::test_parent_commit_rejects_mutated_native_closure[generation] PASSED [ 84%]
tests/test_parent_child_core.py::test_parent_commit_rejects_mutated_native_closure[lease] PASSED [ 84%]
tests/test_parent_child_core.py::test_parent_commit_rejects_mutated_native_closure[parent_run] PASSED [ 85%]
tests/test_parent_child_core.py::test_parent_commit_rejects_mutated_native_closure[slot] PASSED [ 86%]
tests/test_parent_child_core.py::test_parent_commit_rejects_mutated_native_closure[target] PASSED [ 87%]
tests/test_parent_child_core.py::test_parent_commit_rejects_mutated_native_closure[material] PASSED [ 87%]
tests/test_parent_child_core.py::test_intent_replay_rechecks_live_entry_before_exact_replay[stop] PASSED [ 88%]
tests/test_parent_child_core.py::test_intent_replay_rechecks_live_entry_before_exact_replay[new_writer] PASSED [ 89%]
tests/test_parent_child_core.py::test_acceptance_direct_exact_replay_requires_native_boundary PASSED [ 89%]
tests/test_parent_child_core.py::test_parent_unknown_completion_cannot_release_slot PASSED [ 90%]
tests/test_parent_child_core.py::test_parent_start_payload_is_fully_rechecked PASSED [ 91%]
tests/test_parent_child_core.py::test_child_no_writable_reentry_zero_epoch_change PASSED [ 92%]
tests/test_parent_child_core.py::test_child_direct_closed_authority_cannot_revive PASSED [ 92%]
tests/test_parent_child_core.py::test_child_origin_cannot_be_cloned_by_raw_transaction PASSED [ 93%]
tests/test_parent_child_core.py::test_child_missing_origin_arc_rejected_at_original_adoption PASSED [ 94%]
tests/test_parent_child_core.py::test_child_initial_adoption_replay_and_successor_rejection PASSED [ 94%]
tests/test_parent_child_core.py::test_protocol_marker_pair_required_and_bound_schema_not_public PASSED [ 95%]
tests/test_parent_child_core.py::test_child_first_start_and_admission_replay_after_durable_stop_rejected PASSED [ 96%]
tests/test_parent_child_core.py::test_child_started_completion_keeps_draining_without_durable_stop PASSED [ 97%]
tests/test_parent_child_core.py::test_generic_raw_transaction_cannot_mint_protected_capability PASSED [ 97%]
tests/test_parent_child_core.py::test_bound_registered_completion_then_one_success_without_remint PASSED [ 98%]
tests/test_parent_child_core.py::test_protected_weak_edges_rejected_before_commit[parent_bound_bootstrap/v1] PASSED [ 99%]
tests/test_parent_child_core.py::test_protected_weak_edges_rejected_before_commit[parent_bound_origin/v1] PASSED [100%]

- generated xml file: /workspace/scratch/18c810e6dd59/rpnh-acceptance-history-validator/evidence/final2-author.xml -
======================= 139 passed in 308.81s (0:05:08) ========================
