============================= test session starts ==============================
platform linux -- Python 3.12.14, pytest-8.4.2, pluggy-1.6.0 -- /workspace/scratch/18c810e6dd59/rpnh-recovery-20261003/source/.venv/bin/python
rootdir: /workspace/scratch/18c810e6dd59/rpnh-acceptance-history-validator/source
collecting ... collected 93 items / 76 deselected / 17 selected

tests/test_acceptance_history.py::test_history_of_live_provisional_acceptance PASSED [  5%]
tests/test_acceptance_history.py::test_real_later_lifecycle_preserves_history_without_live_permission[durable_stop] PASSED [ 11%]
tests/test_acceptance_history.py::test_real_later_lifecycle_preserves_history_without_live_permission[new_writer] PASSED [ 17%]
tests/test_acceptance_history.py::test_historical_member_inventory_rejects_orphan_original_rows[object] PASSED [ 23%]
tests/test_acceptance_history.py::test_historical_member_inventory_rejects_orphan_original_rows[event] PASSED [ 29%]
tests/test_acceptance_history.py::test_historical_member_inventory_rejects_orphan_original_rows[relation] PASSED [ 35%]
tests/test_acceptance_history.py::test_historical_member_inventory_rejects_orphan_original_rows[transaction] PASSED [ 41%]
tests/test_acceptance_history.py::test_original_start_fixed_envelope_is_not_inferred_from_payload[command_id] PASSED [ 47%]
tests/test_acceptance_history.py::test_original_start_fixed_envelope_is_not_inferred_from_payload[idempotency_key] PASSED [ 52%]
tests/test_acceptance_history.py::test_original_start_fixed_envelope_is_not_inferred_from_payload[correlation_id] PASSED [ 58%]
tests/test_acceptance_history.py::test_original_start_fixed_envelope_is_not_inferred_from_payload[causation_event_id] PASSED [ 64%]
tests/test_acceptance_history.py::test_original_start_fixed_envelope_is_not_inferred_from_payload[parent_event_ids_json] PASSED [ 70%]
tests/test_acceptance_history.py::test_original_start_fixed_envelope_is_not_inferred_from_payload[stream_id] PASSED [ 76%]
tests/test_acceptance_history.py::test_original_start_fixed_envelope_is_not_inferred_from_payload[aggregate_type] PASSED [ 82%]
tests/test_acceptance_history.py::test_original_start_fixed_envelope_is_not_inferred_from_payload[producer_principal] PASSED [ 88%]
tests/test_acceptance_history.py::test_original_start_fixed_envelope_is_not_inferred_from_payload[task_control_sequence] PASSED [ 94%]
tests/test_acceptance_history.py::test_broken_sqlite_source_is_fail_closed_without_uncaught_exception PASSED [100%]

- generated xml file: /workspace/scratch/18c810e6dd59/rpnh-acceptance-history-validator/evidence/hardening2-smoke.xml -
====================== 17 passed, 76 deselected in 35.82s ======================
