============================= test session starts ==============================
platform linux -- Python 3.12.14, pytest-8.4.2, pluggy-1.6.0 -- /workspace/scratch/18c810e6dd59/rpnh-recovery-20261003/source/.venv/bin/python
rootdir: /workspace/scratch/18c810e6dd59/rpnh-acceptance-history-validator/source
collecting ... collected 108 items / 90 deselected / 18 selected

tests/test_acceptance_history.py::test_history_of_live_provisional_acceptance PASSED [  5%]
tests/test_acceptance_history.py::test_real_later_lifecycle_preserves_history_without_live_permission[durable_stop] PASSED [ 11%]
tests/test_acceptance_history.py::test_real_later_lifecycle_preserves_history_without_live_permission[new_writer] PASSED [ 16%]
tests/test_acceptance_history.py::test_opaque_business_reference_shapes_do_not_create_authority[version-direct-public_configuration] PASSED [ 22%]
tests/test_acceptance_history.py::test_opaque_business_reference_shapes_do_not_create_authority[version-direct-definition] PASSED [ 27%]
tests/test_acceptance_history.py::test_opaque_business_reference_shapes_do_not_create_authority[version-list-public_configuration] PASSED [ 33%]
tests/test_acceptance_history.py::test_opaque_business_reference_shapes_do_not_create_authority[version-list-definition] PASSED [ 38%]
tests/test_acceptance_history.py::test_opaque_business_reference_shapes_do_not_create_authority[version-map-public_configuration] PASSED [ 44%]
tests/test_acceptance_history.py::test_opaque_business_reference_shapes_do_not_create_authority[version-map-definition] PASSED [ 50%]
tests/test_acceptance_history.py::test_opaque_business_reference_shapes_do_not_create_authority[resource-direct-public_configuration] PASSED [ 55%]
tests/test_acceptance_history.py::test_opaque_business_reference_shapes_do_not_create_authority[resource-direct-definition] PASSED [ 61%]
tests/test_acceptance_history.py::test_opaque_business_reference_shapes_do_not_create_authority[resource-list-public_configuration] PASSED [ 66%]
tests/test_acceptance_history.py::test_opaque_business_reference_shapes_do_not_create_authority[resource-list-definition] PASSED [ 72%]
tests/test_acceptance_history.py::test_opaque_business_reference_shapes_do_not_create_authority[resource-map-public_configuration] PASSED [ 77%]
tests/test_acceptance_history.py::test_opaque_business_reference_shapes_do_not_create_authority[resource-map-definition] PASSED [ 83%]
tests/test_acceptance_history.py::test_schema_declared_real_authority_refs_still_require_original_bytes[claimed_input_refs] PASSED [ 88%]
tests/test_acceptance_history.py::test_schema_declared_real_authority_refs_still_require_original_bytes[content_schema_authority_ref] PASSED [ 94%]
tests/test_acceptance_history.py::test_schema_declared_array_and_map_refs_are_followed_but_free_data_is_not PASSED [100%]

- generated xml file: /workspace/scratch/18c810e6dd59/rpnh-acceptance-history-validator/evidence/hardening3-smoke.xml -
====================== 18 passed, 90 deselected in 38.72s ======================
