============================= test session starts ==============================
platform linux -- Python 3.12.14, pytest-8.4.2, pluggy-1.6.0 -- /workspace/scratch/18c810e6dd59/rpnh-recovery-20261003/source/.venv/bin/python
rootdir: /workspace/scratch/18c810e6dd59/rpnh-acceptance-history-validator/source
collecting ... collected 87 items

tests/test_acceptance_history.py::test_history_of_live_provisional_acceptance PASSED [  1%]
tests/test_acceptance_history.py::test_real_later_lifecycle_preserves_history_without_live_permission[durable_stop] PASSED [  2%]
tests/test_acceptance_history.py::test_real_later_lifecycle_preserves_history_without_live_permission[new_writer] PASSED [  3%]
tests/test_acceptance_history.py::test_real_later_lifecycle_preserves_history_without_live_permission[terminal_ready] FAILED [  4%]
tests/test_acceptance_history.py::test_origin_assertions_do_not_replace_original_evidence[source_id] PASSED [  5%]
tests/test_acceptance_history.py::test_origin_assertions_do_not_replace_original_evidence[binding_ref] PASSED [  6%]
tests/test_acceptance_history.py::test_origin_assertions_do_not_replace_original_evidence[run_ref] PASSED [  8%]
tests/test_acceptance_history.py::test_origin_assertions_do_not_replace_original_evidence[task_ref] PASSED [  9%]
tests/test_acceptance_history.py::test_origin_assertions_do_not_replace_original_evidence[slot_id] PASSED [ 10%]
tests/test_acceptance_history.py::test_origin_assertions_do_not_replace_original_evidence[acceptance_ref] PASSED [ 11%]
tests/test_acceptance_history.py::test_origin_assertions_do_not_replace_original_evidence[transaction_id] PASSED [ 12%]
tests/test_acceptance_history.py::test_origin_assertions_do_not_replace_original_evidence[event_id] PASSED [ 13%]
tests/test_acceptance_history.py::test_origin_assertions_do_not_replace_original_evidence[commit_ordinal] PASSED [ 14%]
tests/test_acceptance_history.py::test_origin_assertions_do_not_replace_original_evidence[acceptance_sha256] PASSED [ 16%]
tests/test_acceptance_history.py::test_origin_assertions_do_not_replace_original_evidence[intent_sha256] PASSED [ 17%]
tests/test_acceptance_history.py::test_origin_assertions_do_not_replace_original_evidence[initial_declaration_digest] PASSED [ 18%]
tests/test_acceptance_history.py::test_copied_json_and_asserted_booleans_are_not_history_authority[value0] PASSED [ 19%]
tests/test_acceptance_history.py::test_copied_json_and_asserted_booleans_are_not_history_authority[True] PASSED [ 20%]
tests/test_acceptance_history.py::test_copied_json_and_asserted_booleans_are_not_history_authority[value2] PASSED [ 21%]
tests/test_acceptance_history.py::test_copied_json_and_asserted_booleans_are_not_history_authority[value3] PASSED [ 22%]
tests/test_acceptance_history.py::test_copied_json_and_asserted_booleans_are_not_history_authority[value4] PASSED [ 24%]
tests/test_acceptance_history.py::test_valid_history_never_becomes_receipt_native_evidence_or_body_export PASSED [ 25%]
tests/test_acceptance_history.py::test_original_registry_damage_fails_closed[transaction_status] PASSED [ 26%]
tests/test_acceptance_history.py::test_original_registry_damage_fails_closed[transaction_command] PASSED [ 27%]
tests/test_acceptance_history.py::test_original_registry_damage_fails_closed[transaction_epoch] PASSED [ 28%]
tests/test_acceptance_history.py::test_original_registry_damage_fails_closed[outbox_order] PASSED [ 29%]
tests/test_acceptance_history.py::test_original_registry_damage_fails_closed[commit_count] PASSED [ 31%]
tests/test_acceptance_history.py::test_original_registry_damage_fails_closed[commit_schema] PASSED [ 32%]
tests/test_acceptance_history.py::test_original_registry_damage_fails_closed[record_schema] PASSED [ 33%]
tests/test_acceptance_history.py::test_original_registry_damage_fails_closed[record_payload] PASSED [ 34%]
tests/test_acceptance_history.py::test_original_registry_damage_fails_closed[record_producer] PASSED [ 35%]
tests/test_acceptance_history.py::test_original_registry_damage_fails_closed[record_command] PASSED [ 36%]
tests/test_acceptance_history.py::test_original_registry_damage_fails_closed[object_schema] PASSED [ 37%]
tests/test_acceptance_history.py::test_original_registry_damage_fails_closed[object_storage] PASSED [ 39%]
tests/test_acceptance_history.py::test_original_registry_damage_fails_closed[object_metadata] PASSED [ 40%]
tests/test_acceptance_history.py::test_original_registry_damage_fails_closed[member_object_missing] PASSED [ 41%]
tests/test_acceptance_history.py::test_original_registry_damage_fails_closed[member_event_missing] PASSED [ 42%]
tests/test_acceptance_history.py::test_original_registry_damage_fails_closed[member_relation_missing] PASSED [ 43%]
tests/test_acceptance_history.py::test_original_registry_damage_fails_closed[member_transaction_missing] PASSED [ 44%]
tests/test_acceptance_history.py::test_original_registry_damage_fails_closed[member_wrong_tx] PASSED [ 45%]
tests/test_acceptance_history.py::test_original_registry_damage_fails_closed[root_net] PASSED [ 47%]
tests/test_acceptance_history.py::test_original_registry_damage_fails_closed[root_opening] PASSED [ 48%]
tests/test_acceptance_history.py::test_original_registry_damage_fails_closed[relation_weak] PASSED [ 49%]
tests/test_acceptance_history.py::test_original_registry_damage_fails_closed[relation_source] PASSED [ 50%]
tests/test_acceptance_history.py::test_original_registry_damage_fails_closed[relation_target] PASSED [ 51%]
tests/test_acceptance_history.py::test_original_registry_damage_fails_closed[relation_producer] PASSED [ 52%]
tests/test_acceptance_history.py::test_original_registry_damage_fails_closed[start_payload] PASSED [ 54%]
tests/test_acceptance_history.py::test_original_registry_damage_fails_closed[start_producer] PASSED [ 55%]
tests/test_acceptance_history.py::test_original_registry_damage_fails_closed[source_metadata] PASSED [ 56%]
tests/test_acceptance_history.py::test_original_registry_damage_fails_closed[current_stream_head] PASSED [ 57%]
tests/test_acceptance_history.py::test_original_registry_damage_fails_closed[at_cut_authority] PASSED [ 58%]
tests/test_acceptance_history.py::test_original_registry_damage_fails_closed[later_slot_conflict] PASSED [ 59%]
tests/test_acceptance_history.py::test_original_immutable_bytes_are_required[acceptance] PASSED [ 60%]
tests/test_acceptance_history.py::test_original_immutable_bytes_are_required[intent] PASSED [ 62%]
tests/test_acceptance_history.py::test_original_immutable_bytes_are_required[request] PASSED [ 63%]
tests/test_acceptance_history.py::test_fresh_read_does_not_trust_prior_reader_memo PASSED [ 64%]
tests/test_parent_child_core.py::test_real_parent_causal_chain_is_provisional PASSED [ 65%]
tests/test_parent_child_core.py::test_bound_origin_true_admission_start_success PASSED [ 66%]
tests/test_parent_child_core.py::test_parent_pn_declared_prerequisites_not_host_flags[values0] PASSED [ 67%]
tests/test_parent_child_core.py::test_parent_pn_declared_prerequisites_not_host_flags[values1] PASSED [ 68%]
tests/test_parent_child_core.py::test_parent_pn_declared_prerequisites_not_host_flags[values2] PASSED [ 70%]
tests/test_parent_child_core.py::test_parent_pn_declared_prerequisites_not_host_flags[values3] PASSED [ 71%]
tests/test_parent_child_core.py::test_no_native_evidence_constructor_or_json_permission PASSED [ 72%]
tests/test_parent_child_core.py::test_parent_commit_rejects_mutated_native_closure[start_id] PASSED [ 73%]
tests/test_parent_child_core.py::test_parent_commit_rejects_mutated_native_closure[generation] PASSED [ 74%]
tests/test_parent_child_core.py::test_parent_commit_rejects_mutated_native_closure[lease] PASSED [ 75%]
tests/test_parent_child_core.py::test_parent_commit_rejects_mutated_native_closure[parent_run] PASSED [ 77%]
tests/test_parent_child_core.py::test_parent_commit_rejects_mutated_native_closure[slot] PASSED [ 78%]
tests/test_parent_child_core.py::test_parent_commit_rejects_mutated_native_closure[target] PASSED [ 79%]
tests/test_parent_child_core.py::test_parent_commit_rejects_mutated_native_closure[material] PASSED [ 80%]
tests/test_parent_child_core.py::test_intent_replay_rechecks_live_entry_before_exact_replay[stop] PASSED [ 81%]
tests/test_parent_child_core.py::test_intent_replay_rechecks_live_entry_before_exact_replay[new_writer] PASSED [ 82%]
tests/test_parent_child_core.py::test_acceptance_direct_exact_replay_requires_native_boundary PASSED [ 83%]
tests/test_parent_child_core.py::test_parent_unknown_completion_cannot_release_slot PASSED [ 85%]
tests/test_parent_child_core.py::test_parent_start_payload_is_fully_rechecked PASSED [ 86%]
tests/test_parent_child_core.py::test_child_no_writable_reentry_zero_epoch_change PASSED [ 87%]
tests/test_parent_child_core.py::test_child_direct_closed_authority_cannot_revive PASSED [ 88%]
tests/test_parent_child_core.py::test_child_origin_cannot_be_cloned_by_raw_transaction PASSED [ 89%]
tests/test_parent_child_core.py::test_child_missing_origin_arc_rejected_at_original_adoption PASSED [ 90%]
tests/test_parent_child_core.py::test_child_initial_adoption_replay_and_successor_rejection PASSED [ 91%]
tests/test_parent_child_core.py::test_protocol_marker_pair_required_and_bound_schema_not_public PASSED [ 93%]
tests/test_parent_child_core.py::test_child_first_start_and_admission_replay_after_durable_stop_rejected PASSED [ 94%]
tests/test_parent_child_core.py::test_child_started_completion_keeps_draining_without_durable_stop PASSED [ 95%]
tests/test_parent_child_core.py::test_generic_raw_transaction_cannot_mint_protected_capability PASSED [ 96%]
tests/test_parent_child_core.py::test_bound_registered_completion_then_one_success_without_remint PASSED [ 97%]
tests/test_parent_child_core.py::test_protected_weak_edges_rejected_before_commit[parent_bound_bootstrap/v1] PASSED [ 98%]
tests/test_parent_child_core.py::test_protected_weak_edges_rejected_before_commit[parent_bound_origin/v1] PASSED [100%]

=================================== FAILURES ===================================
_ test_real_later_lifecycle_preserves_history_without_live_permission[terminal_ready] _
tests/test_acceptance_history.py:53: in test_real_later_lifecycle_preserves_history_without_live_permission
    InvocationLifecycle(core).mark_operation_terminal_ready(execution.operation.canonical.context,
cpn/rpnh/registry/invocations.py:460: in mark_operation_terminal_ready
    return implementation(self, context, package, idempotency_key=idempotency_key, recovering_committed_agent_actions=recovering_committed_agent_actions)
           ^^^^^^^^^^^^^^^^^^^^^^^^^^^^^^^^^^^^^^^^^^^^^^^^^^^^^^^^^^^^^^^^^^^^^^^^^^^^^^^^^^^^^^^^^^^^^^^^^^^^^^^^^^^^^^^^^^^^^^^^^^^^^^^^^^^^^^^^^^^^^^
cpn/rpnh/registry/_invocation/terminal.py:681: in mark_operation_terminal_ready
    return lifecycle._mark_operation_terminal_ready(
cpn/rpnh/registry/invocations.py:476: in _mark_operation_terminal_ready
    return implementation(self, context, package, idempotency_key=idempotency_key, recovering_committed_agent_actions=recovering_committed_agent_actions, historical_request=historical_request)
           ^^^^^^^^^^^^^^^^^^^^^^^^^^^^^^^^^^^^^^^^^^^^^^^^^^^^^^^^^^^^^^^^^^^^^^^^^^^^^^^^^^^^^^^^^^^^^^^^^^^^^^^^^^^^^^^^^^^^^^^^^^^^^^^^^^^^^^^^^^^^^^^^^^^^^^^^^^^^^^^^^^^^^^^^^^^^^^^^^^^^^
cpn/rpnh/registry/_invocation/terminal.py:754: in _mark_operation_terminal_ready
    output_resource_refs = lifecycle._validate_terminal_output_refs(
cpn/rpnh/registry/invocations.py:452: in _validate_terminal_output_refs
    return implementation(self, context, values, enforce_normal_cardinality=enforce_normal_cardinality, recovering_committed_agent_actions=recovering_committed_agent_actions)
           ^^^^^^^^^^^^^^^^^^^^^^^^^^^^^^^^^^^^^^^^^^^^^^^^^^^^^^^^^^^^^^^^^^^^^^^^^^^^^^^^^^^^^^^^^^^^^^^^^^^^^^^^^^^^^^^^^^^^^^^^^^^^^^^^^^^^^^^^^^^^^^^^^^^^^^^^^^^^^^^^^^^
cpn/rpnh/registry/_invocation/terminal.py:592: in _validate_terminal_output_refs
    activation_ref = _ref_from_payload(origin.get("secondary_ref", {}))
                     ^^^^^^^^^^^^^^^^^^^^^^^^^^^^^^^^^^^^^^^^^^^^^^^^^^
cpn/rpnh/registry/invocations.py:60: in _ref_from_payload
    raise TypeError("exact version reference must be an object")
E   TypeError: exact version reference must be an object
- generated xml file: /workspace/scratch/18c810e6dd59/rpnh-acceptance-history-validator/evidence/suite1.xml -
=========================== short test summary info ============================
FAILED tests/test_acceptance_history.py::test_real_later_lifecycle_preserves_history_without_live_permission[terminal_ready]
=================== 1 failed, 86 passed in 190.81s (0:03:10) ===================
