FF.............................                                          [100%]
=================================== FAILURES ===================================
____ test_declared_prompt_preserves_exact_outcomes_and_schema_aware_content ____

    def test_declared_prompt_preserves_exact_outcomes_and_schema_aware_content() -> None:
        operation = SimpleNamespace(declaration=SimpleNamespace(
            config={"node_synopsis": "Produce the declared result."},
            outcomes=tuple(SimpleNamespace(
                name=name, products=(SimpleNamespace(port=port),),
            ) for name, port in (
                ("accepted", "worker.result"),
                ("needs_revision", "worker.feedback"),
                ("interrupted", "worker.checkpoint"),
            )),
        ))
    
        prompt = _declared_agent_prompt(
            operation, LLMInputTarget("offline", 1024, 8192))
        instruction = prompt["messages"][1]["content"]
    
        assert prompt["messages"][0]["content"] == "Produce the declared result."
        assert "accepted=worker.result; needs_revision=worker.feedback" in instruction
        assert "interrupted=" not in instruction
        assert "outcome_id to the exact name before '='" in instruction
        assert "never substitute internal port_* handles" in instruction
>       assert "application/rpnh_agent_text/v1" in instruction
E       AssertionError: assert 'application/rpnh_agent_text/v1' in 'Use only these exact declared semantic outcome and output-port identifiers: accepted=worker.result; needs_revision=wo...ved-comment policy on completion. After all products are registered, call complete_interaction as the final tool call.'

tests/test_optional_output_guidance.py:39: AssertionError
_____ test_materialized_optional_catalog_and_prompt_agree_on_write_content _____

    def test_materialized_optional_catalog_and_prompt_agree_on_write_content() -> None:
        module = build_agent_task_module((AgentStage("main", "Produce a result."),))
        compiled = compile_module(module, agent_task_registration())
        operation = next(item for item in compiled.operations
                         if item.declaration.name == "main.run")
        prompt = _declared_agent_prompt(
            operation, LLMInputTarget("offline", 1024, 8192))
        descriptors = [
            {"name": name, **{
                field: compiled.registrations["tool"][name]["contracts"][field]
                for field in ("description", "arguments")
            }}
            for name in operation.declaration.tools
        ]
        envelope = materialize_agent_request_envelope(
            model_condition=prompt["model_condition"],
            max_output_tokens=prompt["max_output_tokens"],
            system_content="Follow the exact declared tool contracts.",
            prompt_messages=prompt["messages"], history_messages=(),
            tool_descriptors=descriptors,
            source_prompt_ref={"fixture": "prompt"},
            tool_catalog_ref={"fixture": "catalog"},
        )
        write = next(item["function"] for item in envelope["tools"]
                     if item["function"]["name"] == "write_file")
        instructions = "\n".join(item["content"] for item in envelope["messages"])
    
        for guidance in ("content is direct text", "content is one JSON document"):
            assert guidance in write["description"]
>           assert guidance in instructions
E           AssertionError: assert 'content is direct text' in 'Follow the exact declared tool contracts.\nProduce a result.\nUse only these exact declared semantic outcome and outp...all complete_interaction as the final tool call.\nComplete the exact registered request using only the declared tools.'

tests/test_optional_output_guidance.py:81: AssertionError
- generated xml file: <CLOUD_WORKSPACE>/rpnh-output-guidance-fix/evidence/before-prompt-fix.xml -
=========================== short test summary info ============================
FAILED tests/test_optional_output_guidance.py::test_declared_prompt_preserves_exact_outcomes_and_schema_aware_content
FAILED tests/test_optional_output_guidance.py::test_materialized_optional_catalog_and_prompt_agree_on_write_content
2 failed, 29 passed in 0.78s
