============================= test session starts ==============================
platform linux -- Python 3.13.12, pytest-9.1.1, pluggy-1.6.0 -- <VENV>/bin/python
rootdir: <SOURCE>/examples/erp_bench
configfile: pyproject.toml
plugins: anyio-4.15.1, platformdirs-4.12.4
collecting ... collected 39 items

examples/erp_bench/tests/test_plugin.py::PluginTests::test_cancellation_before_dispatch PASSED [  2%]
examples/erp_bench/tests/test_plugin.py::PluginTests::test_closed_schema_and_timeout PASSED [  5%]
examples/erp_bench/tests/test_plugin.py::PluginTests::test_handler_routes_actual_native_context_identity PASSED [  7%]
examples/erp_bench/tests/test_plugin.py::PluginTests::test_importable_factory_effects_and_bindings PASSED [ 10%]
examples/erp_bench/tests/test_plugin.py::PluginTests::test_lost_completed_reply_is_unknown_and_blocks_next_effect PASSED [ 12%]
examples/erp_bench/tests/test_plugin.py::PluginTests::test_pure_planning_operation_needs_no_bridge PASSED [ 15%]
examples/erp_bench/tests/test_bridge.py::BridgeTests::test_close_admission_cancels_and_rejects_new_calls PASSED [ 17%]
examples/erp_bench/tests/test_bridge.py::BridgeTests::test_completed_response_loss_blocks_next_call_before_delivery_lock_releases PASSED [ 20%]
examples/erp_bench/tests/test_bridge.py::BridgeTests::test_concurrent_writes_are_serialized PASSED [ 23%]
examples/erp_bench/tests/test_bridge.py::BridgeTests::test_deadline_propagates_cooperative_cancellation PASSED [ 25%]
examples/erp_bench/tests/test_bridge.py::BridgeTests::test_disconnect_does_not_replay_inflight_mutation PASSED [ 28%]
examples/erp_bench/tests/test_bridge.py::BridgeTests::test_domain_infeasible_is_preserved PASSED [ 30%]
examples/erp_bench/tests/test_bridge.py::BridgeTests::test_duplicate_changed_identity_or_source_is_rejected PASSED [ 33%]
examples/erp_bench/tests/test_bridge.py::BridgeTests::test_identity_bounded_response_and_duplicate_known_result PASSED [ 35%]
examples/erp_bench/tests/test_bridge.py::BridgeTests::test_interrupted_backend_also_closes_world_to_new_writes PASSED [ 38%]
examples/erp_bench/tests/test_bridge.py::BridgeTests::test_oversized_frame_rejected_without_reading_body PASSED [ 41%]
examples/erp_bench/tests/test_bridge.py::BridgeTests::test_python_is_not_keyword_filtered PASSED [ 43%]
examples/erp_bench/tests/test_bridge.py::BridgeTests::test_unknown_is_not_replayed_and_blocks_later_writes PASSED [ 46%]
examples/erp_bench/tests/test_bridge.py::BridgeTests::test_wrong_trial_and_model_transport_fields_are_rejected PASSED [ 48%]
examples/erp_bench/tests/test_bridge.py::HarborContractTests::test_actual_probe_failure_blocks_preparation PASSED [ 51%]
examples/erp_bench/tests/test_bridge.py::HarborContractTests::test_container_programs_compile_without_running_actor_code PASSED [ 53%]
examples/erp_bench/tests/test_bridge.py::HarborContractTests::test_delayed_compose_dispatch_is_killed_again_before_quiescence PASSED [ 56%]
examples/erp_bench/tests/test_bridge.py::HarborContractTests::test_early_stop_long_script_kills_promptly_then_fails_bounded_without_rpc_cancel PASSED [ 58%]
examples/erp_bench/tests/test_bridge.py::HarborContractTests::test_exact_fresh_declared_odoo_anonymous_volumes_are_accepted PASSED [ 61%]
examples/erp_bench/tests/test_bridge.py::HarborContractTests::test_exact_script_upload_generated_name_one_exec_loop_and_cleanup PASSED [ 64%]
examples/erp_bench/tests/test_bridge.py::HarborContractTests::test_failed_rpc_is_not_quiescence_even_if_wrapper_finished PASSED [ 66%]
examples/erp_bench/tests/test_bridge.py::HarborContractTests::test_lingering_background_process_is_unknown PASSED [ 69%]
examples/erp_bench/tests/test_bridge.py::HarborContractTests::test_literal_docker_none_needs_no_harbor_phase_policy PASSED [ 71%]
examples/erp_bench/tests/test_bridge.py::HarborContractTests::test_lost_harbor_response_poison_and_no_new_exec PASSED [ 74%]
examples/erp_bench/tests/test_bridge.py::HarborContractTests::test_nonzero_script_result_is_failed PASSED [ 76%]
examples/erp_bench/tests/test_bridge.py::HarborContractTests::test_offline_package_staging_uses_generated_container_paths PASSED [ 79%]
examples/erp_bench/tests/test_bridge.py::HarborContractTests::test_old_other_world_named_and_undeclared_volumes_are_rejected 
examples/erp_bench/tests/test_bridge.py::HarborContractTests::test_old_other_world_named_and_undeclared_volumes_are_rejected PASSED [ 82%]
examples/erp_bench/tests/test_bridge.py::HarborContractTests::test_quiesce_closes_backend_and_confirms_processes PASSED [ 84%]
examples/erp_bench/tests/test_bridge.py::HarborContractTests::test_quiesce_during_upload_cannot_launch_script_after_stop PASSED [ 87%]
examples/erp_bench/tests/test_bridge.py::HarborContractTests::test_root_python_cannot_import_agent_workspace_shadow_modules PASSED [ 89%]
examples/erp_bench/tests/test_bridge.py::HarborContractTests::test_rpc_timeout_error_is_not_mistaken_for_polling_a_long_script PASSED [ 92%]
examples/erp_bench/tests/test_bridge.py::HarborContractTests::test_unprepared_environment_is_rejected PASSED [ 94%]
examples/erp_bench/tests/test_bridge.py::HarborContractTests::test_unsafe_mount_hostnetwork_and_privilege_rejected PASSED [ 97%]
examples/erp_bench/tests/test_bridge.py::HarborContractTests::test_unsettled_compose_rpc_blocks_freeze_without_cancelling_it PASSED [100%]

- generated xml file: <TASK>/evidence/transport-01/junit.xml -
==================== 39 passed, 4 subtests passed in 8.34s =====================
