examples/tool_pipeline/tests/test_pipeline.py::test_complete_report_and_independent_validation
examples/tool_pipeline/tests/test_pipeline.py::test_real_overlap_capacity_and_branch_progress
examples/tool_pipeline/tests/test_pipeline.py::test_exact_lineage_and_partial_order
examples/tool_pipeline/tests/test_pipeline.py::test_readback_needs_no_exports_or_process_cache
examples/tool_pipeline/tests/test_pipeline.py::test_round_each_interval_half_up
examples/tool_pipeline/tests/test_pipeline.py::test_invalid_data_cannot_reach_final[unit]
examples/tool_pipeline/tests/test_pipeline.py::test_invalid_data_cannot_reach_final[time]
examples/tool_pipeline/tests/test_pipeline.py::test_invalid_data_cannot_reach_final[both_invalid]
examples/tool_pipeline/tests/test_pipeline.py::test_invalid_data_cannot_reach_final[candidate]
examples/tool_pipeline/tests/test_pipeline.py::test_input_middleware_rejects_invalid_values[negative]
examples/tool_pipeline/tests/test_pipeline.py::test_input_middleware_rejects_invalid_values[float]
examples/tool_pipeline/tests/test_pipeline.py::test_input_middleware_rejects_invalid_values[duplicate]
examples/tool_pipeline/tests/test_pipeline.py::test_input_middleware_rejects_invalid_values[nan]
examples/tool_pipeline/tests/test_pipeline.py::test_input_middleware_rejects_invalid_values[timezone]
examples/tool_pipeline/tests/test_pipeline.py::test_input_middleware_rejects_invalid_values[overlap]
examples/tool_pipeline/tests/test_pipeline.py::test_input_middleware_rejects_invalid_values[too_large]
examples/tool_pipeline/tests/test_pipeline.py::test_worker_exception_keeps_unresolved_firing
examples/tool_pipeline/tests/test_pipeline.py::test_truncated_final_payload_fails_readback
examples/tool_pipeline/tests/test_pipeline.py::test_independent_validator_rejects_other_schema_valid_candidates[source_version]
examples/tool_pipeline/tests/test_pipeline.py::test_independent_validator_rejects_other_schema_valid_candidates[line_amount]
examples/tool_pipeline/tests/test_pipeline.py::test_independent_validator_rejects_other_schema_valid_candidates[total_usage]
examples/tool_pipeline/tests/test_pipeline.py::test_independent_validator_rejects_other_schema_valid_candidates[missing_line]

22 tests collected in 0.15s
