============================= test session starts ==============================
platform linux -- Python 3.13.12, pytest-9.1.1, pluggy-1.6.0 -- <VENV>/bin/python
rootdir: <SOURCE>
configfile: pyproject.toml
plugins: anyio-4.15.1, platformdirs-4.12.4
collecting ... collected 26 items

examples/erp_bench/tests/test_managed_receipts.py::test_unknown_reaches_registry_and_blocks_replays_and_new_calls[unknown] PASSED [  3%]
examples/erp_bench/tests/test_managed_receipts.py::test_unknown_reaches_registry_and_blocks_replays_and_new_calls[backend_exception] PASSED [  7%]
examples/erp_bench/tests/test_managed_receipts.py::test_unknown_reaches_registry_and_blocks_replays_and_new_calls[lost_reply] PASSED [ 11%]
examples/erp_bench/tests/test_managed_receipts.py::test_unknown_reaches_registry_and_blocks_replays_and_new_calls[bad_schema] PASSED [ 15%]
examples/erp_bench/tests/test_managed_receipts.py::test_unknown_reaches_registry_and_blocks_replays_and_new_calls[wrong_identity] PASSED [ 19%]
examples/erp_bench/tests/test_managed_receipts.py::test_unknown_reaches_registry_and_blocks_replays_and_new_calls[partial_send] PASSED [ 23%]
examples/erp_bench/tests/test_managed_receipts.py::test_known_results_remain_returned_and_allow_later_call[completed] PASSED [ 26%]
examples/erp_bench/tests/test_managed_receipts.py::test_known_results_remain_returned_and_allow_later_call[failed] PASSED [ 30%]
examples/erp_bench/tests/test_managed_receipts.py::test_known_results_remain_returned_and_allow_later_call[domain_infeasible] PASSED [ 34%]
examples/erp_bench/tests/test_managed_receipts.py::test_interrupted_is_unchanged_and_bridge_safety_gate_remains PASSED [ 38%]
examples/erp_bench/tests/test_managed_receipts.py::test_connect_failure_is_still_conservatively_unknown PASSED [ 42%]
tests/test_managed_plugin_tools.py::test_explicit_allowlist_projects_one_pure_plugin_operation PASSED [ 46%]
tests/test_managed_plugin_tools.py::test_managed_worker_packet_carries_exact_call_identity PASSED [ 50%]
tests/test_managed_plugin_tools.py::test_worker_prestart_failures_report_no_possible_execution PASSED [ 53%]
tests/test_managed_plugin_tools.py::test_non_native_caller_executes_and_persists_started_returned PASSED [ 57%]
tests/test_managed_plugin_tools.py::test_returned_call_replays_from_registry_after_service_reconstruction PASSED [ 61%]
tests/test_managed_plugin_tools.py::test_concurrent_same_call_observer_waits_for_executor_terminal PASSED [ 65%]
tests/test_managed_plugin_tools.py::test_changed_arguments_conflict_with_durable_call_identity PASSED [ 69%]
tests/test_managed_plugin_tools.py::test_started_without_terminal_publishes_unknown_and_never_redispatches PASSED [ 73%]
tests/test_managed_plugin_tools.py::test_provider_override_is_additional_to_plugin_input_schema PASSED [ 76%]
tests/test_managed_plugin_tools.py::test_legacy_v1_declaration_is_the_exact_base_shape PASSED [ 80%]
tests/test_managed_plugin_tools.py::test_invalid_arguments_reject_before_started_claim_or_worker PASSED [ 84%]
tests/test_managed_plugin_tools.py::test_failed_call_is_durable_and_never_silently_retried PASSED [ 88%]
tests/test_managed_plugin_tools.py::test_external_write_prestart_failure_is_durable_failed_not_unknown PASSED [ 92%]
tests/test_managed_plugin_tools.py::test_non_pure_operation_is_not_managed PASSED [ 96%]
tests/test_managed_plugin_tools.py::test_effect_policy_and_provider_descriptor_overrides_are_explicit PASSED [100%]

- generated xml file: <TASK>/evidence/offline-core-01/junit.xml -
======================== 26 passed in 78.21s (0:01:18) =========================
