deliverable/tests/test_history_business_refs.py::test_user_configuration_reference_shape_does_not_create_dependency[version_ref]
deliverable/tests/test_history_business_refs.py::test_user_configuration_reference_shape_does_not_create_dependency[resource_ref]
deliverable/tests/test_history_business_refs.py::test_original_operation_config_is_opaque_business_data
deliverable/tests/test_history_independent.py::test_actual_source_head_damage_is_not_rebuilt_from_cut[0]
deliverable/tests/test_history_independent.py::test_actual_source_head_damage_is_not_rebuilt_from_cut[1]
deliverable/tests/test_history_independent.py::test_actual_source_head_damage_is_not_rebuilt_from_cut[2]
deliverable/tests/test_history_independent.py::test_actual_source_head_damage_is_not_rebuilt_from_cut[3]
deliverable/tests/test_history_independent.py::test_each_phase_original_epoch_is_validated[0]
deliverable/tests/test_history_independent.py::test_each_phase_original_epoch_is_validated[1]
deliverable/tests/test_history_independent.py::test_each_phase_original_epoch_is_validated[2]
deliverable/tests/test_history_independent.py::test_complete_phase_event_envelope_is_checked[command_id-object_version_published/v1]
deliverable/tests/test_history_independent.py::test_complete_phase_event_envelope_is_checked[command_id-relation_published/v1]
deliverable/tests/test_history_independent.py::test_complete_phase_event_envelope_is_checked[command_id-transaction_committed/v1]
deliverable/tests/test_history_independent.py::test_complete_phase_event_envelope_is_checked[idempotency_key-object_version_published/v1]
deliverable/tests/test_history_independent.py::test_complete_phase_event_envelope_is_checked[idempotency_key-relation_published/v1]
deliverable/tests/test_history_independent.py::test_complete_phase_event_envelope_is_checked[idempotency_key-transaction_committed/v1]
deliverable/tests/test_history_independent.py::test_complete_phase_event_envelope_is_checked[causation_event_id-object_version_published/v1]
deliverable/tests/test_history_independent.py::test_complete_phase_event_envelope_is_checked[causation_event_id-relation_published/v1]
deliverable/tests/test_history_independent.py::test_complete_phase_event_envelope_is_checked[causation_event_id-transaction_committed/v1]
deliverable/tests/test_history_independent.py::test_complete_phase_event_envelope_is_checked[parent_event_ids_json-object_version_published/v1]
deliverable/tests/test_history_independent.py::test_complete_phase_event_envelope_is_checked[parent_event_ids_json-relation_published/v1]
deliverable/tests/test_history_independent.py::test_complete_phase_event_envelope_is_checked[parent_event_ids_json-transaction_committed/v1]
deliverable/tests/test_history_independent.py::test_unsupported_lifecycle_does_not_mask_corruption[published_flag]
deliverable/tests/test_history_independent.py::test_unsupported_lifecycle_does_not_mask_corruption[published_and_digest]
deliverable/tests/test_history_independent.py::test_unsupported_lifecycle_does_not_mask_corruption[published_and_member]
deliverable/tests/test_history_independent.py::test_foreign_original_registry_cannot_use_copied_assertion
deliverable/tests/test_history_independent.py::test_real_later_authority_change_keeps_same_scope_proof_read_only[writer_only]
deliverable/tests/test_history_independent.py::test_real_later_authority_change_keeps_same_scope_proof_read_only[durable_stop]
deliverable/tests/test_history_independent.py::test_real_later_authority_change_keeps_same_scope_proof_read_only[provisional_products]
deliverable/tests/test_history_independent.py::test_caller_writer_handle_and_reader_memo_do_not_authorize_history
deliverable/tests/test_history_independent.py::test_original_each_phase_cut_requires_prior_native_facts[intent_before_start]
deliverable/tests/test_history_independent.py::test_original_each_phase_cut_requires_prior_native_facts[dispatch_before_intent]
deliverable/tests/test_history_independent.py::test_original_each_phase_cut_requires_prior_native_facts[worker_before_dispatch]
deliverable/tests/test_history_independent.py::test_source_root_start_and_schema_closure[root_invocation]
deliverable/tests/test_history_independent.py::test_source_root_start_and_schema_closure[root_admission]
deliverable/tests/test_history_independent.py::test_source_root_start_and_schema_closure[root_foreign_member]
deliverable/tests/test_history_independent.py::test_source_root_start_and_schema_closure[extra_transaction_member]
deliverable/tests/test_history_independent.py::test_source_root_start_and_schema_closure[missing_start_member]
deliverable/tests/test_history_independent.py::test_source_root_start_and_schema_closure[start_wrong_transaction]
deliverable/tests/test_history_independent.py::test_source_root_start_and_schema_closure[missing_source_bytes]
deliverable/tests/test_history_independent.py::test_source_root_start_and_schema_closure[content_schema_bytes]
deliverable/tests/test_history_round2_edges.py::test_original_membership_inventory_has_no_orphans[object]
deliverable/tests/test_history_round2_edges.py::test_original_membership_inventory_has_no_orphans[event]
deliverable/tests/test_history_round2_edges.py::test_original_membership_inventory_has_no_orphans[relation]
deliverable/tests/test_history_round2_edges.py::test_original_membership_inventory_has_no_orphans[transaction]
deliverable/tests/test_history_round2_edges.py::test_original_start_event_identity_and_causality_are_not_rebuilt[command_id]
deliverable/tests/test_history_round2_edges.py::test_original_start_event_identity_and_causality_are_not_rebuilt[idempotency_key]
deliverable/tests/test_history_round2_edges.py::test_original_start_event_identity_and_causality_are_not_rebuilt[correlation_id]
deliverable/tests/test_history_round2_edges.py::test_original_start_event_identity_and_causality_are_not_rebuilt[causation_event_id]
deliverable/tests/test_history_round2_edges.py::test_original_start_event_identity_and_causality_are_not_rebuilt[parent_event_ids_json]
deliverable/tests/test_history_round2_edges.py::test_unreadable_database_is_classified_without_raising

51 tests collected in 0.73s
