============================= test session starts ==============================
platform linux -- Python 3.12.14, pytest-8.4.2, pluggy-1.6.0 -- /workspace/scratch/18c810e6dd59/rpnh-acceptance-history-review/round2-source/../../rpnh-recovery-20261003/source/.venv/bin/python
cachedir: .pytest_cache
rootdir: /workspace/scratch/18c810e6dd59/rpnh-acceptance-history-review
collecting ... collected 3 items / 2 deselected / 1 selected

../tests/test_history_business_refs.py::test_original_operation_config_is_opaque_business_data FAILED [100%]

=================================== FAILURES ===================================
____________ test_original_operation_config_is_opaque_business_data ____________

registration = <cpn.rpnh.compiler._LoweringInventory object at 0x7f54ea197ec0>
category = 'executor', key = 'rpnh/parent_child_launch/v1'
config = {'opaque_example': {'entity_type': 'task/v1', 'logical_id': 'task:a631f213e7bd469199e4a06313af6948', 'version_id': 'task_version:079a4b75c34c460d93ede02d99f49115'}}
required_schemas = ('application/net_operation_test_text/v1', 'application/operation_component_config/v1', 'rpnh/parent_child_request/v1')

    def validate_registered_config(registration: RegistrationView, category: str, key: str,
                                   config: Mapping[str, Any], required_schemas: tuple[str, ...], *,
                                   _offline_schema_validation=False):
        """Apply a HOST registered config contract, when that handler declares one."""
        from jsonschema import Draft7Validator, ValidationError
    
        contracts = registered(registration, category, key)["contracts"]
        config_schema = contracts.get("config_schema")
        if config_schema is not None:
            if config_schema not in required_schemas:
                raise DeclarationError(f"Handler config schema must be required: {config_schema}")
            schema = registered(registration, "schema", config_schema)["schema"]
            try:
>               _validate_schema_instance(schema, config, offline_schema_validation=_offline_schema_validation)

cpn/rpnh/petri_contracts.py:77: 
_ _ _ _ _ _ _ _ _ _ _ _ _ _ _ _ _ _ _ _ _ _ _ _ _ _ _ _ _ _ _ _ _ _ _ _ _ _ _ _ 
cpn/rpnh/petri_contracts.py:61: in _validate_schema_instance
    Draft7Validator(schema).validate(instance)
_ _ _ _ _ _ _ _ _ _ _ _ _ _ _ _ _ _ _ _ _ _ _ _ _ _ _ _ _ _ _ _ _ _ _ _ _ _ _ _ 

self = Draft7Validator(schema={'$id': 'application/...ent_config/v1', '$schema': 'http://json-...ft-07/schema#', 'additionalP...t_returns': {'additionalProperties': {'minLength': 1, 'type': 'string'}, 'type': 'object'}}, ...}, format_checker=None)
args = ({'opaque_example': {'entity_type': 'task/v1', 'logical_id': 'task:a631f213e7bd469199e4a06313af6948', 'version_id': 'task_version:079a4b75c34c460d93ede02d99f49115'}},)
kwargs = {}
error = <ValidationError: "Additional properties are not allowed ('opaque_example' was unexpected)">

    def validate(self, *args, **kwargs):
        for error in self.iter_errors(*args, **kwargs):
>           raise error
E           jsonschema.exceptions.ValidationError: Additional properties are not allowed ('opaque_example' was unexpected)
E           
E           Failed validating 'additionalProperties' in schema:
E               {'$schema': 'http://json-schema.org/draft-07/schema#',
E                '$id': 'application/operation_component_config/v1',
E                'type': 'object',
E                'additionalProperties': False,
E                'properties': {'input_modes': {'type': 'object',
E                                               'additionalProperties': {'enum': ['consume',
E                                                                                 'read']}},
E                               'capacities': {'type': 'object',
E                                              'additionalProperties': {'type': 'integer',
E                                                                       'minimum': 1}},
E                               'interrupt_returns': {'type': 'object',
E                                                     'additionalProperties': {'type': 'string',
E                                                                              'minLength': 1}}}}
E           
E           On instance:
E               {'opaque_example': {'entity_type': 'task/v1',
E                                   'logical_id': 'task:a631f213e7bd469199e4a06313af6948',
E                                   'version_id': 'task_version:079a4b75c34c460d93ede02d99f49115'}}

../../rpnh-recovery-20261003/source/.venv/lib/python3.12/site-packages/jsonschema/validators.py:450: ValidationError

The above exception was the direct cause of the following exception:

tmp_path = PosixPath('/tmp/pytest-of-agent/pytest-207/test_original_operation_config0')
monkeypatch = <_pytest.monkeypatch.MonkeyPatch object at 0x7f54ea19ecf0>

    def test_original_operation_config_is_opaque_business_data(tmp_path, monkeypatch):
        from cpn.rpnh.module import ModuleDeclaration
        original = fixtures._simple_module
        example = {'entity_type':'task/v1', 'logical_id':str(new_id('task')), 'version_id':str(new_id('task_version'))}
        def module(*args, **kwargs):
            body = original(*args, **kwargs).to_dict()
            body['components'][0]['operations'][0]['config'] = {'opaque_example':example}
            return ModuleDeclaration.from_dict(body)
        monkeypatch.setattr(fixtures, '_simple_module', module)
>       owner,*_,acceptance = fixtures.accepted_parent(tmp_path / 'parent')
                              ^^^^^^^^^^^^^^^^^^^^^^^^^^^^^^^^^^^^^^^^^^^^^

../tests/test_history_business_refs.py:41: 
_ _ _ _ _ _ _ _ _ _ _ _ _ _ _ _ _ _ _ _ _ _ _ _ _ _ _ _ _ _ _ _ _ _ _ _ _ _ _ _ 
tests/parent_child_fixtures.py:110: in accepted_parent
    owner,admitted,execution,prepared=parent_owner(path,child_compiled=child_compiled)
                                      ^^^^^^^^^^^^^^^^^^^^^^^^^^^^^^^^^^^^^^^^^^^^^^^^
tests/parent_child_fixtures.py:79: in parent_owner
    owner=start_run(module,reg,run_dir=path,task_input=task,entry_inputs={'request':task},
cpn/rpnh/run.py:529: in start_run
    compiled = compile_module(module, registration)
               ^^^^^^^^^^^^^^^^^^^^^^^^^^^^^^^^^^^^
cpn/rpnh/compiler.py:49: in compile_module
    return _compile_module(module, registration, offline=False)
           ^^^^^^^^^^^^^^^^^^^^^^^^^^^^^^^^^^^^^^^^^^^^^^^^^^^^
cpn/rpnh/compiler.py:68: in _compile_module
    symbolic = module.lower(observed)
               ^^^^^^^^^^^^^^^^^^^^^^
cpn/rpnh/module.py:260: in lower
    fragment.validate(context, registration)
cpn/rpnh/petri_contracts.py:538: in validate
    validate_registered_config(registration, "executor", operation.executor,
_ _ _ _ _ _ _ _ _ _ _ _ _ _ _ _ _ _ _ _ _ _ _ _ _ _ _ _ _ _ _ _ _ _ _ _ _ _ _ _ 

registration = <cpn.rpnh.compiler._LoweringInventory object at 0x7f54ea197ec0>
category = 'executor', key = 'rpnh/parent_child_launch/v1'
config = {'opaque_example': {'entity_type': 'task/v1', 'logical_id': 'task:a631f213e7bd469199e4a06313af6948', 'version_id': 'task_version:079a4b75c34c460d93ede02d99f49115'}}
required_schemas = ('application/net_operation_test_text/v1', 'application/operation_component_config/v1', 'rpnh/parent_child_request/v1')

    def validate_registered_config(registration: RegistrationView, category: str, key: str,
                                   config: Mapping[str, Any], required_schemas: tuple[str, ...], *,
                                   _offline_schema_validation=False):
        """Apply a HOST registered config contract, when that handler declares one."""
        from jsonschema import Draft7Validator, ValidationError
    
        contracts = registered(registration, category, key)["contracts"]
        config_schema = contracts.get("config_schema")
        if config_schema is not None:
            if config_schema not in required_schemas:
                raise DeclarationError(f"Handler config schema must be required: {config_schema}")
            schema = registered(registration, "schema", config_schema)["schema"]
            try:
                _validate_schema_instance(schema, config, offline_schema_validation=_offline_schema_validation)
            except ValidationError as exc:
>               raise DeclarationError(f"Invalid registered {category} config: {exc.message}") from exc
E               cpn.rpnh.petri_contracts.DeclarationError: Invalid registered executor config: Additional properties are not allowed ('opaque_example' was unexpected)

cpn/rpnh/petri_contracts.py:79: DeclarationError
- generated xml file: /workspace/scratch/18c810e6dd59/rpnh-acceptance-history-review/evidence/round2-operation-config.xml -
=========================== short test summary info ============================
FAILED ../tests/test_history_business_refs.py::test_original_operation_config_is_opaque_business_data - cpn.rpnh.petri_contracts.DeclarationError: Invalid registered executor config: Additional properties are not allowed ('opaque_example' was unexpected)
======================= 1 failed, 2 deselected in 1.00s ========================
