============================= test session starts ==============================
platform linux -- Python 3.12.14, pytest-8.4.2, pluggy-1.6.0 -- /workspace/scratch/18c810e6dd59/rpnh-acceptance-history-review/round2-source/../../rpnh-recovery-20261003/source/.venv/bin/python
cachedir: .pytest_cache
rootdir: /workspace/scratch/18c810e6dd59/rpnh-acceptance-history-review
collecting ... collected 10 items

../tests/test_history_round2_edges.py::test_original_membership_inventory_has_no_orphans[object] FAILED [ 10%]
../tests/test_history_round2_edges.py::test_original_membership_inventory_has_no_orphans[event] FAILED [ 20%]
../tests/test_history_round2_edges.py::test_original_membership_inventory_has_no_orphans[relation] FAILED [ 30%]
../tests/test_history_round2_edges.py::test_original_membership_inventory_has_no_orphans[transaction] FAILED [ 40%]
../tests/test_history_round2_edges.py::test_original_start_event_identity_and_causality_are_not_rebuilt[command_id] FAILED [ 50%]
../tests/test_history_round2_edges.py::test_original_start_event_identity_and_causality_are_not_rebuilt[idempotency_key] FAILED [ 60%]
../tests/test_history_round2_edges.py::test_original_start_event_identity_and_causality_are_not_rebuilt[correlation_id] FAILED [ 70%]
../tests/test_history_round2_edges.py::test_original_start_event_identity_and_causality_are_not_rebuilt[causation_event_id] FAILED [ 80%]
../tests/test_history_round2_edges.py::test_original_start_event_identity_and_causality_are_not_rebuilt[parent_event_ids_json] FAILED [ 90%]
../tests/test_history_round2_edges.py::test_unreadable_database_is_classified_without_raising FAILED [100%]

=================================== FAILURES ===================================
__________ test_original_membership_inventory_has_no_orphans[object] ___________

tmp_path = PosixPath('/tmp/pytest-of-agent/pytest-202/test_original_membership_inven0')
kind = 'object'

    @pytest.mark.parametrize('kind', ['object', 'event', 'relation', 'transaction'])
    def test_original_membership_inventory_has_no_orphans(tmp_path, kind):
        values, store, query = fixture(tmp_path)
        body = values[0]._core.get_version(query.acceptance_ref.version_id).metadata
        with store.connect() as db:
            db.execute('INSERT INTO firing_temporary_members VALUES (?,?,?,?)',
                (body['execution']['firing_ref']['version_id'], kind, 'orphan-original-member', str(query.transaction_id)))
        result = store.classify_child_acceptance_history(query)
>       assert result.status == INVALID, (kind, result)
E       AssertionError: ('object', ChildAcceptanceHistoryResult(status='HISTORICAL_ACCEPTANCE_VALID', reason='original_committed_mechanical_acceptance', proof=ChildAcceptanceHistoryProof(source_id='parent-source', binding_ref=VersionRef(entity_type='collaboration_source_binding/v1', entity_id=TypedId(kind='resource', value='93d03a1837685d0faf54f48c9964447b'), version_id=TypedId(kind='resource_version', value='423a38eaf09a5b9cb95738b16b709e1b')), run_ref=VersionRef(entity_type='native_run_identity/v1', entity_id=TypedId(kind='run', value='79fd8410661a4aea8db43b2d8af8a138'), version_id=TypedId(kind='run_version', value='4e505109c7f34069b3a28993bd554890')), task_ref=VersionRef(entity_type='task/v1', entity_id=TypedId(kind='task', value='53117d8f9e4b446aa2d91d4f7a5b134a'), version_id=TypedId(kind='task_version', value='2917eaf43f874923a9ac37942483ebe8')), acceptance_ref=VersionRef(entity_type='parent_child_acceptance/v1', entity_id=TypedId(kind='resource', value='707a06e825e35d9698ba30117569f951'), version_id=TypedId(kind='resource_version', value='46369aed95a7518cb8355066494bbedc')), intent_ref=VersionRef(entity_type='parent_child_intent/v1', entity_id=TypedId(kind='resource', value='3f1f1f1adb8f5166b6c53c1cba6b06a5'), version_id=TypedId(kind='resource_version', value='47327778ef9051ed816ac1fd9555ef12')), dispatch_ref=VersionRef(entity_type='parent_child_dispatch/v1', entity_id=TypedId(kind='resource', value='14d95e88898451858e45b746a9e8473a'), version_id=TypedId(kind='resource_version', value='99edcd143a1a524eaadf4fee0d638933')), worker_ref=VersionRef(entity_type='parent_child_worker/v1', entity_id=TypedId(kind='resource', value='2aa3efb4cc6f560180682a5b8ad06cc4'), version_id=TypedId(kind='resource_version', value='19eea0e9d238551aa3d5641ef2eef8c3')), firing_ref=VersionRef(entity_type='transition_firing/v1', entity_id=TypedId(kind='transition_firing', value='63c0609b3d64575988edaa8bcb98d3da'), version_id=TypedId(kind='transition_firing_version', value='4b24f7e9564150c58ffce0a7bafa3525')), invocation_ref=VersionRef(entity_type='invocation/v1', entity_id=TypedId(kind='invocation', value='a3031580699656048a67340d258b6d6c'), version_id=TypedId(kind='invocation_version', value='5e57f04dddc15fc0a7f175c20f7e7e57')), lease_ref=VersionRef(entity_type='operation_execution_lease/v1', entity_id=TypedId(kind='operation_execution_lease', value='99002b58037d568782c83b00e6f7918e'), version_id=TypedId(kind='operation_execution_lease_version', value='5fe261a5883d5e428335babeb32b8e3a')), start_event_id=TypedId(kind='event', value='ecbae37c3782488a9347916152a49e7c'), transaction_id=TypedId(kind='transaction', value='fd270814cd0e564580569c0de395ca59'), event_id=TypedId(kind='event', value='e8feb9859a9042299af69cc235881735'), commit_ordinal=160, observed_registry_ordinal=160, writer_epoch_at_acceptance=2, execution_generation_at_acceptance=0, acceptance_sha256='ef56be0c81ef1e9935f9905b4858d7ae2353f2b247c0305fa4ddf0b0bcfc67cc', intent_sha256='326f587e475ad45b27e7a8b4e073da68b496f4b05470219a693a455846df9ed1', request_digest='6e0290c70de01d15e96eea5594769cb39afdd11695f3a2148db5e4ff99f12b12', public_material_digest='919da5475888ccaac9d0163c76b17bb510125ee4b2278b42be02133fe8d507de', envelope_digest='401db22e91e0a80194b950a18fa1bc9db4d8900c8c21bf4c20cbd6d64cce21d6', initial_declaration_digest='8091c770e50f424d8ce7a71cc6cdc33db60df1ee1ffbd2359165042a284d575e')))
E       assert 'HISTORICAL_ACCEPTANCE_VALID' == 'HISTORICAL_ACCEPTANCE_INVALID'
E         
E         - HISTORICAL_ACCEPTANCE_INVALID
E         ?                       --
E         + HISTORICAL_ACCEPTANCE_VALID

../tests/test_history_round2_edges.py:18: AssertionError
___________ test_original_membership_inventory_has_no_orphans[event] ___________

tmp_path = PosixPath('/tmp/pytest-of-agent/pytest-202/test_original_membership_inven1')
kind = 'event'

    @pytest.mark.parametrize('kind', ['object', 'event', 'relation', 'transaction'])
    def test_original_membership_inventory_has_no_orphans(tmp_path, kind):
        values, store, query = fixture(tmp_path)
        body = values[0]._core.get_version(query.acceptance_ref.version_id).metadata
        with store.connect() as db:
            db.execute('INSERT INTO firing_temporary_members VALUES (?,?,?,?)',
                (body['execution']['firing_ref']['version_id'], kind, 'orphan-original-member', str(query.transaction_id)))
        result = store.classify_child_acceptance_history(query)
>       assert result.status == INVALID, (kind, result)
E       AssertionError: ('event', ChildAcceptanceHistoryResult(status='HISTORICAL_ACCEPTANCE_VALID', reason='original_committed_mechanical_acceptance', proof=ChildAcceptanceHistoryProof(source_id='parent-source', binding_ref=VersionRef(entity_type='collaboration_source_binding/v1', entity_id=TypedId(kind='resource', value='5c9f5b2ad8ef5b87b6bd706c22459611'), version_id=TypedId(kind='resource_version', value='edda4821485f5718beedb1adeccdefdf')), run_ref=VersionRef(entity_type='native_run_identity/v1', entity_id=TypedId(kind='run', value='eb981e2c40734b78a3c8ea8aa783093b'), version_id=TypedId(kind='run_version', value='fa088623b18646acb2788737a1403e6c')), task_ref=VersionRef(entity_type='task/v1', entity_id=TypedId(kind='task', value='bd253f81c8a3470fbb3fad6bb0fc89de'), version_id=TypedId(kind='task_version', value='e06fc47b89474275a922d7be5102020d')), acceptance_ref=VersionRef(entity_type='parent_child_acceptance/v1', entity_id=TypedId(kind='resource', value='d538714fabdc59049d957c7e30e866ca'), version_id=TypedId(kind='resource_version', value='8e1edf9765a35c239d120eab33003165')), intent_ref=VersionRef(entity_type='parent_child_intent/v1', entity_id=TypedId(kind='resource', value='eb57ab57f09b5371818726eadbc8b924'), version_id=TypedId(kind='resource_version', value='a417f0223f49585ba855a343d8f079ea')), dispatch_ref=VersionRef(entity_type='parent_child_dispatch/v1', entity_id=TypedId(kind='resource', value='50f2118695d955f5b6b6be7a40a6b2a5'), version_id=TypedId(kind='resource_version', value='1833a2e6834858c18a4edcbe62ac1213')), worker_ref=VersionRef(entity_type='parent_child_worker/v1', entity_id=TypedId(kind='resource', value='cdd32187bffb50c4a3d4fe5e13ccb00c'), version_id=TypedId(kind='resource_version', value='ad6ad196cdc5547fb9ed6c828ee34f77')), firing_ref=VersionRef(entity_type='transition_firing/v1', entity_id=TypedId(kind='transition_firing', value='78865534f92f51bdbe468056186927ae'), version_id=TypedId(kind='transition_firing_version', value='bd8879e4e8d75bf8a437fbe9d9d94ff7')), invocation_ref=VersionRef(entity_type='invocation/v1', entity_id=TypedId(kind='invocation', value='e99689e2cd7b51e5bb3d5a3b69e7d275'), version_id=TypedId(kind='invocation_version', value='22271018ee915f06bd25d8fbbcfe163b')), lease_ref=VersionRef(entity_type='operation_execution_lease/v1', entity_id=TypedId(kind='operation_execution_lease', value='52f67cc81e9f5a02ac372feb57d686ed'), version_id=TypedId(kind='operation_execution_lease_version', value='3e92c09dcd085ec48ac582601aae24ce')), start_event_id=TypedId(kind='event', value='ee3ac8069ffa4793aab4e4c26036870f'), transaction_id=TypedId(kind='transaction', value='c6d0983c99435ffe9e8c363ca992ab99'), event_id=TypedId(kind='event', value='87e3e7d5ddae411b9b13e51cc0b7550a'), commit_ordinal=160, observed_registry_ordinal=160, writer_epoch_at_acceptance=2, execution_generation_at_acceptance=0, acceptance_sha256='82ad6df4a0007f711e28374e452ca9b266512f03495d2ad0483fceaa4d4b7d6a', intent_sha256='41fc15bbfb8fa0c2da6a40e92e533f95b728dcf420b0de7544457ca2cbd39d98', request_digest='7bb94b1266b672109232a86f2307fd7ae95778d6cb7f4346bffdc877c5d6ab55', public_material_digest='24fdd8f5cabd104a03169c77f54c3017cca9ada5f143c41d935e8479720ccd89', envelope_digest='e9d02afbcc1d9bf746fbd82165c34f1383658f6cbc29a8345c9bc6a704bf7b49', initial_declaration_digest='8091c770e50f424d8ce7a71cc6cdc33db60df1ee1ffbd2359165042a284d575e')))
E       assert 'HISTORICAL_ACCEPTANCE_VALID' == 'HISTORICAL_ACCEPTANCE_INVALID'
E         
E         - HISTORICAL_ACCEPTANCE_INVALID
E         ?                       --
E         + HISTORICAL_ACCEPTANCE_VALID

../tests/test_history_round2_edges.py:18: AssertionError
_________ test_original_membership_inventory_has_no_orphans[relation] __________

tmp_path = PosixPath('/tmp/pytest-of-agent/pytest-202/test_original_membership_inven2')
kind = 'relation'

    @pytest.mark.parametrize('kind', ['object', 'event', 'relation', 'transaction'])
    def test_original_membership_inventory_has_no_orphans(tmp_path, kind):
        values, store, query = fixture(tmp_path)
        body = values[0]._core.get_version(query.acceptance_ref.version_id).metadata
        with store.connect() as db:
            db.execute('INSERT INTO firing_temporary_members VALUES (?,?,?,?)',
                (body['execution']['firing_ref']['version_id'], kind, 'orphan-original-member', str(query.transaction_id)))
        result = store.classify_child_acceptance_history(query)
>       assert result.status == INVALID, (kind, result)
E       AssertionError: ('relation', ChildAcceptanceHistoryResult(status='HISTORICAL_ACCEPTANCE_VALID', reason='original_committed_mechanical_acceptance', proof=ChildAcceptanceHistoryProof(source_id='parent-source', binding_ref=VersionRef(entity_type='collaboration_source_binding/v1', entity_id=TypedId(kind='resource', value='f13994937d1f5ae7b5aa5ae054c62b1d'), version_id=TypedId(kind='resource_version', value='3b4eb000c57a5bdfbeb208be15b0b311')), run_ref=VersionRef(entity_type='native_run_identity/v1', entity_id=TypedId(kind='run', value='094ad3d9720c4ac6a1dbff1867227236'), version_id=TypedId(kind='run_version', value='ebf9072f2adb4cdabd5560cb6ecc7999')), task_ref=VersionRef(entity_type='task/v1', entity_id=TypedId(kind='task', value='f7319ffc10864b1f8a14a755e48ae6f7'), version_id=TypedId(kind='task_version', value='703de86222f1447b9c411e6e41c9a0c5')), acceptance_ref=VersionRef(entity_type='parent_child_acceptance/v1', entity_id=TypedId(kind='resource', value='c555ce5abeeb57f6a84e99cf95371728'), version_id=TypedId(kind='resource_version', value='39c363ae80555fcc9c72d0ab7b2fadef')), intent_ref=VersionRef(entity_type='parent_child_intent/v1', entity_id=TypedId(kind='resource', value='42187568a88751d8bdc30c6e4af0a14e'), version_id=TypedId(kind='resource_version', value='a423e56212115ef6adc7a5d1c28ca5be')), dispatch_ref=VersionRef(entity_type='parent_child_dispatch/v1', entity_id=TypedId(kind='resource', value='91eae1ac549f5d10b82f982fc9cc6254'), version_id=TypedId(kind='resource_version', value='c22f9907560e58998f287e16e6852f6b')), worker_ref=VersionRef(entity_type='parent_child_worker/v1', entity_id=TypedId(kind='resource', value='d383fe92c11f5a28988ebf3c1adbd5b1'), version_id=TypedId(kind='resource_version', value='7acf1534b09f5951aba334e15f4be5d7')), firing_ref=VersionRef(entity_type='transition_firing/v1', entity_id=TypedId(kind='transition_firing', value='8540c882cff05318bafa8f0c727076d3'), version_id=TypedId(kind='transition_firing_version', value='7931f2f3542e592198607b36676f4d95')), invocation_ref=VersionRef(entity_type='invocation/v1', entity_id=TypedId(kind='invocation', value='3e6ebe744e3d5de6935d4fdbcf64531f'), version_id=TypedId(kind='invocation_version', value='4df7422a94275c919629b7552b465a74')), lease_ref=VersionRef(entity_type='operation_execution_lease/v1', entity_id=TypedId(kind='operation_execution_lease', value='55d7a64c9dd55db4bd02d53d6277f4ef'), version_id=TypedId(kind='operation_execution_lease_version', value='eb0c6f7f49ae5d44a7857066c58ac4d2')), start_event_id=TypedId(kind='event', value='76798b1d1a58412bb24bf25ead4edd36'), transaction_id=TypedId(kind='transaction', value='a5568dfd398c51548e194d01af3e0c39'), event_id=TypedId(kind='event', value='0ec584e0079e465b888e6a23f3b3fb43'), commit_ordinal=160, observed_registry_ordinal=160, writer_epoch_at_acceptance=2, execution_generation_at_acceptance=0, acceptance_sha256='efb8dfedcef5b3909600dbaea8646abf0af0e82cd537e8aa881d9fada566bfee', intent_sha256='7b85442e9ddafd8bef831a7a77ef4eff2a9e97ee4510528d3cb2a33da29e68a3', request_digest='18aff9c682a15a866e3dbe6c31f8c0a4985738599bfa409416630d4bf27bd419', public_material_digest='96fc221ec3841a223bfd65be8057ea1a73bb1077823d764d7744eebf6f35bef8', envelope_digest='3c67153e67032e2db741a9ecfe75cab872978c86b2a7aa0a046606b18ba35e81', initial_declaration_digest='8091c770e50f424d8ce7a71cc6cdc33db60df1ee1ffbd2359165042a284d575e')))
E       assert 'HISTORICAL_ACCEPTANCE_VALID' == 'HISTORICAL_ACCEPTANCE_INVALID'
E         
E         - HISTORICAL_ACCEPTANCE_INVALID
E         ?                       --
E         + HISTORICAL_ACCEPTANCE_VALID

../tests/test_history_round2_edges.py:18: AssertionError
________ test_original_membership_inventory_has_no_orphans[transaction] ________

tmp_path = PosixPath('/tmp/pytest-of-agent/pytest-202/test_original_membership_inven3')
kind = 'transaction'

    @pytest.mark.parametrize('kind', ['object', 'event', 'relation', 'transaction'])
    def test_original_membership_inventory_has_no_orphans(tmp_path, kind):
        values, store, query = fixture(tmp_path)
        body = values[0]._core.get_version(query.acceptance_ref.version_id).metadata
        with store.connect() as db:
            db.execute('INSERT INTO firing_temporary_members VALUES (?,?,?,?)',
                (body['execution']['firing_ref']['version_id'], kind, 'orphan-original-member', str(query.transaction_id)))
        result = store.classify_child_acceptance_history(query)
>       assert result.status == INVALID, (kind, result)
E       AssertionError: ('transaction', ChildAcceptanceHistoryResult(status='HISTORICAL_ACCEPTANCE_VALID', reason='original_committed_mechanical_acceptance', proof=ChildAcceptanceHistoryProof(source_id='parent-source', binding_ref=VersionRef(entity_type='collaboration_source_binding/v1', entity_id=TypedId(kind='resource', value='2cd75a4039f85adb9303dc09cb628622'), version_id=TypedId(kind='resource_version', value='638b64f39b2e5438937c9372a4bdd704')), run_ref=VersionRef(entity_type='native_run_identity/v1', entity_id=TypedId(kind='run', value='bfee2a0bd6404178baf190ca3559e396'), version_id=TypedId(kind='run_version', value='d6b5cfbb1e1b48e89ae6931358c0b02c')), task_ref=VersionRef(entity_type='task/v1', entity_id=TypedId(kind='task', value='209f22fcbab14bfb852db612301f6f7c'), version_id=TypedId(kind='task_version', value='b5ff8f7756fe4281882a39ae37945b12')), acceptance_ref=VersionRef(entity_type='parent_child_acceptance/v1', entity_id=TypedId(kind='resource', value='4e79f2cdadf55721a2e0be8ed17831d8'), version_id=TypedId(kind='resource_version', value='983ba0aa49615aa58ce4b82779a53eff')), intent_ref=VersionRef(entity_type='parent_child_intent/v1', entity_id=TypedId(kind='resource', value='ea66ac495f335dcb8974c576cc46a39a'), version_id=TypedId(kind='resource_version', value='21d6b3e95f4c5141b230b79649faf404')), dispatch_ref=VersionRef(entity_type='parent_child_dispatch/v1', entity_id=TypedId(kind='resource', value='ba1d58b7d077521fa9cbbc33d6d971ac'), version_id=TypedId(kind='resource_version', value='ee7c9d5853a5533e840c680fcf5f98f7')), worker_ref=VersionRef(entity_type='parent_child_worker/v1', entity_id=TypedId(kind='resource', value='22cf96d27d475f1d99b9b0a59eb6db15'), version_id=TypedId(kind='resource_version', value='74b3577e7358550f9985ec13c6e6353b')), firing_ref=VersionRef(entity_type='transition_firing/v1', entity_id=TypedId(kind='transition_firing', value='8e18a2d366175913a392c5b26e0b5882'), version_id=TypedId(kind='transition_firing_version', value='67a109a7fd06546298e01bc1dd5b9ade')), invocation_ref=VersionRef(entity_type='invocation/v1', entity_id=TypedId(kind='invocation', value='897e0db0cce35472873c0c8d55c1427c'), version_id=TypedId(kind='invocation_version', value='b67014e2a23a5de9acd3e4ef51974609')), lease_ref=VersionRef(entity_type='operation_execution_lease/v1', entity_id=TypedId(kind='operation_execution_lease', value='55ff17aa2ce053539ea7c60944dc48b6'), version_id=TypedId(kind='operation_execution_lease_version', value='25e4fedfd9c15e1db0d8bdb80b9aa63e')), start_event_id=TypedId(kind='event', value='425c6b191a0a4685b7c561ce65e3b3d9'), transaction_id=TypedId(kind='transaction', value='6bce19c73df45c9889384e09cb92fb79'), event_id=TypedId(kind='event', value='172c10cbeb794ec58fce8ef68997ce06'), commit_ordinal=160, observed_registry_ordinal=160, writer_epoch_at_acceptance=2, execution_generation_at_acceptance=0, acceptance_sha256='65c0092f78653434d43e341c809443e46482a98d4a8e887742f6e3e26babd59b', intent_sha256='b1e9a137c9322c7dac96380322412e359ed7470bbb369809d711948b336594a1', request_digest='158123a27584744178cfd1773e88492e31bf5f59635b64b5bf0153c3846a1ec3', public_material_digest='9fdb9cbea16c0f35eaeecae50e69b02f7cef09f91491fc283f5b521ae847ffc0', envelope_digest='ce8ee0c525a8802e932d5af5b888dc529c0f6318ba9d406d53158f68b6106c55', initial_declaration_digest='8091c770e50f424d8ce7a71cc6cdc33db60df1ee1ffbd2359165042a284d575e')))
E       assert 'HISTORICAL_ACCEPTANCE_VALID' == 'HISTORICAL_ACCEPTANCE_INVALID'
E         
E         - HISTORICAL_ACCEPTANCE_INVALID
E         ?                       --
E         + HISTORICAL_ACCEPTANCE_VALID

../tests/test_history_round2_edges.py:18: AssertionError
_ test_original_start_event_identity_and_causality_are_not_rebuilt[command_id] _

tmp_path = PosixPath('/tmp/pytest-of-agent/pytest-202/test_original_start_event_iden0')
field = 'command_id'

    @pytest.mark.parametrize('field', ['command_id', 'idempotency_key', 'correlation_id', 'causation_event_id', 'parent_event_ids_json'])
    def test_original_start_event_identity_and_causality_are_not_rebuilt(tmp_path, field):
        values, store, query = fixture(tmp_path)
        body = values[0]._core.get_version(query.acceptance_ref.version_id).metadata
        value = str(new_id('event')) if field == 'causation_event_id' else (json.dumps([str(new_id('event'))]) if field == 'parent_event_ids_json' else 'foreign-start-command')
        with store.connect() as db:
            db.execute('UPDATE events SET ' + field + '=? WHERE event_id=?', (value, body['execution']['start_event_id']))
        result = store.classify_child_acceptance_history(query)
>       assert result.status == INVALID, (field, result)
E       AssertionError: ('command_id', ChildAcceptanceHistoryResult(status='HISTORICAL_ACCEPTANCE_VALID', reason='original_committed_mechanical_acceptance', proof=ChildAcceptanceHistoryProof(source_id='parent-source', binding_ref=VersionRef(entity_type='collaboration_source_binding/v1', entity_id=TypedId(kind='resource', value='be8562a008e1576aacee7ec02e6fcd58'), version_id=TypedId(kind='resource_version', value='6565758dfb5d5e848b149d907543ca39')), run_ref=VersionRef(entity_type='native_run_identity/v1', entity_id=TypedId(kind='run', value='39f7599aba7545d0a050b6181c2801d5'), version_id=TypedId(kind='run_version', value='068a0fd8cea44060aadd851283246f8f')), task_ref=VersionRef(entity_type='task/v1', entity_id=TypedId(kind='task', value='10a0208ae9564cac904a47af1b56963f'), version_id=TypedId(kind='task_version', value='9422051f361d4f9989ffe4ae19d04de0')), acceptance_ref=VersionRef(entity_type='parent_child_acceptance/v1', entity_id=TypedId(kind='resource', value='83188b37be92510d8ecfec2476f51a3f'), version_id=TypedId(kind='resource_version', value='bb3beb38d4465949b198923a9e46c615')), intent_ref=VersionRef(entity_type='parent_child_intent/v1', entity_id=TypedId(kind='resource', value='c775424374235862b9aa54e149ed8237'), version_id=TypedId(kind='resource_version', value='828104f7352c51aa8f935ec8bf516f68')), dispatch_ref=VersionRef(entity_type='parent_child_dispatch/v1', entity_id=TypedId(kind='resource', value='ac74c513f03259a7930181352e70e3db'), version_id=TypedId(kind='resource_version', value='1bb69a5dacbc5a1b98d877a521a09650')), worker_ref=VersionRef(entity_type='parent_child_worker/v1', entity_id=TypedId(kind='resource', value='9feee10df60851b086ee838a3fd75377'), version_id=TypedId(kind='resource_version', value='884092a23dc25c188485a5d387aa64fb')), firing_ref=VersionRef(entity_type='transition_firing/v1', entity_id=TypedId(kind='transition_firing', value='bbd54fb06b4f5e6e926cd1363136861e'), version_id=TypedId(kind='transition_firing_version', value='5c31e93c571c5c24a7d68a38831ad563')), invocation_ref=VersionRef(entity_type='invocation/v1', entity_id=TypedId(kind='invocation', value='a2fdbebe10885547b1cac73c2d613f8b'), version_id=TypedId(kind='invocation_version', value='d82d76d499ec5c7c82f83d7f2ff413ff')), lease_ref=VersionRef(entity_type='operation_execution_lease/v1', entity_id=TypedId(kind='operation_execution_lease', value='43202005715d5f779d7fb80dc43e96d9'), version_id=TypedId(kind='operation_execution_lease_version', value='95e1059ed0555973bbbb93f9a02068c3')), start_event_id=TypedId(kind='event', value='c62334e7743544388dbc81101d481633'), transaction_id=TypedId(kind='transaction', value='3b243bfbf27854f68dbc80377a80f646'), event_id=TypedId(kind='event', value='41425bcd721540f3bd3d645fde187af6'), commit_ordinal=160, observed_registry_ordinal=160, writer_epoch_at_acceptance=2, execution_generation_at_acceptance=0, acceptance_sha256='0bd36a5747c695bf3100c31e6ec67d737a869655a89f5fb73ae0fc864983a2dc', intent_sha256='b500aaa62caa154730942a2fd8f27affaa6150e2f8ba5092caf3acb7a29a9665', request_digest='2da495c9b847d3c4df0c2e3067b140e746549e6e783775ce3a140750c8f9bfa3', public_material_digest='a2fa6c54ae471b2b60daa23cabe465f65236c2d7be1f4bcfec2a284a017f3d40', envelope_digest='491a2c3e40dbe988635f60db248798015a8f9d2ba1388b19d48bb6e26e69603c', initial_declaration_digest='8091c770e50f424d8ce7a71cc6cdc33db60df1ee1ffbd2359165042a284d575e')))
E       assert 'HISTORICAL_ACCEPTANCE_VALID' == 'HISTORICAL_ACCEPTANCE_INVALID'
E         
E         - HISTORICAL_ACCEPTANCE_INVALID
E         ?                       --
E         + HISTORICAL_ACCEPTANCE_VALID

../tests/test_history_round2_edges.py:29: AssertionError
_ test_original_start_event_identity_and_causality_are_not_rebuilt[idempotency_key] _

tmp_path = PosixPath('/tmp/pytest-of-agent/pytest-202/test_original_start_event_iden1')
field = 'idempotency_key'

    @pytest.mark.parametrize('field', ['command_id', 'idempotency_key', 'correlation_id', 'causation_event_id', 'parent_event_ids_json'])
    def test_original_start_event_identity_and_causality_are_not_rebuilt(tmp_path, field):
        values, store, query = fixture(tmp_path)
        body = values[0]._core.get_version(query.acceptance_ref.version_id).metadata
        value = str(new_id('event')) if field == 'causation_event_id' else (json.dumps([str(new_id('event'))]) if field == 'parent_event_ids_json' else 'foreign-start-command')
        with store.connect() as db:
            db.execute('UPDATE events SET ' + field + '=? WHERE event_id=?', (value, body['execution']['start_event_id']))
        result = store.classify_child_acceptance_history(query)
>       assert result.status == INVALID, (field, result)
E       AssertionError: ('idempotency_key', ChildAcceptanceHistoryResult(status='HISTORICAL_ACCEPTANCE_VALID', reason='original_committed_mechanical_acceptance', proof=ChildAcceptanceHistoryProof(source_id='parent-source', binding_ref=VersionRef(entity_type='collaboration_source_binding/v1', entity_id=TypedId(kind='resource', value='4c7524c43f755cb1ac0ea0e6c80ee23b'), version_id=TypedId(kind='resource_version', value='1b93f352b2d05562af1b73323788eaae')), run_ref=VersionRef(entity_type='native_run_identity/v1', entity_id=TypedId(kind='run', value='3e9c90e54297467cb27d5859318ced18'), version_id=TypedId(kind='run_version', value='8b67623c22694267b9173302c8ab9d7e')), task_ref=VersionRef(entity_type='task/v1', entity_id=TypedId(kind='task', value='e8e21113b66142b9b736118f4eb94deb'), version_id=TypedId(kind='task_version', value='7060fe20cda840fe944b81bec1291dd8')), acceptance_ref=VersionRef(entity_type='parent_child_acceptance/v1', entity_id=TypedId(kind='resource', value='6fa2fd5138015396b6cb7d7a32b1f4a1'), version_id=TypedId(kind='resource_version', value='b6d4488c3df15b5fac30ba3aaf56fa75')), intent_ref=VersionRef(entity_type='parent_child_intent/v1', entity_id=TypedId(kind='resource', value='94a82387fa3d5f19bc688eb6504844ee'), version_id=TypedId(kind='resource_version', value='26d30058f7ad531ea4af6f277eb53071')), dispatch_ref=VersionRef(entity_type='parent_child_dispatch/v1', entity_id=TypedId(kind='resource', value='a90e3e6289435317b3cc07c2242f3792'), version_id=TypedId(kind='resource_version', value='ee05fc0cca1d5a51890589e219d5ad16')), worker_ref=VersionRef(entity_type='parent_child_worker/v1', entity_id=TypedId(kind='resource', value='81c16f32f059560bb305156dcc91bb59'), version_id=TypedId(kind='resource_version', value='33254c5bdf1351fcb1ad40f3497015e1')), firing_ref=VersionRef(entity_type='transition_firing/v1', entity_id=TypedId(kind='transition_firing', value='f2926fa2fbd25e6c8e3787efcfe560c5'), version_id=TypedId(kind='transition_firing_version', value='5b8ec87906285ae99280e36ac8d8877b')), invocation_ref=VersionRef(entity_type='invocation/v1', entity_id=TypedId(kind='invocation', value='8a870f0034b95598ac92ac4b6d8b27df'), version_id=TypedId(kind='invocation_version', value='ba2a4fa34d6c5c85bbc4ebdc74ea8405')), lease_ref=VersionRef(entity_type='operation_execution_lease/v1', entity_id=TypedId(kind='operation_execution_lease', value='5c90225e0cba54f8ad3b1630d86a40ea'), version_id=TypedId(kind='operation_execution_lease_version', value='78b177f2569752929457a82ad24853f8')), start_event_id=TypedId(kind='event', value='594c72f7d7b74101a0e39e67d6b5a3bd'), transaction_id=TypedId(kind='transaction', value='25715b41bb0f572fa88d2aa06cf89be1'), event_id=TypedId(kind='event', value='cdee0905a9b54138ac21ab931b888139'), commit_ordinal=160, observed_registry_ordinal=160, writer_epoch_at_acceptance=2, execution_generation_at_acceptance=0, acceptance_sha256='b9bf0a151e30443fe61fc70c8e4915de14ea7bcb3ed89e612eec4a0fcc9a1c89', intent_sha256='1e42c25dec872604df80b7fecb69a9eccaf78bf25397f2366af93b439f90beff', request_digest='1c87fe74e04685716d398c81f5bcbd588c0003da1a2f6bba6fbce7bb40b70acf', public_material_digest='bad5fae8b592ac3ecdf9d87f0727e2fddf20400b5e9a1a1a0c505dd81c0fc402', envelope_digest='2829f89790619d6d540405dcb0d2e643cfcc3ce1fa8886f2c3a6a58eba222991', initial_declaration_digest='8091c770e50f424d8ce7a71cc6cdc33db60df1ee1ffbd2359165042a284d575e')))
E       assert 'HISTORICAL_ACCEPTANCE_VALID' == 'HISTORICAL_ACCEPTANCE_INVALID'
E         
E         - HISTORICAL_ACCEPTANCE_INVALID
E         ?                       --
E         + HISTORICAL_ACCEPTANCE_VALID

../tests/test_history_round2_edges.py:29: AssertionError
_ test_original_start_event_identity_and_causality_are_not_rebuilt[correlation_id] _

tmp_path = PosixPath('/tmp/pytest-of-agent/pytest-202/test_original_start_event_iden2')
field = 'correlation_id'

    @pytest.mark.parametrize('field', ['command_id', 'idempotency_key', 'correlation_id', 'causation_event_id', 'parent_event_ids_json'])
    def test_original_start_event_identity_and_causality_are_not_rebuilt(tmp_path, field):
        values, store, query = fixture(tmp_path)
        body = values[0]._core.get_version(query.acceptance_ref.version_id).metadata
        value = str(new_id('event')) if field == 'causation_event_id' else (json.dumps([str(new_id('event'))]) if field == 'parent_event_ids_json' else 'foreign-start-command')
        with store.connect() as db:
            db.execute('UPDATE events SET ' + field + '=? WHERE event_id=?', (value, body['execution']['start_event_id']))
        result = store.classify_child_acceptance_history(query)
>       assert result.status == INVALID, (field, result)
E       AssertionError: ('correlation_id', ChildAcceptanceHistoryResult(status='HISTORICAL_ACCEPTANCE_VALID', reason='original_committed_mechanical_acceptance', proof=ChildAcceptanceHistoryProof(source_id='parent-source', binding_ref=VersionRef(entity_type='collaboration_source_binding/v1', entity_id=TypedId(kind='resource', value='a28b347bf8a65ed98d62eb5381af05f9'), version_id=TypedId(kind='resource_version', value='4b97da5a850e55d48f7d5bb5cbd46141')), run_ref=VersionRef(entity_type='native_run_identity/v1', entity_id=TypedId(kind='run', value='f5eb34cfac4e4ed8a9ba9b784517d0aa'), version_id=TypedId(kind='run_version', value='bba1bc290c814aafb249afecb9202434')), task_ref=VersionRef(entity_type='task/v1', entity_id=TypedId(kind='task', value='38269e9f4aba49619103866d61b6e97e'), version_id=TypedId(kind='task_version', value='7d70c4a65d694f8a85034e17c4f0ca0a')), acceptance_ref=VersionRef(entity_type='parent_child_acceptance/v1', entity_id=TypedId(kind='resource', value='c914fc23b5e95cdd8f20290cddb4c8a3'), version_id=TypedId(kind='resource_version', value='06bed4c3093954e79d106ae112ab0fd3')), intent_ref=VersionRef(entity_type='parent_child_intent/v1', entity_id=TypedId(kind='resource', value='96f9cb867b2b51e78f713108b6aaaa9c'), version_id=TypedId(kind='resource_version', value='eb995af077d75b23ac56ef69e4919205')), dispatch_ref=VersionRef(entity_type='parent_child_dispatch/v1', entity_id=TypedId(kind='resource', value='343a320b063a536aacfd8fbb97bcab73'), version_id=TypedId(kind='resource_version', value='63b90c0a9f0658b08efe56f8335b80a0')), worker_ref=VersionRef(entity_type='parent_child_worker/v1', entity_id=TypedId(kind='resource', value='39b97870381057c9a15c3c36cd2c8e78'), version_id=TypedId(kind='resource_version', value='be965f80fa325bf58b36fffefc6fca42')), firing_ref=VersionRef(entity_type='transition_firing/v1', entity_id=TypedId(kind='transition_firing', value='807a4ca76b9854d6b1751b6b6658a74e'), version_id=TypedId(kind='transition_firing_version', value='ceb21ab2920f516d84c363d81dd7000d')), invocation_ref=VersionRef(entity_type='invocation/v1', entity_id=TypedId(kind='invocation', value='89fa566843955615a4c63c7bf2daef1f'), version_id=TypedId(kind='invocation_version', value='ba383b53cb3c5674afefd8af99bcedef')), lease_ref=VersionRef(entity_type='operation_execution_lease/v1', entity_id=TypedId(kind='operation_execution_lease', value='c72f86bb33cc50b98eafb6566719ec2e'), version_id=TypedId(kind='operation_execution_lease_version', value='7ebdb7c852185e9d9ee77692bbb15ad0')), start_event_id=TypedId(kind='event', value='512ac8e2663349fabeacc3209027f0b9'), transaction_id=TypedId(kind='transaction', value='86938d7f5c6454bdbb5dae4a2666472d'), event_id=TypedId(kind='event', value='f1ad5b409ca04979803c24212f0e3461'), commit_ordinal=160, observed_registry_ordinal=160, writer_epoch_at_acceptance=2, execution_generation_at_acceptance=0, acceptance_sha256='5a7c7d268ecbe031acbf7897fbbabc2cd7396e78b54629a0cdda466c24780579', intent_sha256='86aa863da7ab1fff683b1a782649b8e8d28b5107881b66ddf5bf396740bbeec2', request_digest='796ccd76f2ed33f41a0f49f75da20552a92fe403b694de22e3f64020b0f5ec5a', public_material_digest='0625178edd3d1011fb1dcc73e8a72e57c9e6d4a21824851a8f5a135e0f11bbec', envelope_digest='da8e07dcce6f3c855609e4bb2235d5330b7c22f108b420c31b0cf6efcccb008e', initial_declaration_digest='8091c770e50f424d8ce7a71cc6cdc33db60df1ee1ffbd2359165042a284d575e')))
E       assert 'HISTORICAL_ACCEPTANCE_VALID' == 'HISTORICAL_ACCEPTANCE_INVALID'
E         
E         - HISTORICAL_ACCEPTANCE_INVALID
E         ?                       --
E         + HISTORICAL_ACCEPTANCE_VALID

../tests/test_history_round2_edges.py:29: AssertionError
_ test_original_start_event_identity_and_causality_are_not_rebuilt[causation_event_id] _

tmp_path = PosixPath('/tmp/pytest-of-agent/pytest-202/test_original_start_event_iden3')
field = 'causation_event_id'

    @pytest.mark.parametrize('field', ['command_id', 'idempotency_key', 'correlation_id', 'causation_event_id', 'parent_event_ids_json'])
    def test_original_start_event_identity_and_causality_are_not_rebuilt(tmp_path, field):
        values, store, query = fixture(tmp_path)
        body = values[0]._core.get_version(query.acceptance_ref.version_id).metadata
        value = str(new_id('event')) if field == 'causation_event_id' else (json.dumps([str(new_id('event'))]) if field == 'parent_event_ids_json' else 'foreign-start-command')
        with store.connect() as db:
            db.execute('UPDATE events SET ' + field + '=? WHERE event_id=?', (value, body['execution']['start_event_id']))
        result = store.classify_child_acceptance_history(query)
>       assert result.status == INVALID, (field, result)
E       AssertionError: ('causation_event_id', ChildAcceptanceHistoryResult(status='HISTORICAL_ACCEPTANCE_VALID', reason='original_committed_mechanical_acceptance', proof=ChildAcceptanceHistoryProof(source_id='parent-source', binding_ref=VersionRef(entity_type='collaboration_source_binding/v1', entity_id=TypedId(kind='resource', value='c7394a172dc15aa4ac6a1eab583fa556'), version_id=TypedId(kind='resource_version', value='8e5bb7363f4a5453853dcf35bd9c85ad')), run_ref=VersionRef(entity_type='native_run_identity/v1', entity_id=TypedId(kind='run', value='5a2b7ab4c7294b16a639a78ed0c2bc15'), version_id=TypedId(kind='run_version', value='ac2b371bcf984587a3933be5d24b3334')), task_ref=VersionRef(entity_type='task/v1', entity_id=TypedId(kind='task', value='d5e8213335744da89004832a6e973c47'), version_id=TypedId(kind='task_version', value='b3c64e1801324b259c934f2a30357e51')), acceptance_ref=VersionRef(entity_type='parent_child_acceptance/v1', entity_id=TypedId(kind='resource', value='62f430726bb45d34af6f6db4cb59435b'), version_id=TypedId(kind='resource_version', value='12d3426f65e45341a5528f17c68bc1a3')), intent_ref=VersionRef(entity_type='parent_child_intent/v1', entity_id=TypedId(kind='resource', value='9719aa93a23c5ec6adb97e8ad9eaecc3'), version_id=TypedId(kind='resource_version', value='b0285de97e7356bea44083e5e45e35fd')), dispatch_ref=VersionRef(entity_type='parent_child_dispatch/v1', entity_id=TypedId(kind='resource', value='6009dc760fef505c904ab78ff4769be9'), version_id=TypedId(kind='resource_version', value='74ccf1c346665339bbe50e1753f741ed')), worker_ref=VersionRef(entity_type='parent_child_worker/v1', entity_id=TypedId(kind='resource', value='0911577308555943996024dfb83a72be'), version_id=TypedId(kind='resource_version', value='51914707a9d85f268b5cc31775480d80')), firing_ref=VersionRef(entity_type='transition_firing/v1', entity_id=TypedId(kind='transition_firing', value='0a1a50236ea45b98a8652f61278dfb76'), version_id=TypedId(kind='transition_firing_version', value='d70156497d7050ffa32ba8a3a1eb45e0')), invocation_ref=VersionRef(entity_type='invocation/v1', entity_id=TypedId(kind='invocation', value='4ff0de05f20752f3b6ad0e23b3fd7cb9'), version_id=TypedId(kind='invocation_version', value='f626d982b6af54df8cf59b05df8fbf1a')), lease_ref=VersionRef(entity_type='operation_execution_lease/v1', entity_id=TypedId(kind='operation_execution_lease', value='9ecda621bbb35c91aaa741422f9be3bb'), version_id=TypedId(kind='operation_execution_lease_version', value='daa20ea8df025919825191dbdc9f576c')), start_event_id=TypedId(kind='event', value='71affd34ba924bd7adec489c983dd073'), transaction_id=TypedId(kind='transaction', value='dac209a920de5a9492149ffcfec1ca2d'), event_id=TypedId(kind='event', value='19f636b02c32414c930f4ecdd55fd173'), commit_ordinal=160, observed_registry_ordinal=160, writer_epoch_at_acceptance=2, execution_generation_at_acceptance=0, acceptance_sha256='68d0cb2876cb690c9c8bef1943b8b94d721106b044c61a82e9ca281b680e8697', intent_sha256='72b40a773664b7e722904c2331369c42d81bba64869429e722965496d66fec4c', request_digest='34c9669f0a5590d83c38552e8b1cbdcb086c81faff398d61712163f498c72fb1', public_material_digest='e4c763f1228ec67885a2141f2389f21d224206e9506342015752f1ce5794c3c5', envelope_digest='ca231cde70e886d6347d734614db1ae7f7838089c9804f5d9a1c86bd6f60ea8d', initial_declaration_digest='8091c770e50f424d8ce7a71cc6cdc33db60df1ee1ffbd2359165042a284d575e')))
E       assert 'HISTORICAL_ACCEPTANCE_VALID' == 'HISTORICAL_ACCEPTANCE_INVALID'
E         
E         - HISTORICAL_ACCEPTANCE_INVALID
E         ?                       --
E         + HISTORICAL_ACCEPTANCE_VALID

../tests/test_history_round2_edges.py:29: AssertionError
_ test_original_start_event_identity_and_causality_are_not_rebuilt[parent_event_ids_json] _

tmp_path = PosixPath('/tmp/pytest-of-agent/pytest-202/test_original_start_event_iden4')
field = 'parent_event_ids_json'

    @pytest.mark.parametrize('field', ['command_id', 'idempotency_key', 'correlation_id', 'causation_event_id', 'parent_event_ids_json'])
    def test_original_start_event_identity_and_causality_are_not_rebuilt(tmp_path, field):
        values, store, query = fixture(tmp_path)
        body = values[0]._core.get_version(query.acceptance_ref.version_id).metadata
        value = str(new_id('event')) if field == 'causation_event_id' else (json.dumps([str(new_id('event'))]) if field == 'parent_event_ids_json' else 'foreign-start-command')
        with store.connect() as db:
            db.execute('UPDATE events SET ' + field + '=? WHERE event_id=?', (value, body['execution']['start_event_id']))
        result = store.classify_child_acceptance_history(query)
>       assert result.status == INVALID, (field, result)
E       AssertionError: ('parent_event_ids_json', ChildAcceptanceHistoryResult(status='HISTORICAL_ACCEPTANCE_VALID', reason='original_committed_mechanical_acceptance', proof=ChildAcceptanceHistoryProof(source_id='parent-source', binding_ref=VersionRef(entity_type='collaboration_source_binding/v1', entity_id=TypedId(kind='resource', value='3cc9c9d62cda5d18a53047132be1a106'), version_id=TypedId(kind='resource_version', value='9b4b2fa51d565ee784acf056fa12a03c')), run_ref=VersionRef(entity_type='native_run_identity/v1', entity_id=TypedId(kind='run', value='c980988f29104a44b22823518c3b4192'), version_id=TypedId(kind='run_version', value='7b25c01ac3af4f9c8e9b72dda9d647ff')), task_ref=VersionRef(entity_type='task/v1', entity_id=TypedId(kind='task', value='2aa9d861d554477f8f1768f6c70de344'), version_id=TypedId(kind='task_version', value='75d92c5bbd41433a844a3428c3c8d51d')), acceptance_ref=VersionRef(entity_type='parent_child_acceptance/v1', entity_id=TypedId(kind='resource', value='2ab4debd34fe538cb2f7180911c85054'), version_id=TypedId(kind='resource_version', value='71fb0e43f8735317a66039dfb4632bec')), intent_ref=VersionRef(entity_type='parent_child_intent/v1', entity_id=TypedId(kind='resource', value='32f4b5232ee8523f958162d7c30d6fd8'), version_id=TypedId(kind='resource_version', value='b34cc44212125465b3abd71806f67b59')), dispatch_ref=VersionRef(entity_type='parent_child_dispatch/v1', entity_id=TypedId(kind='resource', value='20da7bceaf9559fab880db4d4a5da74c'), version_id=TypedId(kind='resource_version', value='fb9a69f72d3854038b710541d2e651e0')), worker_ref=VersionRef(entity_type='parent_child_worker/v1', entity_id=TypedId(kind='resource', value='26378d713c325d7f86e59984bcad975f'), version_id=TypedId(kind='resource_version', value='3da0725e651a59ab90735948479b668f')), firing_ref=VersionRef(entity_type='transition_firing/v1', entity_id=TypedId(kind='transition_firing', value='f91b7714792854639b90b595012e9abe'), version_id=TypedId(kind='transition_firing_version', value='20ac3745a677543baef9d52ac258640b')), invocation_ref=VersionRef(entity_type='invocation/v1', entity_id=TypedId(kind='invocation', value='18d0e4e6373a5250b47250f063024348'), version_id=TypedId(kind='invocation_version', value='56b66cfb7c6c5ff6a4e10c6266700e22')), lease_ref=VersionRef(entity_type='operation_execution_lease/v1', entity_id=TypedId(kind='operation_execution_lease', value='886c676f18205c2fa2665a3e9d39e71d'), version_id=TypedId(kind='operation_execution_lease_version', value='f8c034a276165f01b8d469892ede475b')), start_event_id=TypedId(kind='event', value='d821b12483a747819c3a0956aaf1319b'), transaction_id=TypedId(kind='transaction', value='f6d1950ff1b854b986c732e79a179f00'), event_id=TypedId(kind='event', value='fa6442be79384a549f658073a7d7167c'), commit_ordinal=160, observed_registry_ordinal=160, writer_epoch_at_acceptance=2, execution_generation_at_acceptance=0, acceptance_sha256='638ed40ddac49d16d7271ea9f5cd0917df746420285ab9325543ef61806360ae', intent_sha256='e138c6cfb278c801e355e9043193ce3cb8811e856ddcca876a8a3743617b625b', request_digest='e414c52123dbd143f3342a9dc71f7a85570a668ef7e13f4111530274ca4b3558', public_material_digest='5b686802b6293e16f588ff68ded3a4393932b52739b0154b8c58fdbdbc98a9ad', envelope_digest='b13ecbe71013ec8c373d87397343bff5093fa9594de1976b205100c251b21ada', initial_declaration_digest='8091c770e50f424d8ce7a71cc6cdc33db60df1ee1ffbd2359165042a284d575e')))
E       assert 'HISTORICAL_ACCEPTANCE_VALID' == 'HISTORICAL_ACCEPTANCE_INVALID'
E         
E         - HISTORICAL_ACCEPTANCE_INVALID
E         ?                       --
E         + HISTORICAL_ACCEPTANCE_VALID

../tests/test_history_round2_edges.py:29: AssertionError
____________ test_unreadable_database_is_classified_without_raising ____________

tmp_path = PosixPath('/tmp/pytest-of-agent/pytest-202/test_unreadable_database_is_cl0')

    def test_unreadable_database_is_classified_without_raising(tmp_path):
        _, store, query = fixture(tmp_path)
        broken = tmp_path / 'broken.sqlite3'
        broken.write_bytes(b'not an SQLite database' + b'\x00' * 512)
        reader = EventStore(broken, store.catalog, read_only=True)
>       result = reader.classify_child_acceptance_history(query)
                 ^^^^^^^^^^^^^^^^^^^^^^^^^^^^^^^^^^^^^^^^^^^^^^^

../tests/test_history_round2_edges.py:37: 
_ _ _ _ _ _ _ _ _ _ _ _ _ _ _ _ _ _ _ _ _ _ _ _ _ _ _ _ _ _ _ _ _ _ _ _ _ _ _ _ 
cpn/rpnh/registry/event_store.py:1090: in classify_child_acceptance_history
    return classify_child_acceptance_history(self, assertion)
           ^^^^^^^^^^^^^^^^^^^^^^^^^^^^^^^^^^^^^^^^^^^^^^^^^^
_ _ _ _ _ _ _ _ _ _ _ _ _ _ _ _ _ _ _ _ _ _ _ _ _ _ _ _ _ _ _ _ _ _ _ _ _ _ _ _ 

store = <cpn.rpnh.registry.event_store.EventStore object at 0x7f0fdb8c86b0>
assertion = ChildAcceptanceHistoryAssertion(source_id='parent-source', binding_ref=VersionRef(entity_type='collaboration_source_bi...4110257b946579531a2589', initial_declaration_digest='8091c770e50f424d8ce7a71cc6cdc33db60df1ee1ffbd2359165042a284d575e')

    def classify_child_acceptance_history(store, assertion):
        """Classify a specified original acceptance; never opens a writer or repairs.
    
        It is deliberately not a receipt parser and is not called by bootstrap,
        dispatch, resume or normal CanonicalView. Missing evidence fails closed.
        SQLite read-only access can create SHM/WAL support files; this API promises
        no canonical database/event mutation, not zero directory side effects.
        """
        try:
            _assertion(assertion)
            if type(store) is not EventStore:
                raise RegistryConflict('history requires the original Registry EventStore')
            if not store.path.is_file():
                raise _Unavailable()
            # A separate read-only handle to the SAME original source keeps ordinary
            # live reader memos untouched and gives this call fresh local memos.
            reader = EventStore(store.path, store.catalog, read_only=True)
            with reader.connect() as db:
                db.execute('BEGIN')
>               observed = db.execute('SELECT COALESCE(MAX(ordinal),0) FROM events').fetchone()[0]
                           ^^^^^^^^^^^^^^^^^^^^^^^^^^^^^^^^^^^^^^^^^^^^^^^^^^^^^^^^^
E               sqlite3.DatabaseError: file is not a database

cpn/rpnh/registry/acceptance_history.py:413: DatabaseError
- generated xml file: /workspace/scratch/18c810e6dd59/rpnh-acceptance-history-review/evidence/round2-edges.xml -
=========================== short test summary info ============================
FAILED ../tests/test_history_round2_edges.py::test_original_membership_inventory_has_no_orphans[object] - AssertionError: ('object', ChildAcceptanceHistoryResult(status='HISTORICAL_ACCEPTANCE_VALID', reason='original_committed_mechanical_acceptance', proof=ChildAcceptanceHistoryProof(source_id='parent-source', binding_ref=VersionRef(entity_type='collaboration_source_binding/v1', entity_id=TypedId(kind='resource', value='93d03a1837685d0faf54f48c9964447b'), version_id=TypedId(kind='resource_version', value='423a38eaf09a5b9cb95738b16b709e1b')), run_ref=VersionRef(entity_type='native_run_identity/v1', entity_id=TypedId(kind='run', value='79fd8410661a4aea8db43b2d8af8a138'), version_id=TypedId(kind='run_version', value='4e505109c7f34069b3a28993bd554890')), task_ref=VersionRef(entity_type='task/v1', entity_id=TypedId(kind='task', value='53117d8f9e4b446aa2d91d4f7a5b134a'), version_id=TypedId(kind='task_version', value='2917eaf43f874923a9ac37942483ebe8')), acceptance_ref=VersionRef(entity_type='parent_child_acceptance/v1', entity_id=TypedId(kind='resource', value='707a06e825e35d9698ba30117569f951'), version_id=TypedId(kind='resource_version', value='46369aed95a7518cb8355066494bbedc')), intent_ref=VersionRef(entity_type='parent_child_intent/v1', entity_id=TypedId(kind='resource', value='3f1f1f1adb8f5166b6c53c1cba6b06a5'), version_id=TypedId(kind='resource_version', value='47327778ef9051ed816ac1fd9555ef12')), dispatch_ref=VersionRef(entity_type='parent_child_dispatch/v1', entity_id=TypedId(kind='resource', value='14d95e88898451858e45b746a9e8473a'), version_id=TypedId(kind='resource_version', value='99edcd143a1a524eaadf4fee0d638933')), worker_ref=VersionRef(entity_type='parent_child_worker/v1', entity_id=TypedId(kind='resource', value='2aa3efb4cc6f560180682a5b8ad06cc4'), version_id=TypedId(kind='resource_version', value='19eea0e9d238551aa3d5641ef2eef8c3')), firing_ref=VersionRef(entity_type='transition_firing/v1', entity_id=TypedId(kind='transition_firing', value='63c0609b3d64575988edaa8bcb98d3da'), version_id=TypedId(kind='transition_firing_version', value='4b24f7e9564150c58ffce0a7bafa3525')), invocation_ref=VersionRef(entity_type='invocation/v1', entity_id=TypedId(kind='invocation', value='a3031580699656048a67340d258b6d6c'), version_id=TypedId(kind='invocation_version', value='5e57f04dddc15fc0a7f175c20f7e7e57')), lease_ref=VersionRef(entity_type='operation_execution_lease/v1', entity_id=TypedId(kind='operation_execution_lease', value='99002b58037d568782c83b00e6f7918e'), version_id=TypedId(kind='operation_execution_lease_version', value='5fe261a5883d5e428335babeb32b8e3a')), start_event_id=TypedId(kind='event', value='ecbae37c3782488a9347916152a49e7c'), transaction_id=TypedId(kind='transaction', value='fd270814cd0e564580569c0de395ca59'), event_id=TypedId(kind='event', value='e8feb9859a9042299af69cc235881735'), commit_ordinal=160, observed_registry_ordinal=160, writer_epoch_at_acceptance=2, execution_generation_at_acceptance=0, acceptance_sha256='ef56be0c81ef1e9935f9905b4858d7ae2353f2b247c0305fa4ddf0b0bcfc67cc', intent_sha256='326f587e475ad45b27e7a8b4e073da68b496f4b05470219a693a455846df9ed1', request_digest='6e0290c70de01d15e96eea5594769cb39afdd11695f3a2148db5e4ff99f12b12', public_material_digest='919da5475888ccaac9d0163c76b17bb510125ee4b2278b42be02133fe8d507de', envelope_digest='401db22e91e0a80194b950a18fa1bc9db4d8900c8c21bf4c20cbd6d64cce21d6', initial_declaration_digest='8091c770e50f424d8ce7a71cc6cdc33db60df1ee1ffbd2359165042a284d575e')))
assert 'HISTORICAL_ACCEPTANCE_VALID' == 'HISTORICAL_ACCEPTANCE_INVALID'
  
  - HISTORICAL_ACCEPTANCE_INVALID
  ?                       --
  + HISTORICAL_ACCEPTANCE_VALID
FAILED ../tests/test_history_round2_edges.py::test_original_membership_inventory_has_no_orphans[event] - AssertionError: ('event', ChildAcceptanceHistoryResult(status='HISTORICAL_ACCEPTANCE_VALID', reason='original_committed_mechanical_acceptance', proof=ChildAcceptanceHistoryProof(source_id='parent-source', binding_ref=VersionRef(entity_type='collaboration_source_binding/v1', entity_id=TypedId(kind='resource', value='5c9f5b2ad8ef5b87b6bd706c22459611'), version_id=TypedId(kind='resource_version', value='edda4821485f5718beedb1adeccdefdf')), run_ref=VersionRef(entity_type='native_run_identity/v1', entity_id=TypedId(kind='run', value='eb981e2c40734b78a3c8ea8aa783093b'), version_id=TypedId(kind='run_version', value='fa088623b18646acb2788737a1403e6c')), task_ref=VersionRef(entity_type='task/v1', entity_id=TypedId(kind='task', value='bd253f81c8a3470fbb3fad6bb0fc89de'), version_id=TypedId(kind='task_version', value='e06fc47b89474275a922d7be5102020d')), acceptance_ref=VersionRef(entity_type='parent_child_acceptance/v1', entity_id=TypedId(kind='resource', value='d538714fabdc59049d957c7e30e866ca'), version_id=TypedId(kind='resource_version', value='8e1edf9765a35c239d120eab33003165')), intent_ref=VersionRef(entity_type='parent_child_intent/v1', entity_id=TypedId(kind='resource', value='eb57ab57f09b5371818726eadbc8b924'), version_id=TypedId(kind='resource_version', value='a417f0223f49585ba855a343d8f079ea')), dispatch_ref=VersionRef(entity_type='parent_child_dispatch/v1', entity_id=TypedId(kind='resource', value='50f2118695d955f5b6b6be7a40a6b2a5'), version_id=TypedId(kind='resource_version', value='1833a2e6834858c18a4edcbe62ac1213')), worker_ref=VersionRef(entity_type='parent_child_worker/v1', entity_id=TypedId(kind='resource', value='cdd32187bffb50c4a3d4fe5e13ccb00c'), version_id=TypedId(kind='resource_version', value='ad6ad196cdc5547fb9ed6c828ee34f77')), firing_ref=VersionRef(entity_type='transition_firing/v1', entity_id=TypedId(kind='transition_firing', value='78865534f92f51bdbe468056186927ae'), version_id=TypedId(kind='transition_firing_version', value='bd8879e4e8d75bf8a437fbe9d9d94ff7')), invocation_ref=VersionRef(entity_type='invocation/v1', entity_id=TypedId(kind='invocation', value='e99689e2cd7b51e5bb3d5a3b69e7d275'), version_id=TypedId(kind='invocation_version', value='22271018ee915f06bd25d8fbbcfe163b')), lease_ref=VersionRef(entity_type='operation_execution_lease/v1', entity_id=TypedId(kind='operation_execution_lease', value='52f67cc81e9f5a02ac372feb57d686ed'), version_id=TypedId(kind='operation_execution_lease_version', value='3e92c09dcd085ec48ac582601aae24ce')), start_event_id=TypedId(kind='event', value='ee3ac8069ffa4793aab4e4c26036870f'), transaction_id=TypedId(kind='transaction', value='c6d0983c99435ffe9e8c363ca992ab99'), event_id=TypedId(kind='event', value='87e3e7d5ddae411b9b13e51cc0b7550a'), commit_ordinal=160, observed_registry_ordinal=160, writer_epoch_at_acceptance=2, execution_generation_at_acceptance=0, acceptance_sha256='82ad6df4a0007f711e28374e452ca9b266512f03495d2ad0483fceaa4d4b7d6a', intent_sha256='41fc15bbfb8fa0c2da6a40e92e533f95b728dcf420b0de7544457ca2cbd39d98', request_digest='7bb94b1266b672109232a86f2307fd7ae95778d6cb7f4346bffdc877c5d6ab55', public_material_digest='24fdd8f5cabd104a03169c77f54c3017cca9ada5f143c41d935e8479720ccd89', envelope_digest='e9d02afbcc1d9bf746fbd82165c34f1383658f6cbc29a8345c9bc6a704bf7b49', initial_declaration_digest='8091c770e50f424d8ce7a71cc6cdc33db60df1ee1ffbd2359165042a284d575e')))
assert 'HISTORICAL_ACCEPTANCE_VALID' == 'HISTORICAL_ACCEPTANCE_INVALID'
  
  - HISTORICAL_ACCEPTANCE_INVALID
  ?                       --
  + HISTORICAL_ACCEPTANCE_VALID
FAILED ../tests/test_history_round2_edges.py::test_original_membership_inventory_has_no_orphans[relation] - AssertionError: ('relation', ChildAcceptanceHistoryResult(status='HISTORICAL_ACCEPTANCE_VALID', reason='original_committed_mechanical_acceptance', proof=ChildAcceptanceHistoryProof(source_id='parent-source', binding_ref=VersionRef(entity_type='collaboration_source_binding/v1', entity_id=TypedId(kind='resource', value='f13994937d1f5ae7b5aa5ae054c62b1d'), version_id=TypedId(kind='resource_version', value='3b4eb000c57a5bdfbeb208be15b0b311')), run_ref=VersionRef(entity_type='native_run_identity/v1', entity_id=TypedId(kind='run', value='094ad3d9720c4ac6a1dbff1867227236'), version_id=TypedId(kind='run_version', value='ebf9072f2adb4cdabd5560cb6ecc7999')), task_ref=VersionRef(entity_type='task/v1', entity_id=TypedId(kind='task', value='f7319ffc10864b1f8a14a755e48ae6f7'), version_id=TypedId(kind='task_version', value='703de86222f1447b9c411e6e41c9a0c5')), acceptance_ref=VersionRef(entity_type='parent_child_acceptance/v1', entity_id=TypedId(kind='resource', value='c555ce5abeeb57f6a84e99cf95371728'), version_id=TypedId(kind='resource_version', value='39c363ae80555fcc9c72d0ab7b2fadef')), intent_ref=VersionRef(entity_type='parent_child_intent/v1', entity_id=TypedId(kind='resource', value='42187568a88751d8bdc30c6e4af0a14e'), version_id=TypedId(kind='resource_version', value='a423e56212115ef6adc7a5d1c28ca5be')), dispatch_ref=VersionRef(entity_type='parent_child_dispatch/v1', entity_id=TypedId(kind='resource', value='91eae1ac549f5d10b82f982fc9cc6254'), version_id=TypedId(kind='resource_version', value='c22f9907560e58998f287e16e6852f6b')), worker_ref=VersionRef(entity_type='parent_child_worker/v1', entity_id=TypedId(kind='resource', value='d383fe92c11f5a28988ebf3c1adbd5b1'), version_id=TypedId(kind='resource_version', value='7acf1534b09f5951aba334e15f4be5d7')), firing_ref=VersionRef(entity_type='transition_firing/v1', entity_id=TypedId(kind='transition_firing', value='8540c882cff05318bafa8f0c727076d3'), version_id=TypedId(kind='transition_firing_version', value='7931f2f3542e592198607b36676f4d95')), invocation_ref=VersionRef(entity_type='invocation/v1', entity_id=TypedId(kind='invocation', value='3e6ebe744e3d5de6935d4fdbcf64531f'), version_id=TypedId(kind='invocation_version', value='4df7422a94275c919629b7552b465a74')), lease_ref=VersionRef(entity_type='operation_execution_lease/v1', entity_id=TypedId(kind='operation_execution_lease', value='55d7a64c9dd55db4bd02d53d6277f4ef'), version_id=TypedId(kind='operation_execution_lease_version', value='eb0c6f7f49ae5d44a7857066c58ac4d2')), start_event_id=TypedId(kind='event', value='76798b1d1a58412bb24bf25ead4edd36'), transaction_id=TypedId(kind='transaction', value='a5568dfd398c51548e194d01af3e0c39'), event_id=TypedId(kind='event', value='0ec584e0079e465b888e6a23f3b3fb43'), commit_ordinal=160, observed_registry_ordinal=160, writer_epoch_at_acceptance=2, execution_generation_at_acceptance=0, acceptance_sha256='efb8dfedcef5b3909600dbaea8646abf0af0e82cd537e8aa881d9fada566bfee', intent_sha256='7b85442e9ddafd8bef831a7a77ef4eff2a9e97ee4510528d3cb2a33da29e68a3', request_digest='18aff9c682a15a866e3dbe6c31f8c0a4985738599bfa409416630d4bf27bd419', public_material_digest='96fc221ec3841a223bfd65be8057ea1a73bb1077823d764d7744eebf6f35bef8', envelope_digest='3c67153e67032e2db741a9ecfe75cab872978c86b2a7aa0a046606b18ba35e81', initial_declaration_digest='8091c770e50f424d8ce7a71cc6cdc33db60df1ee1ffbd2359165042a284d575e')))
assert 'HISTORICAL_ACCEPTANCE_VALID' == 'HISTORICAL_ACCEPTANCE_INVALID'
  
  - HISTORICAL_ACCEPTANCE_INVALID
  ?                       --
  + HISTORICAL_ACCEPTANCE_VALID
FAILED ../tests/test_history_round2_edges.py::test_original_membership_inventory_has_no_orphans[transaction] - AssertionError: ('transaction', ChildAcceptanceHistoryResult(status='HISTORICAL_ACCEPTANCE_VALID', reason='original_committed_mechanical_acceptance', proof=ChildAcceptanceHistoryProof(source_id='parent-source', binding_ref=VersionRef(entity_type='collaboration_source_binding/v1', entity_id=TypedId(kind='resource', value='2cd75a4039f85adb9303dc09cb628622'), version_id=TypedId(kind='resource_version', value='638b64f39b2e5438937c9372a4bdd704')), run_ref=VersionRef(entity_type='native_run_identity/v1', entity_id=TypedId(kind='run', value='bfee2a0bd6404178baf190ca3559e396'), version_id=TypedId(kind='run_version', value='d6b5cfbb1e1b48e89ae6931358c0b02c')), task_ref=VersionRef(entity_type='task/v1', entity_id=TypedId(kind='task', value='209f22fcbab14bfb852db612301f6f7c'), version_id=TypedId(kind='task_version', value='b5ff8f7756fe4281882a39ae37945b12')), acceptance_ref=VersionRef(entity_type='parent_child_acceptance/v1', entity_id=TypedId(kind='resource', value='4e79f2cdadf55721a2e0be8ed17831d8'), version_id=TypedId(kind='resource_version', value='983ba0aa49615aa58ce4b82779a53eff')), intent_ref=VersionRef(entity_type='parent_child_intent/v1', entity_id=TypedId(kind='resource', value='ea66ac495f335dcb8974c576cc46a39a'), version_id=TypedId(kind='resource_version', value='21d6b3e95f4c5141b230b79649faf404')), dispatch_ref=VersionRef(entity_type='parent_child_dispatch/v1', entity_id=TypedId(kind='resource', value='ba1d58b7d077521fa9cbbc33d6d971ac'), version_id=TypedId(kind='resource_version', value='ee7c9d5853a5533e840c680fcf5f98f7')), worker_ref=VersionRef(entity_type='parent_child_worker/v1', entity_id=TypedId(kind='resource', value='22cf96d27d475f1d99b9b0a59eb6db15'), version_id=TypedId(kind='resource_version', value='74b3577e7358550f9985ec13c6e6353b')), firing_ref=VersionRef(entity_type='transition_firing/v1', entity_id=TypedId(kind='transition_firing', value='8e18a2d366175913a392c5b26e0b5882'), version_id=TypedId(kind='transition_firing_version', value='67a109a7fd06546298e01bc1dd5b9ade')), invocation_ref=VersionRef(entity_type='invocation/v1', entity_id=TypedId(kind='invocation', value='897e0db0cce35472873c0c8d55c1427c'), version_id=TypedId(kind='invocation_version', value='b67014e2a23a5de9acd3e4ef51974609')), lease_ref=VersionRef(entity_type='operation_execution_lease/v1', entity_id=TypedId(kind='operation_execution_lease', value='55ff17aa2ce053539ea7c60944dc48b6'), version_id=TypedId(kind='operation_execution_lease_version', value='25e4fedfd9c15e1db0d8bdb80b9aa63e')), start_event_id=TypedId(kind='event', value='425c6b191a0a4685b7c561ce65e3b3d9'), transaction_id=TypedId(kind='transaction', value='6bce19c73df45c9889384e09cb92fb79'), event_id=TypedId(kind='event', value='172c10cbeb794ec58fce8ef68997ce06'), commit_ordinal=160, observed_registry_ordinal=160, writer_epoch_at_acceptance=2, execution_generation_at_acceptance=0, acceptance_sha256='65c0092f78653434d43e341c809443e46482a98d4a8e887742f6e3e26babd59b', intent_sha256='b1e9a137c9322c7dac96380322412e359ed7470bbb369809d711948b336594a1', request_digest='158123a27584744178cfd1773e88492e31bf5f59635b64b5bf0153c3846a1ec3', public_material_digest='9fdb9cbea16c0f35eaeecae50e69b02f7cef09f91491fc283f5b521ae847ffc0', envelope_digest='ce8ee0c525a8802e932d5af5b888dc529c0f6318ba9d406d53158f68b6106c55', initial_declaration_digest='8091c770e50f424d8ce7a71cc6cdc33db60df1ee1ffbd2359165042a284d575e')))
assert 'HISTORICAL_ACCEPTANCE_VALID' == 'HISTORICAL_ACCEPTANCE_INVALID'
  
  - HISTORICAL_ACCEPTANCE_INVALID
  ?                       --
  + HISTORICAL_ACCEPTANCE_VALID
FAILED ../tests/test_history_round2_edges.py::test_original_start_event_identity_and_causality_are_not_rebuilt[command_id] - AssertionError: ('command_id', ChildAcceptanceHistoryResult(status='HISTORICAL_ACCEPTANCE_VALID', reason='original_committed_mechanical_acceptance', proof=ChildAcceptanceHistoryProof(source_id='parent-source', binding_ref=VersionRef(entity_type='collaboration_source_binding/v1', entity_id=TypedId(kind='resource', value='be8562a008e1576aacee7ec02e6fcd58'), version_id=TypedId(kind='resource_version', value='6565758dfb5d5e848b149d907543ca39')), run_ref=VersionRef(entity_type='native_run_identity/v1', entity_id=TypedId(kind='run', value='39f7599aba7545d0a050b6181c2801d5'), version_id=TypedId(kind='run_version', value='068a0fd8cea44060aadd851283246f8f')), task_ref=VersionRef(entity_type='task/v1', entity_id=TypedId(kind='task', value='10a0208ae9564cac904a47af1b56963f'), version_id=TypedId(kind='task_version', value='9422051f361d4f9989ffe4ae19d04de0')), acceptance_ref=VersionRef(entity_type='parent_child_acceptance/v1', entity_id=TypedId(kind='resource', value='83188b37be92510d8ecfec2476f51a3f'), version_id=TypedId(kind='resource_version', value='bb3beb38d4465949b198923a9e46c615')), intent_ref=VersionRef(entity_type='parent_child_intent/v1', entity_id=TypedId(kind='resource', value='c775424374235862b9aa54e149ed8237'), version_id=TypedId(kind='resource_version', value='828104f7352c51aa8f935ec8bf516f68')), dispatch_ref=VersionRef(entity_type='parent_child_dispatch/v1', entity_id=TypedId(kind='resource', value='ac74c513f03259a7930181352e70e3db'), version_id=TypedId(kind='resource_version', value='1bb69a5dacbc5a1b98d877a521a09650')), worker_ref=VersionRef(entity_type='parent_child_worker/v1', entity_id=TypedId(kind='resource', value='9feee10df60851b086ee838a3fd75377'), version_id=TypedId(kind='resource_version', value='884092a23dc25c188485a5d387aa64fb')), firing_ref=VersionRef(entity_type='transition_firing/v1', entity_id=TypedId(kind='transition_firing', value='bbd54fb06b4f5e6e926cd1363136861e'), version_id=TypedId(kind='transition_firing_version', value='5c31e93c571c5c24a7d68a38831ad563')), invocation_ref=VersionRef(entity_type='invocation/v1', entity_id=TypedId(kind='invocation', value='a2fdbebe10885547b1cac73c2d613f8b'), version_id=TypedId(kind='invocation_version', value='d82d76d499ec5c7c82f83d7f2ff413ff')), lease_ref=VersionRef(entity_type='operation_execution_lease/v1', entity_id=TypedId(kind='operation_execution_lease', value='43202005715d5f779d7fb80dc43e96d9'), version_id=TypedId(kind='operation_execution_lease_version', value='95e1059ed0555973bbbb93f9a02068c3')), start_event_id=TypedId(kind='event', value='c62334e7743544388dbc81101d481633'), transaction_id=TypedId(kind='transaction', value='3b243bfbf27854f68dbc80377a80f646'), event_id=TypedId(kind='event', value='41425bcd721540f3bd3d645fde187af6'), commit_ordinal=160, observed_registry_ordinal=160, writer_epoch_at_acceptance=2, execution_generation_at_acceptance=0, acceptance_sha256='0bd36a5747c695bf3100c31e6ec67d737a869655a89f5fb73ae0fc864983a2dc', intent_sha256='b500aaa62caa154730942a2fd8f27affaa6150e2f8ba5092caf3acb7a29a9665', request_digest='2da495c9b847d3c4df0c2e3067b140e746549e6e783775ce3a140750c8f9bfa3', public_material_digest='a2fa6c54ae471b2b60daa23cabe465f65236c2d7be1f4bcfec2a284a017f3d40', envelope_digest='491a2c3e40dbe988635f60db248798015a8f9d2ba1388b19d48bb6e26e69603c', initial_declaration_digest='8091c770e50f424d8ce7a71cc6cdc33db60df1ee1ffbd2359165042a284d575e')))
assert 'HISTORICAL_ACCEPTANCE_VALID' == 'HISTORICAL_ACCEPTANCE_INVALID'
  
  - HISTORICAL_ACCEPTANCE_INVALID
  ?                       --
  + HISTORICAL_ACCEPTANCE_VALID
FAILED ../tests/test_history_round2_edges.py::test_original_start_event_identity_and_causality_are_not_rebuilt[idempotency_key] - AssertionError: ('idempotency_key', ChildAcceptanceHistoryResult(status='HISTORICAL_ACCEPTANCE_VALID', reason='original_committed_mechanical_acceptance', proof=ChildAcceptanceHistoryProof(source_id='parent-source', binding_ref=VersionRef(entity_type='collaboration_source_binding/v1', entity_id=TypedId(kind='resource', value='4c7524c43f755cb1ac0ea0e6c80ee23b'), version_id=TypedId(kind='resource_version', value='1b93f352b2d05562af1b73323788eaae')), run_ref=VersionRef(entity_type='native_run_identity/v1', entity_id=TypedId(kind='run', value='3e9c90e54297467cb27d5859318ced18'), version_id=TypedId(kind='run_version', value='8b67623c22694267b9173302c8ab9d7e')), task_ref=VersionRef(entity_type='task/v1', entity_id=TypedId(kind='task', value='e8e21113b66142b9b736118f4eb94deb'), version_id=TypedId(kind='task_version', value='7060fe20cda840fe944b81bec1291dd8')), acceptance_ref=VersionRef(entity_type='parent_child_acceptance/v1', entity_id=TypedId(kind='resource', value='6fa2fd5138015396b6cb7d7a32b1f4a1'), version_id=TypedId(kind='resource_version', value='b6d4488c3df15b5fac30ba3aaf56fa75')), intent_ref=VersionRef(entity_type='parent_child_intent/v1', entity_id=TypedId(kind='resource', value='94a82387fa3d5f19bc688eb6504844ee'), version_id=TypedId(kind='resource_version', value='26d30058f7ad531ea4af6f277eb53071')), dispatch_ref=VersionRef(entity_type='parent_child_dispatch/v1', entity_id=TypedId(kind='resource', value='a90e3e6289435317b3cc07c2242f3792'), version_id=TypedId(kind='resource_version', value='ee05fc0cca1d5a51890589e219d5ad16')), worker_ref=VersionRef(entity_type='parent_child_worker/v1', entity_id=TypedId(kind='resource', value='81c16f32f059560bb305156dcc91bb59'), version_id=TypedId(kind='resource_version', value='33254c5bdf1351fcb1ad40f3497015e1')), firing_ref=VersionRef(entity_type='transition_firing/v1', entity_id=TypedId(kind='transition_firing', value='f2926fa2fbd25e6c8e3787efcfe560c5'), version_id=TypedId(kind='transition_firing_version', value='5b8ec87906285ae99280e36ac8d8877b')), invocation_ref=VersionRef(entity_type='invocation/v1', entity_id=TypedId(kind='invocation', value='8a870f0034b95598ac92ac4b6d8b27df'), version_id=TypedId(kind='invocation_version', value='ba2a4fa34d6c5c85bbc4ebdc74ea8405')), lease_ref=VersionRef(entity_type='operation_execution_lease/v1', entity_id=TypedId(kind='operation_execution_lease', value='5c90225e0cba54f8ad3b1630d86a40ea'), version_id=TypedId(kind='operation_execution_lease_version', value='78b177f2569752929457a82ad24853f8')), start_event_id=TypedId(kind='event', value='594c72f7d7b74101a0e39e67d6b5a3bd'), transaction_id=TypedId(kind='transaction', value='25715b41bb0f572fa88d2aa06cf89be1'), event_id=TypedId(kind='event', value='cdee0905a9b54138ac21ab931b888139'), commit_ordinal=160, observed_registry_ordinal=160, writer_epoch_at_acceptance=2, execution_generation_at_acceptance=0, acceptance_sha256='b9bf0a151e30443fe61fc70c8e4915de14ea7bcb3ed89e612eec4a0fcc9a1c89', intent_sha256='1e42c25dec872604df80b7fecb69a9eccaf78bf25397f2366af93b439f90beff', request_digest='1c87fe74e04685716d398c81f5bcbd588c0003da1a2f6bba6fbce7bb40b70acf', public_material_digest='bad5fae8b592ac3ecdf9d87f0727e2fddf20400b5e9a1a1a0c505dd81c0fc402', envelope_digest='2829f89790619d6d540405dcb0d2e643cfcc3ce1fa8886f2c3a6a58eba222991', initial_declaration_digest='8091c770e50f424d8ce7a71cc6cdc33db60df1ee1ffbd2359165042a284d575e')))
assert 'HISTORICAL_ACCEPTANCE_VALID' == 'HISTORICAL_ACCEPTANCE_INVALID'
  
  - HISTORICAL_ACCEPTANCE_INVALID
  ?                       --
  + HISTORICAL_ACCEPTANCE_VALID
FAILED ../tests/test_history_round2_edges.py::test_original_start_event_identity_and_causality_are_not_rebuilt[correlation_id] - AssertionError: ('correlation_id', ChildAcceptanceHistoryResult(status='HISTORICAL_ACCEPTANCE_VALID', reason='original_committed_mechanical_acceptance', proof=ChildAcceptanceHistoryProof(source_id='parent-source', binding_ref=VersionRef(entity_type='collaboration_source_binding/v1', entity_id=TypedId(kind='resource', value='a28b347bf8a65ed98d62eb5381af05f9'), version_id=TypedId(kind='resource_version', value='4b97da5a850e55d48f7d5bb5cbd46141')), run_ref=VersionRef(entity_type='native_run_identity/v1', entity_id=TypedId(kind='run', value='f5eb34cfac4e4ed8a9ba9b784517d0aa'), version_id=TypedId(kind='run_version', value='bba1bc290c814aafb249afecb9202434')), task_ref=VersionRef(entity_type='task/v1', entity_id=TypedId(kind='task', value='38269e9f4aba49619103866d61b6e97e'), version_id=TypedId(kind='task_version', value='7d70c4a65d694f8a85034e17c4f0ca0a')), acceptance_ref=VersionRef(entity_type='parent_child_acceptance/v1', entity_id=TypedId(kind='resource', value='c914fc23b5e95cdd8f20290cddb4c8a3'), version_id=TypedId(kind='resource_version', value='06bed4c3093954e79d106ae112ab0fd3')), intent_ref=VersionRef(entity_type='parent_child_intent/v1', entity_id=TypedId(kind='resource', value='96f9cb867b2b51e78f713108b6aaaa9c'), version_id=TypedId(kind='resource_version', value='eb995af077d75b23ac56ef69e4919205')), dispatch_ref=VersionRef(entity_type='parent_child_dispatch/v1', entity_id=TypedId(kind='resource', value='343a320b063a536aacfd8fbb97bcab73'), version_id=TypedId(kind='resource_version', value='63b90c0a9f0658b08efe56f8335b80a0')), worker_ref=VersionRef(entity_type='parent_child_worker/v1', entity_id=TypedId(kind='resource', value='39b97870381057c9a15c3c36cd2c8e78'), version_id=TypedId(kind='resource_version', value='be965f80fa325bf58b36fffefc6fca42')), firing_ref=VersionRef(entity_type='transition_firing/v1', entity_id=TypedId(kind='transition_firing', value='807a4ca76b9854d6b1751b6b6658a74e'), version_id=TypedId(kind='transition_firing_version', value='ceb21ab2920f516d84c363d81dd7000d')), invocation_ref=VersionRef(entity_type='invocation/v1', entity_id=TypedId(kind='invocation', value='89fa566843955615a4c63c7bf2daef1f'), version_id=TypedId(kind='invocation_version', value='ba383b53cb3c5674afefd8af99bcedef')), lease_ref=VersionRef(entity_type='operation_execution_lease/v1', entity_id=TypedId(kind='operation_execution_lease', value='c72f86bb33cc50b98eafb6566719ec2e'), version_id=TypedId(kind='operation_execution_lease_version', value='7ebdb7c852185e9d9ee77692bbb15ad0')), start_event_id=TypedId(kind='event', value='512ac8e2663349fabeacc3209027f0b9'), transaction_id=TypedId(kind='transaction', value='86938d7f5c6454bdbb5dae4a2666472d'), event_id=TypedId(kind='event', value='f1ad5b409ca04979803c24212f0e3461'), commit_ordinal=160, observed_registry_ordinal=160, writer_epoch_at_acceptance=2, execution_generation_at_acceptance=0, acceptance_sha256='5a7c7d268ecbe031acbf7897fbbabc2cd7396e78b54629a0cdda466c24780579', intent_sha256='86aa863da7ab1fff683b1a782649b8e8d28b5107881b66ddf5bf396740bbeec2', request_digest='796ccd76f2ed33f41a0f49f75da20552a92fe403b694de22e3f64020b0f5ec5a', public_material_digest='0625178edd3d1011fb1dcc73e8a72e57c9e6d4a21824851a8f5a135e0f11bbec', envelope_digest='da8e07dcce6f3c855609e4bb2235d5330b7c22f108b420c31b0cf6efcccb008e', initial_declaration_digest='8091c770e50f424d8ce7a71cc6cdc33db60df1ee1ffbd2359165042a284d575e')))
assert 'HISTORICAL_ACCEPTANCE_VALID' == 'HISTORICAL_ACCEPTANCE_INVALID'
  
  - HISTORICAL_ACCEPTANCE_INVALID
  ?                       --
  + HISTORICAL_ACCEPTANCE_VALID
FAILED ../tests/test_history_round2_edges.py::test_original_start_event_identity_and_causality_are_not_rebuilt[causation_event_id] - AssertionError: ('causation_event_id', ChildAcceptanceHistoryResult(status='HISTORICAL_ACCEPTANCE_VALID', reason='original_committed_mechanical_acceptance', proof=ChildAcceptanceHistoryProof(source_id='parent-source', binding_ref=VersionRef(entity_type='collaboration_source_binding/v1', entity_id=TypedId(kind='resource', value='c7394a172dc15aa4ac6a1eab583fa556'), version_id=TypedId(kind='resource_version', value='8e5bb7363f4a5453853dcf35bd9c85ad')), run_ref=VersionRef(entity_type='native_run_identity/v1', entity_id=TypedId(kind='run', value='5a2b7ab4c7294b16a639a78ed0c2bc15'), version_id=TypedId(kind='run_version', value='ac2b371bcf984587a3933be5d24b3334')), task_ref=VersionRef(entity_type='task/v1', entity_id=TypedId(kind='task', value='d5e8213335744da89004832a6e973c47'), version_id=TypedId(kind='task_version', value='b3c64e1801324b259c934f2a30357e51')), acceptance_ref=VersionRef(entity_type='parent_child_acceptance/v1', entity_id=TypedId(kind='resource', value='62f430726bb45d34af6f6db4cb59435b'), version_id=TypedId(kind='resource_version', value='12d3426f65e45341a5528f17c68bc1a3')), intent_ref=VersionRef(entity_type='parent_child_intent/v1', entity_id=TypedId(kind='resource', value='9719aa93a23c5ec6adb97e8ad9eaecc3'), version_id=TypedId(kind='resource_version', value='b0285de97e7356bea44083e5e45e35fd')), dispatch_ref=VersionRef(entity_type='parent_child_dispatch/v1', entity_id=TypedId(kind='resource', value='6009dc760fef505c904ab78ff4769be9'), version_id=TypedId(kind='resource_version', value='74ccf1c346665339bbe50e1753f741ed')), worker_ref=VersionRef(entity_type='parent_child_worker/v1', entity_id=TypedId(kind='resource', value='0911577308555943996024dfb83a72be'), version_id=TypedId(kind='resource_version', value='51914707a9d85f268b5cc31775480d80')), firing_ref=VersionRef(entity_type='transition_firing/v1', entity_id=TypedId(kind='transition_firing', value='0a1a50236ea45b98a8652f61278dfb76'), version_id=TypedId(kind='transition_firing_version', value='d70156497d7050ffa32ba8a3a1eb45e0')), invocation_ref=VersionRef(entity_type='invocation/v1', entity_id=TypedId(kind='invocation', value='4ff0de05f20752f3b6ad0e23b3fd7cb9'), version_id=TypedId(kind='invocation_version', value='f626d982b6af54df8cf59b05df8fbf1a')), lease_ref=VersionRef(entity_type='operation_execution_lease/v1', entity_id=TypedId(kind='operation_execution_lease', value='9ecda621bbb35c91aaa741422f9be3bb'), version_id=TypedId(kind='operation_execution_lease_version', value='daa20ea8df025919825191dbdc9f576c')), start_event_id=TypedId(kind='event', value='71affd34ba924bd7adec489c983dd073'), transaction_id=TypedId(kind='transaction', value='dac209a920de5a9492149ffcfec1ca2d'), event_id=TypedId(kind='event', value='19f636b02c32414c930f4ecdd55fd173'), commit_ordinal=160, observed_registry_ordinal=160, writer_epoch_at_acceptance=2, execution_generation_at_acceptance=0, acceptance_sha256='68d0cb2876cb690c9c8bef1943b8b94d721106b044c61a82e9ca281b680e8697', intent_sha256='72b40a773664b7e722904c2331369c42d81bba64869429e722965496d66fec4c', request_digest='34c9669f0a5590d83c38552e8b1cbdcb086c81faff398d61712163f498c72fb1', public_material_digest='e4c763f1228ec67885a2141f2389f21d224206e9506342015752f1ce5794c3c5', envelope_digest='ca231cde70e886d6347d734614db1ae7f7838089c9804f5d9a1c86bd6f60ea8d', initial_declaration_digest='8091c770e50f424d8ce7a71cc6cdc33db60df1ee1ffbd2359165042a284d575e')))
assert 'HISTORICAL_ACCEPTANCE_VALID' == 'HISTORICAL_ACCEPTANCE_INVALID'
  
  - HISTORICAL_ACCEPTANCE_INVALID
  ?                       --
  + HISTORICAL_ACCEPTANCE_VALID
FAILED ../tests/test_history_round2_edges.py::test_original_start_event_identity_and_causality_are_not_rebuilt[parent_event_ids_json] - AssertionError: ('parent_event_ids_json', ChildAcceptanceHistoryResult(status='HISTORICAL_ACCEPTANCE_VALID', reason='original_committed_mechanical_acceptance', proof=ChildAcceptanceHistoryProof(source_id='parent-source', binding_ref=VersionRef(entity_type='collaboration_source_binding/v1', entity_id=TypedId(kind='resource', value='3cc9c9d62cda5d18a53047132be1a106'), version_id=TypedId(kind='resource_version', value='9b4b2fa51d565ee784acf056fa12a03c')), run_ref=VersionRef(entity_type='native_run_identity/v1', entity_id=TypedId(kind='run', value='c980988f29104a44b22823518c3b4192'), version_id=TypedId(kind='run_version', value='7b25c01ac3af4f9c8e9b72dda9d647ff')), task_ref=VersionRef(entity_type='task/v1', entity_id=TypedId(kind='task', value='2aa9d861d554477f8f1768f6c70de344'), version_id=TypedId(kind='task_version', value='75d92c5bbd41433a844a3428c3c8d51d')), acceptance_ref=VersionRef(entity_type='parent_child_acceptance/v1', entity_id=TypedId(kind='resource', value='2ab4debd34fe538cb2f7180911c85054'), version_id=TypedId(kind='resource_version', value='71fb0e43f8735317a66039dfb4632bec')), intent_ref=VersionRef(entity_type='parent_child_intent/v1', entity_id=TypedId(kind='resource', value='32f4b5232ee8523f958162d7c30d6fd8'), version_id=TypedId(kind='resource_version', value='b34cc44212125465b3abd71806f67b59')), dispatch_ref=VersionRef(entity_type='parent_child_dispatch/v1', entity_id=TypedId(kind='resource', value='20da7bceaf9559fab880db4d4a5da74c'), version_id=TypedId(kind='resource_version', value='fb9a69f72d3854038b710541d2e651e0')), worker_ref=VersionRef(entity_type='parent_child_worker/v1', entity_id=TypedId(kind='resource', value='26378d713c325d7f86e59984bcad975f'), version_id=TypedId(kind='resource_version', value='3da0725e651a59ab90735948479b668f')), firing_ref=VersionRef(entity_type='transition_firing/v1', entity_id=TypedId(kind='transition_firing', value='f91b7714792854639b90b595012e9abe'), version_id=TypedId(kind='transition_firing_version', value='20ac3745a677543baef9d52ac258640b')), invocation_ref=VersionRef(entity_type='invocation/v1', entity_id=TypedId(kind='invocation', value='18d0e4e6373a5250b47250f063024348'), version_id=TypedId(kind='invocation_version', value='56b66cfb7c6c5ff6a4e10c6266700e22')), lease_ref=VersionRef(entity_type='operation_execution_lease/v1', entity_id=TypedId(kind='operation_execution_lease', value='886c676f18205c2fa2665a3e9d39e71d'), version_id=TypedId(kind='operation_execution_lease_version', value='f8c034a276165f01b8d469892ede475b')), start_event_id=TypedId(kind='event', value='d821b12483a747819c3a0956aaf1319b'), transaction_id=TypedId(kind='transaction', value='f6d1950ff1b854b986c732e79a179f00'), event_id=TypedId(kind='event', value='fa6442be79384a549f658073a7d7167c'), commit_ordinal=160, observed_registry_ordinal=160, writer_epoch_at_acceptance=2, execution_generation_at_acceptance=0, acceptance_sha256='638ed40ddac49d16d7271ea9f5cd0917df746420285ab9325543ef61806360ae', intent_sha256='e138c6cfb278c801e355e9043193ce3cb8811e856ddcca876a8a3743617b625b', request_digest='e414c52123dbd143f3342a9dc71f7a85570a668ef7e13f4111530274ca4b3558', public_material_digest='5b686802b6293e16f588ff68ded3a4393932b52739b0154b8c58fdbdbc98a9ad', envelope_digest='b13ecbe71013ec8c373d87397343bff5093fa9594de1976b205100c251b21ada', initial_declaration_digest='8091c770e50f424d8ce7a71cc6cdc33db60df1ee1ffbd2359165042a284d575e')))
assert 'HISTORICAL_ACCEPTANCE_VALID' == 'HISTORICAL_ACCEPTANCE_INVALID'
  
  - HISTORICAL_ACCEPTANCE_INVALID
  ?                       --
  + HISTORICAL_ACCEPTANCE_VALID
FAILED ../tests/test_history_round2_edges.py::test_unreadable_database_is_classified_without_raising - sqlite3.DatabaseError: file is not a database
============================= 10 failed in 22.52s ==============================
