.........F.F...                                                          [100%]
=================================== FAILURES ===================================
________ test_source_root_start_and_schema_closure[root_foreign_member] ________

tmp_path = PosixPath('/tmp/pytest-of-agent/pytest-197/test_source_root_start_and_sch2')
damage = 'root_foreign_member'

    @pytest.mark.parametrize('damage', ['root_invocation', 'root_admission', 'root_foreign_member', 'extra_transaction_member', 'missing_start_member', 'start_wrong_transaction', 'missing_source_bytes', 'content_schema_bytes'])
    def test_source_root_start_and_schema_closure(tmp_path, damage):
        values, store, query = fixture(tmp_path)
        core = values[0]._core
        body = core.get_version(query.acceptance_ref.version_id).metadata
        with store.connect() as db:
            firing = body['execution']['firing_ref']['version_id']
            if damage == 'root_invocation':
                db.execute('UPDATE firing_publications SET invocation_logical_id=? WHERE firing_version_id=?', (str(new_id('invocation')), firing))
            elif damage == 'root_admission':
                db.execute('UPDATE firing_publications SET admission_checkpoint_version_id=? WHERE firing_version_id=?', (str(new_id('resource_version')), firing))
            elif damage == 'root_foreign_member':
>               db.execute('UPDATE firing_temporary_members SET firing_version_id=? WHERE member_identity=?', (str(new_id('resource_version')), str(query.acceptance_ref.version_id)))
E               sqlite3.IntegrityError: FOREIGN KEY constraint failed

../tests/test_history_independent.py:149: IntegrityError
_______ test_source_root_start_and_schema_closure[missing_start_member] ________

tmp_path = PosixPath('/tmp/pytest-of-agent/pytest-197/test_source_root_start_and_sch4')
damage = 'missing_start_member'

    @pytest.mark.parametrize('damage', ['root_invocation', 'root_admission', 'root_foreign_member', 'extra_transaction_member', 'missing_start_member', 'start_wrong_transaction', 'missing_source_bytes', 'content_schema_bytes'])
    def test_source_root_start_and_schema_closure(tmp_path, damage):
        values, store, query = fixture(tmp_path)
        core = values[0]._core
        body = core.get_version(query.acceptance_ref.version_id).metadata
        with store.connect() as db:
            firing = body['execution']['firing_ref']['version_id']
            if damage == 'root_invocation':
                db.execute('UPDATE firing_publications SET invocation_logical_id=? WHERE firing_version_id=?', (str(new_id('invocation')), firing))
            elif damage == 'root_admission':
                db.execute('UPDATE firing_publications SET admission_checkpoint_version_id=? WHERE firing_version_id=?', (str(new_id('resource_version')), firing))
            elif damage == 'root_foreign_member':
                db.execute('UPDATE firing_temporary_members SET firing_version_id=? WHERE member_identity=?', (str(new_id('resource_version')), str(query.acceptance_ref.version_id)))
            elif damage == 'extra_transaction_member':
                # The canonical source binding must never be folded into this firing.
                tx = db.execute('SELECT transaction_id FROM objects WHERE version_id=?', (str(query.binding_ref.version_id),)).fetchone()[0]
                db.execute('INSERT INTO firing_temporary_members VALUES (?,?,?,?)', (firing, 'transaction', tx, tx))
            elif damage == 'missing_start_member':
                db.execute("DELETE FROM firing_temporary_members WHERE member_kind='event' AND member_identity=?", (body['execution']['start_event_id'],))
            elif damage == 'start_wrong_transaction':
                db.execute('UPDATE events SET transaction_id=? WHERE event_id=?', (str(query.transaction_id), body['execution']['start_event_id']))
            elif damage == 'missing_source_bytes':
                core.object_store.path_for_version(query.binding_ref.version_id).unlink()
            else:
                item = db.execute("SELECT version_id FROM objects WHERE object_type='registry_type_catalog/v1' ORDER BY rowid LIMIT 1").fetchone()
                from cpn.rpnh.registry.identities import TypedId
                path = core.object_store.path_for_version(TypedId.parse(item[0]))
                raw = path.read_bytes()
                path.write_bytes(b'?' + raw[1:])
        result = store.classify_child_acceptance_history(query)
>       assert result.status == INVALID, (damage, result)
E       AssertionError: ('missing_start_member', ChildAcceptanceHistoryResult(status='HISTORICAL_ACCEPTANCE_VALID', reason='original_committed...44d1cfe8b3451dc092b1', initial_declaration_digest='8091c770e50f424d8ce7a71cc6cdc33db60df1ee1ffbd2359165042a284d575e')))
E       assert 'HISTORICAL_ACCEPTANCE_VALID' == 'HISTORICAL_A...TANCE_INVALID'
E         
E         - HISTORICAL_ACCEPTANCE_INVALID
E         ?                       --
E         + HISTORICAL_ACCEPTANCE_VALID

../tests/test_history_independent.py:167: AssertionError
- generated xml file: /workspace/scratch/18c810e6dd59/rpnh-acceptance-history-review/evidence/round1-extra.xml -
=========================== short test summary info ============================
FAILED ../tests/test_history_independent.py::test_source_root_start_and_schema_closure[root_foreign_member]
FAILED ../tests/test_history_independent.py::test_source_root_start_and_schema_closure[missing_start_member]
2 failed, 13 passed, 23 deselected in 32.76s
