============================= test session starts ==============================
platform linux -- Python 3.13.12, pytest-8.4.2, pluggy-1.6.0 -- <WORKSPACE>/.p26/v/bin/python
cachedir: .pytest_cache
rootdir: <WORKSPACE>/task-complete-v5-20261009/raw/rpnh-acceptance-history-validator/rpnh-acceptance-history-validator
collecting ... collected 51 items

../review/tests/test_history_business_refs.py::test_user_configuration_reference_shape_does_not_create_dependency[version_ref] PASSED [  1%]
../review/tests/test_history_business_refs.py::test_user_configuration_reference_shape_does_not_create_dependency[resource_ref] PASSED [  3%]
../review/tests/test_history_business_refs.py::test_original_operation_config_is_opaque_business_data PASSED [  5%]
../review/tests/test_history_independent.py::test_actual_source_head_damage_is_not_rebuilt_from_cut[0] PASSED [  7%]
../review/tests/test_history_independent.py::test_actual_source_head_damage_is_not_rebuilt_from_cut[1] PASSED [  9%]
../review/tests/test_history_independent.py::test_actual_source_head_damage_is_not_rebuilt_from_cut[2] PASSED [ 11%]
../review/tests/test_history_independent.py::test_actual_source_head_damage_is_not_rebuilt_from_cut[3] PASSED [ 13%]
../review/tests/test_history_independent.py::test_each_phase_original_epoch_is_validated[0] PASSED [ 15%]
../review/tests/test_history_independent.py::test_each_phase_original_epoch_is_validated[1] PASSED [ 17%]
../review/tests/test_history_independent.py::test_each_phase_original_epoch_is_validated[2] PASSED [ 19%]
../review/tests/test_history_independent.py::test_complete_phase_event_envelope_is_checked[command_id-object_version_published/v1] PASSED [ 21%]
../review/tests/test_history_independent.py::test_complete_phase_event_envelope_is_checked[command_id-relation_published/v1] PASSED [ 23%]
../review/tests/test_history_independent.py::test_complete_phase_event_envelope_is_checked[command_id-transaction_committed/v1] PASSED [ 25%]
../review/tests/test_history_independent.py::test_complete_phase_event_envelope_is_checked[idempotency_key-object_version_published/v1] PASSED [ 27%]
../review/tests/test_history_independent.py::test_complete_phase_event_envelope_is_checked[idempotency_key-relation_published/v1] PASSED [ 29%]
../review/tests/test_history_independent.py::test_complete_phase_event_envelope_is_checked[idempotency_key-transaction_committed/v1] PASSED [ 31%]
../review/tests/test_history_independent.py::test_complete_phase_event_envelope_is_checked[causation_event_id-object_version_published/v1] PASSED [ 33%]
../review/tests/test_history_independent.py::test_complete_phase_event_envelope_is_checked[causation_event_id-relation_published/v1] PASSED [ 35%]
../review/tests/test_history_independent.py::test_complete_phase_event_envelope_is_checked[causation_event_id-transaction_committed/v1] PASSED [ 37%]
../review/tests/test_history_independent.py::test_complete_phase_event_envelope_is_checked[parent_event_ids_json-object_version_published/v1] PASSED [ 39%]
../review/tests/test_history_independent.py::test_complete_phase_event_envelope_is_checked[parent_event_ids_json-relation_published/v1] PASSED [ 41%]
../review/tests/test_history_independent.py::test_complete_phase_event_envelope_is_checked[parent_event_ids_json-transaction_committed/v1] PASSED [ 43%]
../review/tests/test_history_independent.py::test_unsupported_lifecycle_does_not_mask_corruption[published_flag] PASSED [ 45%]
../review/tests/test_history_independent.py::test_unsupported_lifecycle_does_not_mask_corruption[published_and_digest] PASSED [ 47%]
../review/tests/test_history_independent.py::test_unsupported_lifecycle_does_not_mask_corruption[published_and_member] PASSED [ 49%]
../review/tests/test_history_independent.py::test_foreign_original_registry_cannot_use_copied_assertion PASSED [ 50%]
../review/tests/test_history_independent.py::test_real_later_authority_change_keeps_same_scope_proof_read_only[writer_only] PASSED [ 52%]
../review/tests/test_history_independent.py::test_real_later_authority_change_keeps_same_scope_proof_read_only[durable_stop] PASSED [ 54%]
../review/tests/test_history_independent.py::test_real_later_authority_change_keeps_same_scope_proof_read_only[provisional_products] PASSED [ 56%]
../review/tests/test_history_independent.py::test_caller_writer_handle_and_reader_memo_do_not_authorize_history PASSED [ 58%]
../review/tests/test_history_independent.py::test_original_each_phase_cut_requires_prior_native_facts[intent_before_start] PASSED [ 60%]
../review/tests/test_history_independent.py::test_original_each_phase_cut_requires_prior_native_facts[dispatch_before_intent] PASSED [ 62%]
../review/tests/test_history_independent.py::test_original_each_phase_cut_requires_prior_native_facts[worker_before_dispatch] PASSED [ 64%]
../review/tests/test_history_independent.py::test_source_root_start_and_schema_closure[root_invocation] PASSED [ 66%]
../review/tests/test_history_independent.py::test_source_root_start_and_schema_closure[root_admission] PASSED [ 68%]
../review/tests/test_history_independent.py::test_source_root_start_and_schema_closure[root_foreign_member] PASSED [ 70%]
../review/tests/test_history_independent.py::test_source_root_start_and_schema_closure[extra_transaction_member] PASSED [ 72%]
../review/tests/test_history_independent.py::test_source_root_start_and_schema_closure[missing_start_member] PASSED [ 74%]
../review/tests/test_history_independent.py::test_source_root_start_and_schema_closure[start_wrong_transaction] PASSED [ 76%]
../review/tests/test_history_independent.py::test_source_root_start_and_schema_closure[missing_source_bytes] PASSED [ 78%]
../review/tests/test_history_independent.py::test_source_root_start_and_schema_closure[content_schema_bytes] PASSED [ 80%]
../review/tests/test_history_round2_edges.py::test_original_membership_inventory_has_no_orphans[object] PASSED [ 82%]
../review/tests/test_history_round2_edges.py::test_original_membership_inventory_has_no_orphans[event] PASSED [ 84%]
../review/tests/test_history_round2_edges.py::test_original_membership_inventory_has_no_orphans[relation] PASSED [ 86%]
../review/tests/test_history_round2_edges.py::test_original_membership_inventory_has_no_orphans[transaction] PASSED [ 88%]
../review/tests/test_history_round2_edges.py::test_original_start_event_identity_and_causality_are_not_rebuilt[command_id] PASSED [ 90%]
../review/tests/test_history_round2_edges.py::test_original_start_event_identity_and_causality_are_not_rebuilt[idempotency_key] PASSED [ 92%]
../review/tests/test_history_round2_edges.py::test_original_start_event_identity_and_causality_are_not_rebuilt[correlation_id] PASSED [ 94%]
../review/tests/test_history_round2_edges.py::test_original_start_event_identity_and_causality_are_not_rebuilt[causation_event_id] PASSED [ 96%]
../review/tests/test_history_round2_edges.py::test_original_start_event_identity_and_causality_are_not_rebuilt[parent_event_ids_json] PASSED [ 98%]
../review/tests/test_history_round2_edges.py::test_unreadable_database_is_classified_without_raising PASSED [100%]

- generated xml file: <WORKSPACE>/task-complete-v5-20261009/stages/core/H7_history/review-resume-exact/review.xml -
======================== 51 passed in 188.87s (0:03:08) ========================
