........................................................................ [ 29%]
........................................................................ [ 59%]
.................................................................F...... [ 89%]
..........................                                               [100%]
=================================== FAILURES ===================================
___________ test_public_config_opens_real_context_in_second_process ____________

world = (<cpn.rpnh.registry._registry._RegistryCore object at 0x7e8f9d4f5010>, <cpn.rpnh.registry.registration_gateway.Registr...bbe836071802ad1'), version_id=TypedId(kind='principal_version', value='5658797a153d447c93ce7ab8a27357f5')), 'source-a')
tmp_path = PosixPath('<WORKSPACE>/.h26/a/test_public_config_opens_real_0')

    def test_public_config_opens_real_context_in_second_process(world, tmp_path):
        context = issue(world)
        config = tmp_path / 'trusted-host.json'
        config.write_text(json.dumps({'schema_version': 'rpnh/registry_read_host_config/v1', 'purpose': 'inspect', 'sources': [{
            'source_ref': SourceQualifiedVersionRef(world[-1], world[2].task_ref).to_dict(), 'access_path': 'local',
            'registry_root': str(world[0].run_dir), 'binding_generation': '1', 'observer_context': context.to_dict()}]}))
        config.chmod(0o600)
        code = '''from cpn.rpnh.collaboration.read_host_config import open_read_host_session
    from cpn.rpnh.collaboration.registry_read_contracts import IndexQuery,TypedIndexClause
    import json,sys
    s=open_read_host_session(sys.argv[1]);p=s.query_index(IndexQuery(('source-a',),(TypedIndexClause('resource_version/v1'),)))
    print(json.dumps({'count':len(p['entries']),'state':p['coverage']['state']}));s.close()
    '''
        before = counts(world)
        result = subprocess.run([sys.executable, '-c', code, str(config)], capture_output=True, text=True,
            env={**os.environ, 'PYTHONPATH': str(Path(__file__).resolve().parents[1])}, timeout=30)
>       assert result.returncode == 0, result.stderr
E       AssertionError: Traceback (most recent call last):
E           File "<string>", line 4, in <module>
E             s=open_read_host_session(sys.argv[1]);p=s.query_index(IndexQuery(('source-a',),(TypedIndexClause('resource_version/v1'),)))
E           File "<WORKSPACE>/.h26/s/cpn/rpnh/collaboration/read_host_config.py", line 179, in open_read_host_session
E             return load_read_host_config(path).open_session()
E                    ~~~~~~~~~~~~~~~~~~~~~^^^^^^
E           File "<WORKSPACE>/.h26/s/cpn/rpnh/collaboration/read_host_config.py", line 111, in load_read_host_config
E             payload, file_identity = _read_owned_file(path)
E                                      ~~~~~~~~~~~~~~~~^^^^^^
E           File "<WORKSPACE>/.h26/s/cpn/rpnh/collaboration/read_host_config.py", line 70, in _read_owned_file
E             raise _invalid()
E         cpn.rpnh.collaboration.registry_read_contracts.RegistryReadSessionError: invalid host configuration
E         
E       assert 1 == 0
E        +  where 1 = CompletedProcess(args=['<WORKSPACE>/.p26/v/bin/python', '-c', "from cpn.rpnh.collaboration.read_host_config imp...ise _invalid()\ncpn.rpnh.collaboration.registry_read_contracts.RegistryReadSessionError: invalid host configuration\n').returncode

tests/test_registry_read_session.py:497: AssertionError
- generated xml file: <WORKSPACE>/task-shared-harness-validation-20261008/logs/A-offline.xml -
=========================== short test summary info ============================
FAILED tests/test_registry_read_session.py::test_public_config_opens_real_context_in_second_process
1 failed, 241 passed in 234.09s (0:03:54)
