
==================================== ERRORS ====================================
______________________ ERROR collecting test_native_s1.py ______________________
../../.p26/v/lib/python3.13/site-packages/_pytest/python.py:498: in importtestmodule
    mod = import_path(
../../.p26/v/lib/python3.13/site-packages/_pytest/pathlib.py:587: in import_path
    importlib.import_module(module_name)
../../../miniforge3/lib/python3.13/importlib/__init__.py:88: in import_module
    return _bootstrap._gcd_import(name[level:], package, level)
           ^^^^^^^^^^^^^^^^^^^^^^^^^^^^^^^^^^^^^^^^^^^^^^^^^^^^
<frozen importlib._bootstrap>:1387: in _gcd_import
    ???
<frozen importlib._bootstrap>:1360: in _find_and_load
    ???
<frozen importlib._bootstrap>:1331: in _find_and_load_unlocked
    ???
<frozen importlib._bootstrap>:935: in _load_unlocked
    ???
../../.p26/v/lib/python3.13/site-packages/_pytest/assertion/rewrite.py:177: in exec_module
    source_stat, co = _rewrite_test(fn, self.config)
                      ^^^^^^^^^^^^^^^^^^^^^^^^^^^^^^
../../.p26/v/lib/python3.13/site-packages/_pytest/assertion/rewrite.py:357: in _rewrite_test
    tree = ast.parse(source, filename=strfn)
           ^^^^^^^^^^^^^^^^^^^^^^^^^^^^^^^^^
../../../miniforge3/lib/python3.13/ast.py:50: in parse
    return compile(source, filename, mode, flags,
E     File "<WORKSPACE>/task-complete-v5-20261009/stages/core/S1/native/a003/test_native_s1.py", line 319
E       assert now['step.variable'].token_ref != leases['step.variable'].token_ref
E                                                                                 ^
E   IndentationError: unindent does not match any outer indentation level
- generated xml file: <WORKSPACE>/task-complete-v5-20261009/stages/core/S1/native/a003/g5-data-read.xml -
=========================== short test summary info ============================
ERROR ../../task-complete-v5-20261009/stages/core/S1/native/a003/test_native_s1.py
1 error in 0.06s
