F                                                                        [100%]
=================================== FAILURES ===================================
________________________ test_g7_dynamic_drain_adoption ________________________

tmp_path = PosixPath('<WORKSPACE>/.v26/unS1-a004-9/test_g7_dynamic_drain_adoption0')

    def test_g7_dynamic_drain_adoption(tmp_path):
        from cpn.rpnh.compiler import compile_module
        from cpn.rpnh.petri_contracts import DeclarationError
        from cpn.rpnh.registry.publication import _version_from_payload
        # Independent compiler rejection is direct evidence, not native execution.
        module, registration = _world(tmp_path / 'unused', reset_lease=True)
        with pytest.raises(DeclarationError, match='Reset arc cannot retire'):
            compile_module(module, registration)
        save('g7-direct-reset', dict(classification='direct compiler', status='PASS'))
        # Retirement rejection is independent of the dynamic terminal boundary.
        retirement_owner = lease_owner(tmp_path / 'retire')
        retirement_net, retirement_structure, retirement_marking = current(retirement_owner)
        retirement_lease = lease_state(retirement_marking)
        with Native(retirement_owner, 'g7-retire') as r:
            retirement = prepare_replacement(retirement_owner,
                retirement_structure.compiled.source,
                retire_token_refs=(retirement_lease.token_ref,))
            rejected = r.host(lambda: apply_replacement(retirement_owner,
                retirement, command_id='native:retire-lease'))
            assert rejected['status'] == 'NEEDS_MARKING_DECISION'
            assert 'lease authority cannot retire' in json.dumps(evidence_json(rejected))
            assert current(retirement_owner)[0].net_ref == retirement_net.net_ref
            assert_lease(retirement_owner, retirement_lease)
            r.snapshot('retirement-rejected')
            save('g7-retirement-rejected', rejected)
        owner = _world(tmp_path / 'r', same_pool=False)
        executable, structure, before = current(owner)
        leases = _fresh_leases(before)
        original_lower = owner.registration.resolve('component', 'interactions')
    
        def without_static(config, context):
            fragment = original_lower(config, context)
            return replace(fragment, arcs=tuple(a for a in fragment.arcs
                if not (a.place == 'static' and a.direction == 'input' and a.mode == 'read')))
    
        owner.registration.register_component('interactions_without_static', without_static,
            identity={'implementation_id': 'test.static_lease_interactions_without_static', 'revision': 'v1'},
            contracts={'config_schema': CONFIG_SCHEMA_ID})
        document = structure.compiled.source.to_dict()
        next(c for c in document['components'] if c['name'] == 'step')['key'] = 'interactions_without_static'
        candidate = ModuleDeclaration.from_dict(document)
        with Native(owner, 'g7') as n:
            assert len(n.harness.schedule_ready()) == 1
            plan = prepare_replacement(owner, candidate)
            result = n.host(lambda: apply_replacement(owner, plan, command_id='native:replace'))
            assert result['status'] == 'DRAINING'
            assert current(owner)[0].net_ref == executable.net_ref
            assert n.snapshot('draining')['active'] == 1
>           n.release(0)

../../task-complete-v5-20261009/stages/core/S1/native/a004/test_native_s1.py:422: 
_ _ _ _ _ _ _ _ _ _ _ _ _ _ _ _ _ _ _ _ _ _ _ _ _ _ _ _ _ _ _ _ _ _ _ _ _ _ _ _ 
../../task-complete-v5-20261009/stages/core/S1/native/a004/test_native_s1.py:142: in release
    self.snapshot('completion-error')
_ _ _ _ _ _ _ _ _ _ _ _ _ _ _ _ _ _ _ _ _ _ _ _ _ _ _ _ _ _ _ _ _ _ _ _ _ _ _ _ 

self = <test_native_s1.Native object at 0x7239c216b250>
label = 'completion-error'

    def snapshot(self, label):
        # Actual AF_UNIX request/reply, without a transport replacement/thread.
        head = self.owner._core.event_store.max_ordinal()
        with socket.socket(socket.AF_UNIX, socket.SOCK_STREAM) as client:
            client.settimeout(2)
            client.connect(str(self.path))
            client.sendall(json.dumps(dict(command_id=label, command='snapshot',
                arguments={})).encode() + b'\n')
            client.setblocking(False)
            data = bytearray()
            deadline = time.monotonic() + 10
            while b'\n' not in data and time.monotonic() < deadline:
                self.loop.dispatch_ready(timeout=.01)
                try:
                    chunk = client.recv(65536)
                    if not chunk:
                        break
                    data.extend(chunk)
                except BlockingIOError:
                    pass
        response = json.loads(data)
>       assert response['status'] == 'OK'
E       AssertionError: assert 'ERROR' == 'OK'
E         
E         - OK
E         + ERROR

../../task-complete-v5-20261009/stages/core/S1/native/a004/test_native_s1.py:167: AssertionError
- generated xml file: <WORKSPACE>/task-complete-v5-20261009/stages/core/S1/native/a004/g7.xml -
=========================== short test summary info ============================
FAILED ../../task-complete-v5-20261009/stages/core/S1/native/a004/test_native_s1.py::test_g7_dynamic_drain_adoption
1 failed in 16.01s
