{
  "status": "PASS_STATIC_BUNDLE_ONLY",
  "archives": [
    {
      "id": "S1",
      "status": "PASS_STATIC_ONLY",
      "members": 109,
      "original_manifest_rows_checked": 121
    },
    {
      "id": "H7_core",
      "status": "PASS_STATIC_ONLY",
      "members": 2211,
      "original_manifest_rows_checked": 3202
    },
    {
      "id": "H7_history",
      "status": "PASS_STATIC_ONLY",
      "members": 2158,
      "original_manifest_rows_checked": 3151
    },
    {
      "id": "H7_lowering",
      "status": "PASS_STATIC_ONLY",
      "members": 2155,
      "original_manifest_rows_checked": 3153
    },
    {
      "id": "R1_v2_full",
      "status": "PASS_STATIC_ONLY",
      "members": 48,
      "original_manifest_rows_checked": 6
    },
    {
      "id": "R2",
      "status": "PASS_STATIC_ONLY",
      "members": 80,
      "original_manifest_rows_checked": 83
    },
    {
      "id": "Codex_reader",
      "status": "PASS_STATIC_ONLY",
      "members": 61,
      "original_manifest_rows_checked": 7
    },
    {
      "id": "Codex_effort",
      "status": "PASS_STATIC_ONLY",
      "members": 56,
      "original_manifest_rows_checked": 12
    },
    {
      "id": "Codex_history",
      "status": "PASS_STATIC_ONLY",
      "members": 113,
      "original_manifest_rows_checked": 21
    },
    {
      "id": "Codex_0161",
      "status": "PASS_STATIC_ONLY",
      "members": 1188,
      "original_manifest_rows_checked": 1044
    },
    {
      "id": "DSH",
      "status": "PASS_STATIC_ONLY",
      "members": 1460,
      "original_manifest_rows_checked": 25
    },
    {
      "id": "OpenCode",
      "status": "PASS_STATIC_ONLY",
      "members": 1993,
      "original_manifest_rows_checked": 1992
    },
    {
      "id": "V5_plan",
      "status": "PASS_STATIC_ONLY",
      "members": 17,
      "original_manifest_rows_checked": 0
    }
  ],
  "source_aggregates": [
    {
      "id": "S1",
      "files": 979,
      "sha256": "4a7841ac16432aeb173562ec797bc062839a006fdb684d5ea1e3b161c6c49fbc"
    },
    {
      "id": "H7_core",
      "files": 992,
      "sha256": "ac68327e442b7bda8a6aa2ba93c0cd20ad72181a661b0497627b08713334907e"
    },
    {
      "id": "H7_history",
      "files": 994,
      "sha256": "a3af1d85ffbc8acac72e719fed316ed3c848229fce92026c62e571cb77a913a2"
    },
    {
      "id": "H7_lowering",
      "files": 999,
      "sha256": "7867bec81c0830f19cfd6f8a58b0d1598d5efc8220c69e6cfdd02604f98f1a0e"
    }
  ],
  "codex_target_lock_files": 1044,
  "h7_full_native_status": "NOT_READY_UNIMPLEMENTED",
  "product_tests_run": false,
  "native_or_model_run": false,
  "repo_writes": false,
  "network_or_install": false,
  "does_not_certify": "local checkout, dependencies, native execution, complete H7 or final combined tree"
}
