 M examples/erp_bench/README.md
 M examples/erp_bench/README_ZH.md
 M examples/erp_bench/src/rpnh_erp_bench/export.py
 M examples/erp_bench/tests/test_evidence.py
?? examples/example_validation/.gitignore
?? examples/example_validation/FILE_HASHES.json
?? examples/example_validation/README.md
?? examples/example_validation/README_ZH.md
?? examples/example_validation/result-manifest.schema.json
?? examples/example_validation/template.json
?? examples/example_validation/tests/test_validation.py
?? examples/example_validation/tests/verification.txt
?? examples/example_validation/validate.py
?? examples/slopcodebench/.gitignore
?? examples/slopcodebench/README.md
?? examples/slopcodebench/README_ZH.md
?? examples/slopcodebench/THIRD_PARTY_NOTICES.md
?? examples/slopcodebench/__init__.py
?? examples/slopcodebench/broker.py
?? examples/slopcodebench/condition.example.json
?? examples/slopcodebench/contracts.py
?? examples/slopcodebench/pilot.py
?? examples/slopcodebench/plugin.py
?? examples/slopcodebench/preflight.py
?? examples/slopcodebench/pyproject.toml
?? examples/slopcodebench/run.py
?? examples/slopcodebench/sources.json
?? examples/slopcodebench/tests/test_contracts.py
?? examples/slopcodebench/tests/test_session_pilot.py
?? examples/slopcodebench/wire.py
