#0 building with "default" instance using docker driver

#1 [internal] load build definition from Dockerfile
#1 transferring dockerfile: 183B done
#1 DONE 0.1s

#2 [internal] load metadata for ghcr.io/astral-sh/uv:python3.12-trixie-slim
#2 DONE 4.9s

#3 [internal] load .dockerignore
#3 transferring context: 2B done
#3 DONE 0.1s

#4 [1/2] FROM ghcr.io/astral-sh/uv:python3.12-trixie-slim@sha256:28d570c06d150303b39adfa731ada20956c63fc86b1277d7ff2ad63185974092
#4 resolve ghcr.io/astral-sh/uv:python3.12-trixie-slim@sha256:28d570c06d150303b39adfa731ada20956c63fc86b1277d7ff2ad63185974092 0.0s done
#4 sha256:e360d85fdc0f3910a4fe48ba2bb0865d5e618392ea8abfa424e66575e45273c0 0B / 12.12MB 0.1s
#4 sha256:28d570c06d150303b39adfa731ada20956c63fc86b1277d7ff2ad63185974092 2.22kB / 2.22kB done
#4 sha256:9550e7534c961ccac212e9a797f13edab529e9613ab84b35dbd263169dcafcb0 1.25kB / 1.25kB done
#4 sha256:9cf70319618abf9c490a99c8af6000f45211fe4f1c3d8bd5a4dafdf79735b51f 6.91kB / 6.91kB done
#4 sha256:6b37362b3da78869050b894b799ad4df04f1f3b52774087db0d81151570244c8 0B / 29.83MB 0.1s
#4 sha256:a510a9ea6d60786b7cefdbf9577945344c72879881de8d32ef07ec38111fb045 0B / 4.27MB 0.1s
#4 sha256:6b37362b3da78869050b894b799ad4df04f1f3b52774087db0d81151570244c8 3.15MB / 29.83MB 2.0s
#4 sha256:6b37362b3da78869050b894b799ad4df04f1f3b52774087db0d81151570244c8 6.29MB / 29.83MB 2.2s
#4 sha256:6b37362b3da78869050b894b799ad4df04f1f3b52774087db0d81151570244c8 9.44MB / 29.83MB 2.5s
#4 sha256:6b37362b3da78869050b894b799ad4df04f1f3b52774087db0d81151570244c8 11.53MB / 29.83MB 2.7s
#4 sha256:6b37362b3da78869050b894b799ad4df04f1f3b52774087db0d81151570244c8 15.73MB / 29.83MB 3.1s
#4 sha256:6b37362b3da78869050b894b799ad4df04f1f3b52774087db0d81151570244c8 18.87MB / 29.83MB 3.3s
#4 sha256:6b37362b3da78869050b894b799ad4df04f1f3b52774087db0d81151570244c8 20.97MB / 29.83MB 3.5s
#4 sha256:6b37362b3da78869050b894b799ad4df04f1f3b52774087db0d81151570244c8 26.21MB / 29.83MB 4.0s
#4 sha256:6b37362b3da78869050b894b799ad4df04f1f3b52774087db0d81151570244c8 29.36MB / 29.83MB 4.2s
#4 sha256:6b37362b3da78869050b894b799ad4df04f1f3b52774087db0d81151570244c8 29.83MB / 29.83MB 4.2s done
#4 sha256:a510a9ea6d60786b7cefdbf9577945344c72879881de8d32ef07ec38111fb045 1.05MB / 4.27MB 4.3s
#4 sha256:5e62c0470a0973ad9561440c8a37984c3252eda1dd19e00ca7e76a37b62b5dc7 0B / 249B 4.3s
#4 extracting sha256:6b37362b3da78869050b894b799ad4df04f1f3b52774087db0d81151570244c8
#4 sha256:e360d85fdc0f3910a4fe48ba2bb0865d5e618392ea8abfa424e66575e45273c0 1.05MB / 12.12MB 4.4s
#4 sha256:a510a9ea6d60786b7cefdbf9577945344c72879881de8d32ef07ec38111fb045 2.10MB / 4.27MB 4.5s
#4 sha256:e360d85fdc0f3910a4fe48ba2bb0865d5e618392ea8abfa424e66575e45273c0 2.10MB / 12.12MB 4.8s
#4 sha256:a510a9ea6d60786b7cefdbf9577945344c72879881de8d32ef07ec38111fb045 3.15MB / 4.27MB 4.8s
#4 sha256:e360d85fdc0f3910a4fe48ba2bb0865d5e618392ea8abfa424e66575e45273c0 3.15MB / 12.12MB 5.0s
#4 sha256:a510a9ea6d60786b7cefdbf9577945344c72879881de8d32ef07ec38111fb045 4.27MB / 4.27MB 4.9s done
#4 sha256:6866aa49d8c1d6d4f8b51efd6c2201a9e00c4ddc7719b92a68042b1d4b668339 0B / 23.66MB 5.0s
#4 sha256:5e62c0470a0973ad9561440c8a37984c3252eda1dd19e00ca7e76a37b62b5dc7 249B / 249B 5.0s done
#4 sha256:e360d85fdc0f3910a4fe48ba2bb0865d5e618392ea8abfa424e66575e45273c0 5.24MB / 12.12MB 5.2s
#4 sha256:e360d85fdc0f3910a4fe48ba2bb0865d5e618392ea8abfa424e66575e45273c0 7.34MB / 12.12MB 5.4s
#4 sha256:e360d85fdc0f3910a4fe48ba2bb0865d5e618392ea8abfa424e66575e45273c0 8.39MB / 12.12MB 5.5s
#4 extracting sha256:6b37362b3da78869050b894b799ad4df04f1f3b52774087db0d81151570244c8 1.1s done
#4 extracting sha256:a510a9ea6d60786b7cefdbf9577945344c72879881de8d32ef07ec38111fb045 0.1s
#4 sha256:e360d85fdc0f3910a4fe48ba2bb0865d5e618392ea8abfa424e66575e45273c0 11.53MB / 12.12MB 5.8s
#4 extracting sha256:a510a9ea6d60786b7cefdbf9577945344c72879881de8d32ef07ec38111fb045 0.1s done
#4 sha256:e360d85fdc0f3910a4fe48ba2bb0865d5e618392ea8abfa424e66575e45273c0 12.12MB / 12.12MB 5.8s done
#4 extracting sha256:e360d85fdc0f3910a4fe48ba2bb0865d5e618392ea8abfa424e66575e45273c0
#4 extracting sha256:e360d85fdc0f3910a4fe48ba2bb0865d5e618392ea8abfa424e66575e45273c0 0.5s done
#4 extracting sha256:5e62c0470a0973ad9561440c8a37984c3252eda1dd19e00ca7e76a37b62b5dc7
#4 sha256:6866aa49d8c1d6d4f8b51efd6c2201a9e00c4ddc7719b92a68042b1d4b668339 2.10MB / 23.66MB 6.6s
#4 extracting sha256:5e62c0470a0973ad9561440c8a37984c3252eda1dd19e00ca7e76a37b62b5dc7 0.0s done
#4 sha256:6866aa49d8c1d6d4f8b51efd6c2201a9e00c4ddc7719b92a68042b1d4b668339 6.29MB / 23.66MB 6.8s
#4 sha256:6866aa49d8c1d6d4f8b51efd6c2201a9e00c4ddc7719b92a68042b1d4b668339 8.39MB / 23.66MB 7.0s
#4 sha256:6866aa49d8c1d6d4f8b51efd6c2201a9e00c4ddc7719b92a68042b1d4b668339 14.68MB / 23.66MB 7.4s
#4 sha256:6866aa49d8c1d6d4f8b51efd6c2201a9e00c4ddc7719b92a68042b1d4b668339 20.97MB / 23.66MB 7.9s
#4 sha256:6866aa49d8c1d6d4f8b51efd6c2201a9e00c4ddc7719b92a68042b1d4b668339 23.07MB / 23.66MB 8.1s
#4 extracting sha256:6866aa49d8c1d6d4f8b51efd6c2201a9e00c4ddc7719b92a68042b1d4b668339
#4 sha256:6866aa49d8c1d6d4f8b51efd6c2201a9e00c4ddc7719b92a68042b1d4b668339 23.66MB / 23.66MB 8.2s done
#4 extracting sha256:6866aa49d8c1d6d4f8b51efd6c2201a9e00c4ddc7719b92a68042b1d4b668339 0.4s done
#4 DONE 9.0s

#5 [2/2] RUN mkdir -p /tmp/agent_home /workspace && chmod 1777 /tmp/agent_home
#5 DONE 0.3s

#6 exporting to image
#6 exporting layers 0.1s done
#6 writing image sha256:a4b6653bf808e94a24dc17dcb67585ec9ee1c8928d57d04fcc893dc36ec0d5a6 done
#6 naming to docker.io/library/rpnh-scb-native-fixture:20261008 0.0s done
#6 DONE 0.2s
