4	0	examples/slopcodebench/.gitignore
190	0	examples/slopcodebench/README.md
152	0	examples/slopcodebench/README_ZH.md
19	0	examples/slopcodebench/THIRD_PARTY_NOTICES.md
1	0	examples/slopcodebench/__init__.py
164	0	examples/slopcodebench/broker.py
9	0	examples/slopcodebench/condition.example.json
155	0	examples/slopcodebench/contracts.py
230	0	examples/slopcodebench/pilot.py
68	0	examples/slopcodebench/plugin.py
79	0	examples/slopcodebench/preflight.py
24	0	examples/slopcodebench/pyproject.toml
118	0	examples/slopcodebench/run.py
58	0	examples/slopcodebench/sources.json
134	0	examples/slopcodebench/tests/test_contracts.py
311	0	examples/slopcodebench/tests/test_session_pilot.py
31	0	examples/slopcodebench/wire.py
2	0	examples/example_validation/.gitignore
47	0	examples/example_validation/FILE_HASHES.json
139	0	examples/example_validation/README.md
109	0	examples/example_validation/README_ZH.md
939	0	examples/example_validation/result-manifest.schema.json
111	0	examples/example_validation/template.json
219	0	examples/example_validation/tests/test_validation.py
43	0	examples/example_validation/tests/verification.txt
294	0	examples/example_validation/validate.py
