Collecting structlog>=25.4.0
  Downloading structlog-26.1.0-py3-none-any.whl.metadata (9.7 kB)
Collecting gitpython>=3.1.45
  Downloading gitpython-3.2.0-py3-none-any.whl.metadata (13 kB)
Collecting docker>=7.1.0
  Downloading docker-7.2.0-py3-none-any.whl.metadata (3.8 kB)
Collecting universal-pathlib>=0.3.0
  Downloading universal_pathlib-0.3.10-py3-none-any.whl.metadata (39 kB)
Collecting ujson>=5.10.0
  Downloading ujson-6.0.0-cp313-cp313-manylinux_2_24_x86_64.manylinux_2_28_x86_64.whl.metadata (10.0 kB)
Collecting deepdiff>=8.6.0
  Downloading deepdiff-9.1.0-py3-none-any.whl.metadata (8.4 kB)
Collecting pyyaml>=6.0.2
  Downloading pyyaml-6.0.3-cp313-cp313-manylinux2014_x86_64.manylinux_2_17_x86_64.manylinux_2_28_x86_64.whl.metadata (2.4 kB)
Collecting pydantic-settings>=2.10.1
  Downloading pydantic_settings-2.15.0-py3-none-any.whl.metadata (3.9 kB)
Collecting gitdb<5,>=4.0.1 (from gitpython>=3.1.45)
  Downloading gitdb-4.0.12-py3-none-any.whl.metadata (1.2 kB)
Collecting smmap<6,>=3.0.1 (from gitdb<5,>=4.0.1->gitpython>=3.1.45)
  Downloading smmap-5.0.3-py3-none-any.whl.metadata (4.6 kB)
Collecting requests>=2.26.0 (from docker>=7.1.0)
  Downloading requests-2.34.2-py3-none-any.whl.metadata (4.8 kB)
Collecting urllib3>=1.26.0 (from docker>=7.1.0)
  Downloading urllib3-2.8.0-py3-none-any.whl.metadata (7.4 kB)
Collecting fsspec>=2024.5.0 (from universal-pathlib>=0.3.0)
  Downloading fsspec-2026.9.0-py3-none-any.whl.metadata (10 kB)
Collecting pathlib-abc<0.6.0,>=0.5.1 (from universal-pathlib>=0.3.0)
  Downloading pathlib_abc-0.5.2-py3-none-any.whl.metadata (4.6 kB)
Collecting cachebox<6,>=5.2 (from deepdiff>=8.6.0)
  Downloading cachebox-5.2.3-cp313-cp313-manylinux_2_17_x86_64.manylinux2014_x86_64.whl.metadata (27 kB)
Collecting orderly-set<6,>=5.5.0 (from deepdiff>=8.6.0)
  Downloading orderly_set-5.5.0-py3-none-any.whl.metadata (6.6 kB)
Collecting pydantic>=2.7.0 (from pydantic-settings>=2.10.1)
  Downloading pydantic-2.13.5-py3-none-any.whl.metadata (110 kB)
Collecting python-dotenv>=0.21.0 (from pydantic-settings>=2.10.1)
  Downloading python_dotenv-1.2.4-py3-none-any.whl.metadata (29 kB)
Collecting typing-inspection>=0.4.0 (from pydantic-settings>=2.10.1)
  Downloading typing_inspection-0.4.4-py3-none-any.whl.metadata (2.6 kB)
Collecting annotated-types>=0.6.0 (from pydantic>=2.7.0->pydantic-settings>=2.10.1)
  Downloading annotated_types-0.8.0-py3-none-any.whl.metadata (15 kB)
Collecting pydantic-core==2.46.5 (from pydantic>=2.7.0->pydantic-settings>=2.10.1)
  Downloading pydantic_core-2.46.5-cp313-cp313-manylinux_2_17_x86_64.manylinux2014_x86_64.whl.metadata (6.6 kB)
Collecting typing-extensions>=4.14.1 (from pydantic>=2.7.0->pydantic-settings>=2.10.1)
  Downloading typing_extensions-4.16.0-py3-none-any.whl.metadata (3.3 kB)
Collecting charset_normalizer<4,>=2 (from requests>=2.26.0->docker>=7.1.0)
  Downloading charset_normalizer-3.5.2-cp313-cp313-manylinux2014_x86_64.manylinux_2_17_x86_64.manylinux_2_28_x86_64.whl.metadata (46 kB)
Collecting idna<4,>=2.5 (from requests>=2.26.0->docker>=7.1.0)
  Downloading idna-3.20-py3-none-any.whl.metadata (7.2 kB)
Collecting certifi>=2023.5.7 (from requests>=2.26.0->docker>=7.1.0)
  Downloading certifi-2026.7.22-py3-none-any.whl.metadata (2.5 kB)
Downloading structlog-26.1.0-py3-none-any.whl (73 kB)
Downloading gitpython-3.2.0-py3-none-any.whl (228 kB)
Downloading gitdb-4.0.12-py3-none-any.whl (62 kB)
Downloading smmap-5.0.3-py3-none-any.whl (24 kB)
Downloading docker-7.2.0-py3-none-any.whl (148 kB)
Downloading universal_pathlib-0.3.10-py3-none-any.whl (83 kB)
Downloading pathlib_abc-0.5.2-py3-none-any.whl (19 kB)
Downloading ujson-6.0.0-cp313-cp313-manylinux_2_24_x86_64.manylinux_2_28_x86_64.whl (56 kB)
Downloading deepdiff-9.1.0-py3-none-any.whl (184 kB)
Downloading cachebox-5.2.3-cp313-cp313-manylinux_2_17_x86_64.manylinux2014_x86_64.whl (397 kB)
Downloading orderly_set-5.5.0-py3-none-any.whl (13 kB)
Downloading pyyaml-6.0.3-cp313-cp313-manylinux2014_x86_64.manylinux_2_17_x86_64.manylinux_2_28_x86_64.whl (801 kB)
   ━━━━━━━━━━━━━━━━━━━━━━━━━━━━━━━━━━━━━━━━ 801.6/801.6 kB 4.0 MB/s  0:00:00
Downloading pydantic_settings-2.15.0-py3-none-any.whl (69 kB)
Downloading fsspec-2026.9.0-py3-none-any.whl (221 kB)
Downloading pydantic-2.13.5-py3-none-any.whl (472 kB)
Downloading pydantic_core-2.46.5-cp313-cp313-manylinux_2_17_x86_64.manylinux2014_x86_64.whl (2.1 MB)
   ━━━━━━━━━━━━━━━━━━━━━━━━━━━━━━━━━━━━━━━━ 2.1/2.1 MB 3.0 MB/s  0:00:00
Downloading annotated_types-0.8.0-py3-none-any.whl (13 kB)
Downloading python_dotenv-1.2.4-py3-none-any.whl (23 kB)
Downloading requests-2.34.2-py3-none-any.whl (73 kB)
Downloading charset_normalizer-3.5.2-cp313-cp313-manylinux2014_x86_64.manylinux_2_17_x86_64.manylinux_2_28_x86_64.whl (254 kB)
Downloading idna-3.20-py3-none-any.whl (69 kB)
Downloading urllib3-2.8.0-py3-none-any.whl (135 kB)
Downloading certifi-2026.7.22-py3-none-any.whl (136 kB)
Downloading typing_extensions-4.16.0-py3-none-any.whl (45 kB)
Downloading typing_inspection-0.4.4-py3-none-any.whl (14 kB)
Installing collected packages: urllib3, ujson, typing-extensions, structlog, smmap, pyyaml, python-dotenv, pathlib-abc, orderly-set, idna, fsspec, charset_normalizer, certifi, cachebox, annotated-types, universal-pathlib, typing-inspection, requests, pydantic-core, gitdb, deepdiff, pydantic, gitpython, docker, pydantic-settings

Successfully installed annotated-types-0.8.0 cachebox-5.2.3 certifi-2026.7.22 charset_normalizer-3.5.2 deepdiff-9.1.0 docker-7.2.0 fsspec-2026.9.0 gitdb-4.0.12 gitpython-3.2.0 idna-3.20 orderly-set-5.5.0 pathlib-abc-0.5.2 pydantic-2.13.5 pydantic-core-2.46.5 pydantic-settings-2.15.0 python-dotenv-1.2.4 pyyaml-6.0.3 requests-2.34.2 smmap-5.0.3 structlog-26.1.0 typing-extensions-4.16.0 typing-inspection-0.4.4 ujson-6.0.0 universal-pathlib-0.3.10 urllib3-2.8.0
