.............FFFFF                                                       [100%]
=================================== FAILURES ===================================
_ test_agent_declaration_normalization_uses_final_root_and_never_reads_profile _

tmp_path = PosixPath('/tmp/pytest-of-agent/pytest-215/test_agent_declaration_normali0')
monkeypatch = <_pytest.monkeypatch.MonkeyPatch object at 0x7f3988077a10>

    def test_agent_declaration_normalization_uses_final_root_and_never_reads_profile(tmp_path, monkeypatch):
>       spec, kwargs, target = agent_inputs(tmp_path)
                               ^^^^^^^^^^^^^^^^^^^^^^

tests/test_bound_child_declarations.py:58: 
_ _ _ _ _ _ _ _ _ _ _ _ _ _ _ _ _ _ _ _ _ _ _ _ _ _ _ _ _ _ _ _ _ _ _ _ _ _ _ _ 
tests/test_bound_child_declarations.py:46: in agent_inputs
    request_ref = VersionRef('resource_version/v1', TypedId('resource', '00000000-0000-0000-0000-000000000003'),
                                                    ^^^^^^^^^^^^^^^^^^^^^^^^^^^^^^^^^^^^^^^^^^^^^^^^^^^^^^^^^^^
<string>:5: in __init__
    ???
_ _ _ _ _ _ _ _ _ _ _ _ _ _ _ _ _ _ _ _ _ _ _ _ _ _ _ _ _ _ _ _ _ _ _ _ _ _ _ _ 

self = TypedId(kind='resource', value='00000000-0000-0000-0000-000000000003')

    def __post_init__(self) -> None:
        if self.kind not in _KINDS:
            raise ValueError(f"unknown typed-id kind: {self.kind!r}")
        if not isinstance(self.value, str) or not _VALUE.fullmatch(self.value):
>           raise ValueError("typed-id value must be an opaque 128-bit lowercase hex value")
E           ValueError: typed-id value must be an opaque 128-bit lowercase hex value

cpn/rpnh/registry/identities.py:122: ValueError
_________ test_agent_postfreeze_transport_paths_are_rejected[run_dir] __________

tmp_path = PosixPath('/tmp/pytest-of-agent/pytest-215/test_agent_postfreeze_transpor0')
field = 'run_dir'

    @pytest.mark.parametrize('field', ['run_dir', 'owner_socket_path'])
    def test_agent_postfreeze_transport_paths_are_rejected(tmp_path, field):
>       spec, kwargs, target = agent_inputs(tmp_path)
                               ^^^^^^^^^^^^^^^^^^^^^^

tests/test_bound_child_declarations.py:77: 
_ _ _ _ _ _ _ _ _ _ _ _ _ _ _ _ _ _ _ _ _ _ _ _ _ _ _ _ _ _ _ _ _ _ _ _ _ _ _ _ 
tests/test_bound_child_declarations.py:46: in agent_inputs
    request_ref = VersionRef('resource_version/v1', TypedId('resource', '00000000-0000-0000-0000-000000000003'),
                                                    ^^^^^^^^^^^^^^^^^^^^^^^^^^^^^^^^^^^^^^^^^^^^^^^^^^^^^^^^^^^
<string>:5: in __init__
    ???
_ _ _ _ _ _ _ _ _ _ _ _ _ _ _ _ _ _ _ _ _ _ _ _ _ _ _ _ _ _ _ _ _ _ _ _ _ _ _ _ 

self = TypedId(kind='resource', value='00000000-0000-0000-0000-000000000003')

    def __post_init__(self) -> None:
        if self.kind not in _KINDS:
            raise ValueError(f"unknown typed-id kind: {self.kind!r}")
        if not isinstance(self.value, str) or not _VALUE.fullmatch(self.value):
>           raise ValueError("typed-id value must be an opaque 128-bit lowercase hex value")
E           ValueError: typed-id value must be an opaque 128-bit lowercase hex value

cpn/rpnh/registry/identities.py:122: ValueError
____ test_agent_postfreeze_transport_paths_are_rejected[owner_socket_path] _____

tmp_path = PosixPath('/tmp/pytest-of-agent/pytest-215/test_agent_postfreeze_transpor1')
field = 'owner_socket_path'

    @pytest.mark.parametrize('field', ['run_dir', 'owner_socket_path'])
    def test_agent_postfreeze_transport_paths_are_rejected(tmp_path, field):
>       spec, kwargs, target = agent_inputs(tmp_path)
                               ^^^^^^^^^^^^^^^^^^^^^^

tests/test_bound_child_declarations.py:77: 
_ _ _ _ _ _ _ _ _ _ _ _ _ _ _ _ _ _ _ _ _ _ _ _ _ _ _ _ _ _ _ _ _ _ _ _ _ _ _ _ 
tests/test_bound_child_declarations.py:46: in agent_inputs
    request_ref = VersionRef('resource_version/v1', TypedId('resource', '00000000-0000-0000-0000-000000000003'),
                                                    ^^^^^^^^^^^^^^^^^^^^^^^^^^^^^^^^^^^^^^^^^^^^^^^^^^^^^^^^^^^
<string>:5: in __init__
    ???
_ _ _ _ _ _ _ _ _ _ _ _ _ _ _ _ _ _ _ _ _ _ _ _ _ _ _ _ _ _ _ _ _ _ _ _ _ _ _ _ 

self = TypedId(kind='resource', value='00000000-0000-0000-0000-000000000003')

    def __post_init__(self) -> None:
        if self.kind not in _KINDS:
            raise ValueError(f"unknown typed-id kind: {self.kind!r}")
        if not isinstance(self.value, str) or not _VALUE.fullmatch(self.value):
>           raise ValueError("typed-id value must be an opaque 128-bit lowercase hex value")
E           ValueError: typed-id value must be an opaque 128-bit lowercase hex value

cpn/rpnh/registry/identities.py:122: ValueError
________ test_agent_extra_profile_and_plugin_are_explicitly_unsupported ________

tmp_path = PosixPath('/tmp/pytest-of-agent/pytest-215/test_agent_extra_profile_and_p0')

    def test_agent_extra_profile_and_plugin_are_explicitly_unsupported(tmp_path):
>       spec, kwargs, _ = agent_inputs(tmp_path)
                          ^^^^^^^^^^^^^^^^^^^^^^

tests/test_bound_child_declarations.py:85: 
_ _ _ _ _ _ _ _ _ _ _ _ _ _ _ _ _ _ _ _ _ _ _ _ _ _ _ _ _ _ _ _ _ _ _ _ _ _ _ _ 
tests/test_bound_child_declarations.py:46: in agent_inputs
    request_ref = VersionRef('resource_version/v1', TypedId('resource', '00000000-0000-0000-0000-000000000003'),
                                                    ^^^^^^^^^^^^^^^^^^^^^^^^^^^^^^^^^^^^^^^^^^^^^^^^^^^^^^^^^^^
<string>:5: in __init__
    ???
_ _ _ _ _ _ _ _ _ _ _ _ _ _ _ _ _ _ _ _ _ _ _ _ _ _ _ _ _ _ _ _ _ _ _ _ _ _ _ _ 

self = TypedId(kind='resource', value='00000000-0000-0000-0000-000000000003')

    def __post_init__(self) -> None:
        if self.kind not in _KINDS:
            raise ValueError(f"unknown typed-id kind: {self.kind!r}")
        if not isinstance(self.value, str) or not _VALUE.fullmatch(self.value):
>           raise ValueError("typed-id value must be an opaque 128-bit lowercase hex value")
E           ValueError: typed-id value must be an opaque 128-bit lowercase hex value

cpn/rpnh/registry/identities.py:122: ValueError
__ test_reference_profile_mutation_cannot_be_mistaken_for_execution_inventory __

tmp_path = PosixPath('/tmp/pytest-of-agent/pytest-215/test_reference_profile_mutatio0')

    def test_reference_profile_mutation_cannot_be_mistaken_for_execution_inventory(tmp_path):
>       spec, kwargs, _ = agent_inputs(tmp_path)
                          ^^^^^^^^^^^^^^^^^^^^^^

tests/test_bound_child_declarations.py:93: 
_ _ _ _ _ _ _ _ _ _ _ _ _ _ _ _ _ _ _ _ _ _ _ _ _ _ _ _ _ _ _ _ _ _ _ _ _ _ _ _ 
tests/test_bound_child_declarations.py:46: in agent_inputs
    request_ref = VersionRef('resource_version/v1', TypedId('resource', '00000000-0000-0000-0000-000000000003'),
                                                    ^^^^^^^^^^^^^^^^^^^^^^^^^^^^^^^^^^^^^^^^^^^^^^^^^^^^^^^^^^^
<string>:5: in __init__
    ???
_ _ _ _ _ _ _ _ _ _ _ _ _ _ _ _ _ _ _ _ _ _ _ _ _ _ _ _ _ _ _ _ _ _ _ _ _ _ _ _ 

self = TypedId(kind='resource', value='00000000-0000-0000-0000-000000000003')

    def __post_init__(self) -> None:
        if self.kind not in _KINDS:
            raise ValueError(f"unknown typed-id kind: {self.kind!r}")
        if not isinstance(self.value, str) or not _VALUE.fullmatch(self.value):
>           raise ValueError("typed-id value must be an opaque 128-bit lowercase hex value")
E           ValueError: typed-id value must be an opaque 128-bit lowercase hex value

cpn/rpnh/registry/identities.py:122: ValueError
- generated xml file: /workspace/scratch/18c810e6dd59/rpnh-bound-child-material-lowering/evidence/expanded.xml -
=========================== short test summary info ============================
FAILED tests/test_bound_child_declarations.py::test_agent_declaration_normalization_uses_final_root_and_never_reads_profile
FAILED tests/test_bound_child_declarations.py::test_agent_postfreeze_transport_paths_are_rejected[run_dir]
FAILED tests/test_bound_child_declarations.py::test_agent_postfreeze_transport_paths_are_rejected[owner_socket_path]
FAILED tests/test_bound_child_declarations.py::test_agent_extra_profile_and_plugin_are_explicitly_unsupported
FAILED tests/test_bound_child_declarations.py::test_reference_profile_mutation_cannot_be_mistaken_for_execution_inventory
5 failed, 13 passed in 58.63s
