============================= test session starts ==============================
platform linux -- Python 3.12.14, pytest-8.4.2, pluggy-1.6.0 -- /workspace/scratch/18c810e6dd59/rpnh-recovery-20261003/source/.venv/bin/python
rootdir: /workspace/scratch/18c810e6dd59/rpnh-bound-child-material-lowering/source
collecting ... collected 1 item

tests/test_typed_author_interoperation.py::test_legacy_direct_python_numeric_constraint_keys_still_normalize FAILED [100%]

=================================== FAILURES ===================================
______ test_legacy_direct_python_numeric_constraint_keys_still_normalize _______
tests/test_typed_author_interoperation.py:205: in test_legacy_direct_python_numeric_constraint_keys_still_normalize
    compiled_direct = compile_module(direct, registration())
                      ^^^^^^^^^^^^^^^^^^^^^^^^^^^^^^^^^^^^^^
cpn/rpnh/compiler.py:49: in compile_module
    return _compile_module(module, registration, offline=False)
           ^^^^^^^^^^^^^^^^^^^^^^^^^^^^^^^^^^^^^^^^^^^^^^^^^^^^
cpn/rpnh/compiler.py:68: in _compile_module
    offline = offline or has_bound_origin(module)
                         ^^^^^^^^^^^^^^^^^^^^^^^^
cpn/rpnh/bound_child_lowering.py:25: in has_bound_origin
    keys = [key for key in constraints if key.startswith("rpnh_parent_bound_origin_")]
                                          ^^^^^^^^^^^^^^
E   AttributeError: 'int' object has no attribute 'startswith'
- generated xml file: /workspace/scratch/18c810e6dd59/rpnh-bound-child-material-lowering/evidence/legacy-regression-before-fix.xml -
=========================== short test summary info ============================
FAILED tests/test_typed_author_interoperation.py::test_legacy_direct_python_numeric_constraint_keys_still_normalize
============================== 1 failed in 0.62s ===============================
