WORLD_READY
stdout='Traceback (most recent call last):\n  File "<string>", line 1, in <module>\nNameError: name \'odoo\' is not defined\n' stderr=None return_code=1
Traceback (most recent call last):
  File "/home/deng123/RPNH/task-erp-first-wave-20261008/work/developer_world.py", line 19, in <module>
    asyncio.run(main())
    ~~~~~~~~~~~^^^^^^^^
  File "/home/deng123/miniforge3/lib/python3.13/asyncio/runners.py", line 195, in run
    return runner.run(main)
           ~~~~~~~~~~^^^^^^
  File "/home/deng123/miniforge3/lib/python3.13/asyncio/runners.py", line 118, in run
    return self._loop.run_until_complete(task)
           ~~~~~~~~~~~~~~~~~~~~~~~~~~~~~^^^^^^
  File "/home/deng123/miniforge3/lib/python3.13/asyncio/base_events.py", line 725, in run_until_complete
    return future.result()
           ~~~~~~~~~~~~~^^
  File "/home/deng123/RPNH/task-erp-first-wave-20261008/work/developer_world.py", line 11, in main
    await world.prepare_solver()
  File "/home/deng123/RPNH/task-erp-first-wave-20261008/source/examples/erp_bench/src/rpnh_erp_bench/environment.py", line 401, in prepare_solver
    if self.phase != 'ready':
                ^^^^^^^^^^^^^
rpnh_erp_bench.environment.WorldError: actual image lacks iptables/ip6tables; supply explicit image-matched firewall_packages
