WORLD_READY
ISOLATION_PASS
ACTUAL_BACKEND_SMOKE_PASS
FREEZE_PASS
Traceback (most recent call last):
  File "/home/deng123/RPNH/task-erp-first-wave-20261008/work/developer_world.py", line 41, in <module>
    asyncio.run(main())
    ~~~~~~~~~~~^^^^^^^^
  File "/home/deng123/miniforge3/lib/python3.13/asyncio/runners.py", line 195, in run
    return runner.run(main)
           ~~~~~~~~~~^^^^^^
  File "/home/deng123/miniforge3/lib/python3.13/asyncio/runners.py", line 118, in run
    return self._loop.run_until_complete(task)
           ~~~~~~~~~~~~~~~~~~~~~~~~~~~~~^^^^^^
  File "/home/deng123/miniforge3/lib/python3.13/asyncio/base_events.py", line 725, in run_until_complete
    return future.result()
           ~~~~~~~~~~~~~^^
  File "/home/deng123/RPNH/task-erp-first-wave-20261008/work/developer_world.py", line 37, in main
    score=await world.grade(owner_quiescent=True, bridge_quiescent=True)
          ^^^^^^^^^^^^^^^^^^^^^^^^^^^^^^^^^^^^^^^^^^^^^^^^^^^^^^^^^^^^^^
  File "/home/deng123/RPNH/task-erp-first-wave-20261008/source/examples/erp_bench/src/rpnh_erp_bench/environment.py", line 580, in grade
    raise WorldError('verifier container still running after kill')
rpnh_erp_bench.environment.WorldError: verifier container still running after kill
