Traceback (most recent call last):
  File "/home/deng123/RPNH/task-erp-first-wave-20261008/work/developer_world.py", line 19, in <module>
    asyncio.run(main())
    ~~~~~~~~~~~^^^^^^^^
  File "/home/deng123/miniforge3/lib/python3.13/asyncio/runners.py", line 195, in run
    return runner.run(main)
           ~~~~~~~~~~^^^^^^
  File "/home/deng123/miniforge3/lib/python3.13/asyncio/runners.py", line 118, in run
    return self._loop.run_until_complete(task)
           ~~~~~~~~~~~~~~~~~~~~~~~~~~~~~^^^^^^
  File "/home/deng123/miniforge3/lib/python3.13/asyncio/base_events.py", line 725, in run_until_complete
    return future.result()
           ~~~~~~~~~~~~~^^
  File "/home/deng123/RPNH/task-erp-first-wave-20261008/work/developer_world.py", line 8, in main
    await world.start()
  File "/home/deng123/RPNH/task-erp-first-wave-20261008/source/examples/erp_bench/src/rpnh_erp_bench/environment.py", line 282, in start
    pass
  File "/home/deng123/miniforge3/lib/python3.13/asyncio/tasks.py", line 507, in wait_for
    return await fut
           ^^^^^^^^^
  File "/home/deng123/RPNH/task-erp-first-wave-20261008/venv/lib/python3.13/site-packages/harbor/environments/docker/docker.py", line 1056, in start
    await self._run_docker_compose_command(["build"])
  File "/home/deng123/RPNH/task-erp-first-wave-20261008/source/examples/erp_bench/src/rpnh_erp_bench/environment.py", line 90, in _run_docker_compose_command
    if process.returncode:
        ^^^^^^^^^^^^^^^^^^
rpnh_erp_bench.environment.WorldError: official Dockerfile build failed (1); see private build.log
