.....F                                                                   [100%]
=================================== FAILURES ===================================
_____ test_synthetic_runtime_record_validates_with_frozen_shared_contract ______

runtime = ({'upstream': PosixPath('/home/deng123/RPNH/task-erp-first-wave-20261008/tmp/driver11/test_synthetic_runtime_record_0'..., {'task_id': 'synthetic-owner', 'owner_quiescent': True, 'process_exit_confirmed': True, 'process_exit_code': 0, ...})
monkeypatch = <_pytest.monkeypatch.MonkeyPatch object at 0x74d11d748650>

    def test_synthetic_runtime_record_validates_with_frozen_shared_contract(runtime, monkeypatch):
        validator = os.environ.get("ERP_SHARED_VALIDATOR")
        if not validator:
            pytest.skip("explicit frozen ERP_SHARED_VALIDATOR not supplied")
        from rpnh_erp_bench import evidence, export
        from rpnh_erp_bench.source import RPNH_BASE
        args, _, _, _ = runtime
        args["shared_validator"] = Path(validator)
        identity = {"base_commit": RPNH_BASE, "tested_commit": RPNH_BASE, "head_tree": "b" * 40,
                    "tracked_clean": True, "owned_files": [], "owned_tree_sha256": "a" * 64,
                    "changed_files": [], "identity_scope": "Synthetic test identity only."}
        monkeypatch.setattr(driver, "source_identity", lambda *a: identity)
        monkeypatch.setattr(export, "source_identity", lambda *a: identity)
        monkeypatch.setattr(driver, "build_result_manifest", evidence.build_result_manifest)
        monkeypatch.setattr(driver, "write_result_manifest", evidence.write_result_manifest)
>       asyncio.run(driver.run_trial(**args))

examples/erp_bench/tests/test_driver.py:187: 
_ _ _ _ _ _ _ _ _ _ _ _ _ _ _ _ _ _ _ _ _ _ _ _ _ _ _ _ _ _ _ _ _ _ _ _ _ _ _ _ 
../../../miniforge3/lib/python3.13/asyncio/runners.py:195: in run
    return runner.run(main)
           ^^^^^^^^^^^^^^^^
../../../miniforge3/lib/python3.13/asyncio/runners.py:118: in run
    return self._loop.run_until_complete(task)
           ^^^^^^^^^^^^^^^^^^^^^^^^^^^^^^^^^^^
../../../miniforge3/lib/python3.13/asyncio/base_events.py:725: in run_until_complete
    return future.result()
           ^^^^^^^^^^^^^^^
examples/erp_bench/src/rpnh_erp_bench/driver.py:275: in run_trial
    manifest = build_result_manifest(record_id=condition_id, task=task, source_root=source_root,
examples/erp_bench/src/rpnh_erp_bench/evidence.py:193: in build_result_manifest
    identity = source_identity(source_root)
               ^^^^^^^^^^^^^^^^^^^^^^^^^^^^
examples/erp_bench/src/rpnh_erp_bench/export.py:53: in source_identity
    head = git(root, "rev-parse", "HEAD").decode().strip()
           ^^^^^^^^^^^^^^^^^^^^^^^^^^^^^^
examples/erp_bench/src/rpnh_erp_bench/source.py:74: in git
    result = subprocess.run(["git", "--no-optional-locks", "-C", str(root), *args],
../../../miniforge3/lib/python3.13/subprocess.py:554: in run
    with Popen(*popenargs, **kwargs) as process:
         ^^^^^^^^^^^^^^^^^^^^^^^^^^^
../../../miniforge3/lib/python3.13/subprocess.py:1039: in __init__
    self._execute_child(args, executable, preexec_fn, close_fds,
_ _ _ _ _ _ _ _ _ _ _ _ _ _ _ _ _ _ _ _ _ _ _ _ _ _ _ _ _ _ _ _ _ _ _ _ _ _ _ _ 

self = <Popen: returncode: 255 args: ['git', '--no-optional-locks', '-C', '/home/de...>
args = ['git', '--no-optional-locks', '-C', '/home/deng123/RPNH/task-erp-first-wave-20261008/tmp/driver11/test_synthetic_runtime_record_0', 'rev-parse', 'HEAD']
executable = b'synthetic-short-path', preexec_fn = None, close_fds = True
pass_fds = (), cwd = None, env = None, startupinfo = None, creationflags = 0
shell = False, p2cread = -1, p2cwrite = -1, c2pread = 14, c2pwrite = 15
errread = 16, errwrite = 17, restore_signals = True, gid = None, gids = None
uid = None, umask = -1, start_new_session = False, process_group = -1

    def _execute_child(self, args, executable, preexec_fn, close_fds,
                       pass_fds, cwd, env,
                       startupinfo, creationflags, shell,
                       p2cread, p2cwrite,
                       c2pread, c2pwrite,
                       errread, errwrite,
                       restore_signals,
                       gid, gids, uid, umask,
                       start_new_session, process_group):
        """Execute program (POSIX version)"""
    
        if isinstance(args, (str, bytes)):
            args = [args]
        elif isinstance(args, os.PathLike):
            if shell:
                raise TypeError('path-like args is not allowed when '
                                'shell is true')
            args = [args]
        else:
            args = list(args)
    
        if shell:
            # On Android the default shell is at '/system/bin/sh'.
            unix_shell = ('/system/bin/sh' if
                      hasattr(sys, 'getandroidapilevel') else '/bin/sh')
            args = [unix_shell, "-c"] + args
            if executable:
                args[0] = executable
    
        if executable is None:
            executable = args[0]
    
        sys.audit("subprocess.Popen", executable, args, cwd, env)
    
        if (_USE_POSIX_SPAWN
                and os.path.dirname(executable)
                and preexec_fn is None
                and (not close_fds or _HAVE_POSIX_SPAWN_CLOSEFROM)
                and not pass_fds
                and cwd is None
                and (p2cread == -1 or p2cread > 2)
                and (c2pwrite == -1 or c2pwrite > 2)
                and (errwrite == -1 or errwrite > 2)
                and not start_new_session
                and process_group == -1
                and gid is None
                and gids is None
                and uid is None
                and umask < 0):
            self._posix_spawn(args, executable, env, restore_signals, close_fds,
                              p2cread, p2cwrite,
                              c2pread, c2pwrite,
                              errread, errwrite)
            return
    
        orig_executable = executable
    
        # For transferring possible exec failure from child to parent.
        # Data format: "exception name:hex errno:description"
        # Pickle is not used; it is complex and involves memory allocation.
        errpipe_read, errpipe_write = os.pipe()
        # errpipe_write must not be in the standard io 0, 1, or 2 fd range.
        low_fds_to_close = []
        while errpipe_write < 3:
            low_fds_to_close.append(errpipe_write)
            errpipe_write = os.dup(errpipe_write)
        for low_fd in low_fds_to_close:
            os.close(low_fd)
        try:
            try:
                # We must avoid complex work that could involve
                # malloc or free in the child process to avoid
                # potential deadlocks, thus we do all this here.
                # and pass it to fork_exec()
    
                if env is not None:
                    env_list = []
                    for k, v in env.items():
                        k = os.fsencode(k)
                        if b'=' in k:
                            raise ValueError("illegal environment variable name")
                        env_list.append(k + b'=' + os.fsencode(v))
                else:
                    env_list = None  # Use execv instead of execve.
                executable = os.fsencode(executable)
                if os.path.dirname(executable):
                    executable_list = (executable,)
                else:
                    # This matches the behavior of os._execvpe().
                    executable_list = tuple(
                        os.path.join(os.fsencode(dir), executable)
                        for dir in os.get_exec_path(env))
                fds_to_keep = set(pass_fds)
                fds_to_keep.add(errpipe_write)
                self.pid = _fork_exec(
                        args, executable_list,
                        close_fds, tuple(sorted(map(int, fds_to_keep))),
                        cwd, env_list,
                        p2cread, p2cwrite, c2pread, c2pwrite,
                        errread, errwrite,
                        errpipe_read, errpipe_write,
                        restore_signals, start_new_session,
                        process_group, gid, gids, uid, umask,
                        preexec_fn, _USE_VFORK)
                self._child_created = True
            finally:
                # be sure the FD is closed no matter what
                os.close(errpipe_write)
    
            self._close_pipe_fds(p2cread, p2cwrite,
                                 c2pread, c2pwrite,
                                 errread, errwrite)
    
            # Wait for exec to fail or succeed; possibly raising an
            # exception (limited in size)
            errpipe_data = bytearray()
            while True:
                part = os.read(errpipe_read, 50000)
                errpipe_data += part
                if not part or len(errpipe_data) > 50000:
                    break
        finally:
            # be sure the FD is closed no matter what
            os.close(errpipe_read)
    
        if errpipe_data:
            try:
                pid, sts = os.waitpid(self.pid, 0)
                if pid == self.pid:
                    self._handle_exitstatus(sts)
                else:
                    self.returncode = sys.maxsize
            except ChildProcessError:
                pass
    
            try:
                exception_name, hex_errno, err_msg = (
                        errpipe_data.split(b':', 2))
                # The encoding here should match the encoding
                # written in by the subprocess implementations
                # like _posixsubprocess
                err_msg = err_msg.decode()
            except ValueError:
                exception_name = b'SubprocessError'
                hex_errno = b'0'
                err_msg = 'Bad exception data from child: {!r}'.format(
                              bytes(errpipe_data))
            child_exception_type = getattr(
                    builtins, exception_name.decode('ascii'),
                    SubprocessError)
            if issubclass(child_exception_type, OSError) and hex_errno:
                errno_num = int(hex_errno, 16)
                if err_msg == "noexec:chdir":
                    err_msg = ""
                    # The error must be from chdir(cwd).
                    err_filename = cwd
                elif err_msg == "noexec":
                    err_msg = ""
                    err_filename = None
                else:
                    err_filename = orig_executable
                if errno_num != 0:
                    err_msg = os.strerror(errno_num)
                if err_filename is not None:
>                   raise child_exception_type(errno_num, err_msg, err_filename)
E                   FileNotFoundError: [Errno 2] No such file or directory: 'git'

../../../miniforge3/lib/python3.13/subprocess.py:1991: FileNotFoundError
=========================== short test summary info ============================
FAILED examples/erp_bench/tests/test_driver.py::test_synthetic_runtime_record_validates_with_frozen_shared_contract
1 failed, 5 passed in 0.14s
