Traceback (most recent call last):
  File "/home/deng123/RPNH/task-erp-first-wave-20261008/venv/lib/python3.13/site-packages/cpn/rpnh/registry/_resource_service/references.py", line 205, in _prepared_reference
    direct["agent_loop_ref"])
    ~~~~~~^^^^^^^^^^^^^^^^^^
KeyError: 'agent_loop_ref'

The above exception was the direct cause of the following exception:

Traceback (most recent call last):
  File "/home/deng123/RPNH/task-erp-first-wave-20261008/source/examples/erp_bench/scripts/native_acceptance.py", line 221, in <module>
    raise SystemExit(main())
                     ~~~~^^
  File "/home/deng123/RPNH/task-erp-first-wave-20261008/source/examples/erp_bench/scripts/native_acceptance.py", line 206, in main
    actors = [actor_run(output, fixture)]
              ~~~~~~~~~^^^^^^^^^^^^^^^^^
  File "/home/deng123/RPNH/task-erp-first-wave-20261008/source/examples/erp_bench/scripts/native_acceptance.py", line 136, in actor_run
    receipts = managed_receipts(spec.run_dir, spec.plugin_catalog_digest)
  File "/home/deng123/RPNH/task-erp-first-wave-20261008/source/examples/erp_bench/scripts/native_acceptance.py", line 99, in managed_receipts
    document = json.loads(kernel._read_registered(_resource_from_payload(ref)))
                          ~~~~~~~~~~~~~~~~~~~~~~~^^^^^^^^^^^^^^^^^^^^^^^^^^^^^
  File "/home/deng123/RPNH/task-erp-first-wave-20261008/venv/lib/python3.13/site-packages/cpn/rpnh/registry/resource_service.py", line 110, in _read_registered
    return _references._read_registered(**locals())
           ~~~~~~~~~~~~~~~~~~~~~~~~~~~~^^^^^^^^^^^^
  File "/home/deng123/RPNH/task-erp-first-wave-20261008/venv/lib/python3.13/site-packages/cpn/rpnh/registry/_resource_service/references.py", line 535, in _read_registered
    prepared = self._prepared_reference(ref)
  File "/home/deng123/RPNH/task-erp-first-wave-20261008/venv/lib/python3.13/site-packages/cpn/rpnh/registry/resource_service.py", line 107, in _prepared_reference
    return _references._prepared_reference(**locals())
           ~~~~~~~~~~~~~~~~~~~~~~~~~~~~~~~^^^^^^^^^^^^
  File "/home/deng123/RPNH/task-erp-first-wave-20261008/venv/lib/python3.13/site-packages/cpn/rpnh/registry/_resource_service/references.py", line 212, in _prepared_reference
    raise ResourceIntegrityFault(
        "direct resource provenance refs are malformed") from exc
cpn.rpnh.registry.errors.ResourceIntegrityFault: direct resource provenance refs are malformed
