{
  "business_passed": null,
  "failed_phase": "quiescence",
  "failure_class": "RuntimeError",
  "model_calls": {
    "evidence": [
      "owner-projection"
    ],
    "fake_provider_calls": null,
    "real_provider_calls": null,
    "reason": "No complete terminal call accounting; partial Registry counters are retained separately.",
    "status": "unknown"
  },
  "overall_score": null,
  "record_id": "erp-smoke-2000-a02",
  "stages": {
    "evaluation": {
      "commands": [],
      "evidence": [
        "lifecycle"
      ],
      "reason": "No proven frozen quiescent world was available for original evaluation.",
      "status": "blocked"
    },
    "mock": {
      "commands": [],
      "evidence": [],
      "reason": "Separate acceptance record; not measured by this live condition.",
      "status": "not_run"
    },
    "native": {
      "commands": [
        "TaskControl.start/status/result/result_evidence/stop"
      ],
      "evidence": [
        "lifecycle",
        "owner-projection",
        "native-observation"
      ],
      "reason": "Owner execution did not establish quiescent registered native evidence.",
      "status": "failed"
    },
    "offline": {
      "commands": [],
      "evidence": [],
      "reason": "Separate acceptance record; not measured by this live condition.",
      "status": "not_run"
    },
    "provider": {
      "commands": [
        "RPNH existing exact-model local_process execution"
      ],
      "evidence": [
        "lifecycle",
        "owner-projection",
        "provider-observation"
      ],
      "reason": "Provider condition did not reach a complete native terminal.",
      "status": "failed"
    }
  }
}
