{
  "business_passed": false,
  "failed_phase": null,
  "failure_class": null,
  "model_calls": {
    "evidence": [
      "owner-projection"
    ],
    "fake_provider_calls": 0,
    "real_provider_calls": 11,
    "reason": null,
    "status": "verified"
  },
  "overall_score": 0.0,
  "record_id": "erp-smoke-2000-a03",
  "stages": {
    "evaluation": {
      "commands": [
        "Harbor Verifier.verify with unchanged original tests/test.sh"
      ],
      "evidence": [
        "lifecycle",
        "original-score",
        "evaluation-observation"
      ],
      "reason": "Completed verifier is independent of the emitted business passed threshold.",
      "status": "passed"
    },
    "mock": {
      "commands": [],
      "evidence": [],
      "reason": "Separate acceptance record; not measured by this live condition.",
      "status": "not_run"
    },
    "native": {
      "commands": [
        "TaskControl.start/status/result/result_evidence/stop"
      ],
      "evidence": [
        "lifecycle",
        "owner-projection",
        "native-observation"
      ],
      "reason": null,
      "status": "passed"
    },
    "offline": {
      "commands": [],
      "evidence": [],
      "reason": "Separate acceptance record; not measured by this live condition.",
      "status": "not_run"
    },
    "provider": {
      "commands": [
        "RPNH existing exact-model local_process execution"
      ],
      "evidence": [
        "lifecycle",
        "owner-projection",
        "provider-observation"
      ],
      "reason": null,
      "status": "passed"
    }
  }
}
