FF                                                                       [100%]
=================================== FAILURES ===================================
___ test_unknown_reaches_registry_and_blocks_replays_and_new_calls[unknown] ____

tmp_path = PosixPath('<PYTEST_TMP>/pytest-2/test_unknown_reaches_registry_0')
monkeypatch = <_pytest.monkeypatch.MonkeyPatch object at 0x7f7af8393680>
mode = 'unknown'

    @pytest.mark.parametrize("mode", ["unknown", "backend_exception", "lost_reply", "bad_schema", "wrong_identity", "partial_send"])
    def test_unknown_reaches_registry_and_blocks_replays_and_new_calls(tmp_path, monkeypatch, mode):
        prepared = prepared_invocation(tmp_path)
        transport = TransportFixture(monkeypatch, mode)
>       with pytest.raises(ManagedPluginInvocationReconciliationRequired) as first:
             ^^^^^^^^^^^^^^^^^^^^^^^^^^^^^^^^^^^^^^^^^^^^^^^^^^^^^^^^^^^^
E       Failed: DID NOT RAISE <class 'cpn.plugins.managed_tools.ManagedPluginInvocationReconciliationRequired'>

examples/erp_bench/tests/test_managed_receipts.py:191: Failed
__ test_unknown_reaches_registry_and_blocks_replays_and_new_calls[lost_reply] __

tmp_path = PosixPath('<PYTEST_TMP>/pytest-2/test_unknown_reaches_registry_1')
monkeypatch = <_pytest.monkeypatch.MonkeyPatch object at 0x7f7af77acc80>
mode = 'lost_reply'

    @pytest.mark.parametrize("mode", ["unknown", "backend_exception", "lost_reply", "bad_schema", "wrong_identity", "partial_send"])
    def test_unknown_reaches_registry_and_blocks_replays_and_new_calls(tmp_path, monkeypatch, mode):
        prepared = prepared_invocation(tmp_path)
        transport = TransportFixture(monkeypatch, mode)
>       with pytest.raises(ManagedPluginInvocationReconciliationRequired) as first:
             ^^^^^^^^^^^^^^^^^^^^^^^^^^^^^^^^^^^^^^^^^^^^^^^^^^^^^^^^^^^^
E       Failed: DID NOT RAISE <class 'cpn.plugins.managed_tools.ManagedPluginInvocationReconciliationRequired'>

examples/erp_bench/tests/test_managed_receipts.py:191: Failed
=========================== short test summary info ============================
FAILED examples/erp_bench/tests/test_managed_receipts.py::test_unknown_reaches_registry_and_blocks_replays_and_new_calls[unknown]
FAILED examples/erp_bench/tests/test_managed_receipts.py::test_unknown_reaches_registry_and_blocks_replays_and_new_calls[lost_reply]
2 failed in 5.55s
