============================= test session starts ==============================
platform linux -- Python 3.12.14, pytest-8.4.2, pluggy-1.6.0 -- <WORKSPACE>/rpnh-recovery-20261003/source/.venv/bin/python
rootdir: <WORKSPACE>/rpnh-convergence-fix/source/examples/erp_bench
configfile: pyproject.toml
collecting ... collected 17 items / 2 deselected / 15 selected

examples/erp_bench/tests/test_managed_receipts.py::test_unknown_reaches_registry_and_blocks_replays_and_new_calls[unknown] PASSED [  6%]
examples/erp_bench/tests/test_managed_receipts.py::test_unknown_reaches_registry_and_blocks_replays_and_new_calls[backend_exception] PASSED [ 13%]
examples/erp_bench/tests/test_managed_receipts.py::test_unknown_reaches_registry_and_blocks_replays_and_new_calls[lost_reply] PASSED [ 20%]
examples/erp_bench/tests/test_managed_receipts.py::test_unknown_reaches_registry_and_blocks_replays_and_new_calls[bad_schema] PASSED [ 26%]
examples/erp_bench/tests/test_managed_receipts.py::test_unknown_reaches_registry_and_blocks_replays_and_new_calls[wrong_identity] PASSED [ 33%]
examples/erp_bench/tests/test_managed_receipts.py::test_unknown_reaches_registry_and_blocks_replays_and_new_calls[partial_send] PASSED [ 40%]
examples/erp_bench/tests/test_managed_receipts.py::test_known_results_remain_returned_and_allow_later_call[completed] PASSED [ 46%]
examples/erp_bench/tests/test_managed_receipts.py::test_known_results_remain_returned_and_allow_later_call[failed] PASSED [ 53%]
examples/erp_bench/tests/test_managed_receipts.py::test_known_results_remain_returned_and_allow_later_call[domain_infeasible] PASSED [ 60%]
examples/erp_bench/tests/test_managed_receipts.py::test_interrupted_is_unchanged_and_bridge_safety_gate_remains PASSED [ 66%]
examples/erp_bench/tests/test_managed_receipts.py::test_connect_failure_is_still_conservatively_unknown PASSED [ 73%]
examples/erp_bench/tests/test_plugin.py::PluginTests::test_cancellation_before_dispatch PASSED [ 80%]
examples/erp_bench/tests/test_plugin.py::PluginTests::test_closed_schema_and_timeout PASSED [ 86%]
examples/erp_bench/tests/test_plugin.py::PluginTests::test_importable_factory_effects_and_bindings PASSED [ 93%]
examples/erp_bench/tests/test_plugin.py::PluginTests::test_pure_planning_operation_needs_no_bridge PASSED [100%]

====================== 15 passed, 2 deselected in 39.86s =======================
