F                                                                        [100%]
=================================== FAILURES ===================================
___________________________ test_g4_durable_reentry ____________________________

tmp_path = PosixPath('<WORKSPACE>/.v26/unS1-a001-3/test_g4_durable_reentry0')

    def test_g4_durable_reentry(tmp_path):
        owner = lease_owner(tmp_path / 'r')
        initial = lease_state(current(owner)[2])
        with Native(owner, 'g4-before') as n:
            n.harness.schedule_ready()
>           n.release(0, settle=False)

../../task-complete-v5-20261009/stages/core/S1/native/a001/test_native_s1.py:254: 
_ _ _ _ _ _ _ _ _ _ _ _ _ _ _ _ _ _ _ _ _ _ _ _ _ _ _ _ _ _ _ _ _ _ _ _ _ _ _ _ 
../../task-complete-v5-20261009/stages/core/S1/native/a001/test_native_s1.py:129: in release
    result = self.host(callback)
             ^^^^^^^^^^^^^^^^^^^
../../task-complete-v5-20261009/stages/core/S1/native/a001/test_native_s1.py:125: in host
    return future.result(timeout=0)
           ^^^^^^^^^^^^^^^^^^^^^^^^
../../../miniforge3/lib/python3.13/concurrent/futures/_base.py:449: in result
    return self.__get_result()
           ^^^^^^^^^^^^^^^^^^^
../../../miniforge3/lib/python3.13/concurrent/futures/_base.py:401: in __get_result
    raise self._exception
cpn/rpnh/control_server.py:132: in _dispatch_host
    event.reply.set_result(event.execute())
                           ^^^^^^^^^^^^^^^
../../task-complete-v5-20261009/stages/core/S1/native/a001/test_native_s1.py:107: in invoke
    outputs = self.owner.products(execution, outcome_id='complete',
cpn/rpnh/run.py:318: in products
    return publish_operation_products(self._core, kernel, repository, execution,
_ _ _ _ _ _ _ _ _ _ _ _ _ _ _ _ _ _ _ _ _ _ _ _ _ _ _ _ _ _ _ _ _ _ _ _ _ _ _ _ 

core = <cpn.rpnh.registry._registry._RegistryCore object at 0x73e38832d7f0>
kernel = <cpn.rpnh.registry.resource_service._ResourceServiceKernel object at 0x73e3885886c0>
repository = <cpn.rpnh.registry.operation_repository.RegistryOperationAuthorityRepository object at 0x73e3884458c0>
execution = OperationExecutionAuthority(operation=RegisteredOperationAuthority(input_plan=RegisteredOperationInputPlanAuthority(ca...tion:e29d71a18b83540b9cc084f30f1ca265': 1, 'transition-firing:transition_firing:55208af3a60d55fa8a6c5c1c114dba59': 1}))

    def publish_operation_products(core: _RegistryCore, kernel: _ResourceServiceKernel,
            repository, execution: OperationExecutionAuthority, *, outcome_id: str,
            products: Mapping[str, tuple[bytes, ...]], idempotency_key: str) -> RegisteredOperationOutputsAuthority:
        """Publish exact declared products, without result/Success/terminal authority.
    
        The only accepted keys are this registered operation's symbolic output
        ports. Every schema, quantity and selected outcome comes from the actual
        immutable shared declaration, not an executor's role or document prose.
        """
        if (not isinstance(core, _RegistryCore) or core.read_only
                or not isinstance(idempotency_key, str) or not idempotency_key
                or not isinstance(products, Mapping)):
            raise TypeError("product submission requires owner Registry, bytes mapping and key")
        execution = verify_operation_execution(core, kernel, repository, execution)
        operation = execution.operation
        context = operation.canonical.context
        executable = kernel._exact_object(operation.transition.binding_ref,
            expected_type="executable_transition_binding/v1")
        declaration_ref = _resource_from_payload(executable.metadata["declaration_resource_ref"])
        compiled = load_compiled_net(json.loads(kernel._read_firing_registered(context, declaration_ref)))
        transition = next(item for item in compiled.symbolic.transitions
            if item.name == operation.firing.transition_id)
        declared = next(item for item in compiled.operations if item.declaration.name == transition.operation).declaration
        selected = next((item for item in declared.outcomes if item.name == outcome_id), None)
        if selected is None:
            raise ValueError("product submission selects an undeclared operation outcome")
        if set(products) - set(declared.outputs):
>           raise ValueError("product submission invents a symbolic output port")
E           ValueError: product submission invents a symbolic output port

cpn/rpnh/registry/operation_outputs.py:49: ValueError
- generated xml file: <WORKSPACE>/task-complete-v5-20261009/stages/core/S1/native/a001/g4.xml -
=========================== short test summary info ============================
FAILED ../../task-complete-v5-20261009/stages/core/S1/native/a001/test_native_s1.py::test_g4_durable_reentry
1 failed in 4.68s
