F                                                                        [100%]
=================================== FAILURES ===================================
________________________ test_g7_dynamic_drain_adoption ________________________

tmp_path = PosixPath('<WORKSPACE>/.v26/unS1-a001-9/test_g7_dynamic_drain_adoption0')

    def test_g7_dynamic_drain_adoption(tmp_path):
        from cpn.rpnh.compiler import compile_module
        from cpn.rpnh.petri_contracts import DeclarationError
        from cpn.rpnh.registry.publication import _version_from_payload
        # Independent compiler rejection is direct evidence, not native execution.
        module, registration = _world(tmp_path / 'unused', reset_lease=True)
        with pytest.raises(DeclarationError, match='Reset arc cannot retire'):
            compile_module(module, registration)
        owner = _world(tmp_path / 'r', same_pool=False)
        executable, structure, before = current(owner)
        leases = _fresh_leases(before)
        original_lower = owner.registration.resolve('component', 'interactions')
    
        def without_static(config, context):
            fragment = original_lower(config, context)
            return replace(fragment, arcs=tuple(a for a in fragment.arcs
                if not (a.place == 'static' and a.direction == 'input' and a.mode == 'read')))
    
        owner.registration.register_component('interactions_without_static', without_static,
            identity={'implementation_id': 'test.static_lease_interactions_without_static', 'revision': 'v1'},
            contracts={'config_schema': CONFIG_SCHEMA_ID})
        document = structure.compiled.source.to_dict()
        next(c for c in document['components'] if c['name'] == 'step')['key'] = 'interactions_without_static'
        candidate = ModuleDeclaration.from_dict(document)
        with Native(owner, 'g7') as n:
            assert len(n.harness.schedule_ready()) == 1
            plan = prepare_replacement(owner, candidate)
            result = n.host(lambda: apply_replacement(owner, plan, command_id='native:replace'))
            assert result['status'] == 'DRAINING'
            assert current(owner)[0].net_ref == executable.net_ref
            assert n.snapshot('draining')['active'] == 1
>           n.release(0)

../../task-complete-v5-20261009/stages/core/S1/native/a001/test_native_s1.py:393: 
_ _ _ _ _ _ _ _ _ _ _ _ _ _ _ _ _ _ _ _ _ _ _ _ _ _ _ _ _ _ _ _ _ _ _ _ _ _ _ _ 
../../task-complete-v5-20261009/stages/core/S1/native/a001/test_native_s1.py:129: in release
    result = self.host(callback)
             ^^^^^^^^^^^^^^^^^^^
../../task-complete-v5-20261009/stages/core/S1/native/a001/test_native_s1.py:125: in host
    return future.result(timeout=0)
           ^^^^^^^^^^^^^^^^^^^^^^^^
../../../miniforge3/lib/python3.13/concurrent/futures/_base.py:449: in result
    return self.__get_result()
           ^^^^^^^^^^^^^^^^^^^
../../../miniforge3/lib/python3.13/concurrent/futures/_base.py:401: in __get_result
    raise self._exception
cpn/rpnh/control_server.py:132: in _dispatch_host
    event.reply.set_result(event.execute())
                           ^^^^^^^^^^^^^^^
../../task-complete-v5-20261009/stages/core/S1/native/a001/test_native_s1.py:107: in invoke
    outputs = self.owner.products(execution, outcome_id='complete',
cpn/rpnh/run.py:318: in products
    return publish_operation_products(self._core, kernel, repository, execution,
_ _ _ _ _ _ _ _ _ _ _ _ _ _ _ _ _ _ _ _ _ _ _ _ _ _ _ _ _ _ _ _ _ _ _ _ _ _ _ _ 

core = <cpn.rpnh.registry._registry._RegistryCore object at 0x7ec7e896de80>
kernel = <cpn.rpnh.registry.resource_service._ResourceServiceKernel object at 0x7ec7e81470c0>
repository = <cpn.rpnh.registry.operation_repository.RegistryOperationAuthorityRepository object at 0x7ec7e8144680>
execution = OperationExecutionAuthority(operation=RegisteredOperationAuthority(input_plan=RegisteredOperationInputPlanAuthority(ca...ring:243ce079cdc9580ebcca559f6434c21f': 1, 'transition-firing:transition_firing:96c3aaa01de05ccab90c16f2b2b09f84': 1}))

    def publish_operation_products(core: _RegistryCore, kernel: _ResourceServiceKernel,
            repository, execution: OperationExecutionAuthority, *, outcome_id: str,
            products: Mapping[str, tuple[bytes, ...]], idempotency_key: str) -> RegisteredOperationOutputsAuthority:
        """Publish exact declared products, without result/Success/terminal authority.
    
        The only accepted keys are this registered operation's symbolic output
        ports. Every schema, quantity and selected outcome comes from the actual
        immutable shared declaration, not an executor's role or document prose.
        """
        if (not isinstance(core, _RegistryCore) or core.read_only
                or not isinstance(idempotency_key, str) or not idempotency_key
                or not isinstance(products, Mapping)):
            raise TypeError("product submission requires owner Registry, bytes mapping and key")
        execution = verify_operation_execution(core, kernel, repository, execution)
        operation = execution.operation
        context = operation.canonical.context
        executable = kernel._exact_object(operation.transition.binding_ref,
            expected_type="executable_transition_binding/v1")
        declaration_ref = _resource_from_payload(executable.metadata["declaration_resource_ref"])
        compiled = load_compiled_net(json.loads(kernel._read_firing_registered(context, declaration_ref)))
        transition = next(item for item in compiled.symbolic.transitions
            if item.name == operation.firing.transition_id)
        declared = next(item for item in compiled.operations if item.declaration.name == transition.operation).declaration
        selected = next((item for item in declared.outcomes if item.name == outcome_id), None)
        if selected is None:
            raise ValueError("product submission selects an undeclared operation outcome")
        if set(products) - set(declared.outputs):
>           raise ValueError("product submission invents a symbolic output port")
E           ValueError: product submission invents a symbolic output port

cpn/rpnh/registry/operation_outputs.py:49: ValueError
- generated xml file: <WORKSPACE>/task-complete-v5-20261009/stages/core/S1/native/a001/g7.xml -
=========================== short test summary info ============================
FAILED ../../task-complete-v5-20261009/stages/core/S1/native/a001/test_native_s1.py::test_g7_dynamic_drain_adoption
1 failed in 9.20s
