#0 building with "default" instance using docker driver

#1 [internal] load local bake definitions
#1 reading from stdin 556B done
#1 DONE 0.0s

#2 [internal] load build definition from Dockerfile.build-compatibility
#2 transferring dockerfile: 1.22kB done
#2 DONE 0.0s

#3 [internal] load metadata for docker.io/library/odoo:19
#3 ...

#4 [internal] load metadata for ghcr.io/astral-sh/uv:latest
#4 DONE 3.8s

#3 [internal] load metadata for docker.io/library/odoo:19
#3 DONE 3.9s

#5 [internal] load .dockerignore
#5 transferring context: 2B done
#5 DONE 0.0s

#6 FROM ghcr.io/astral-sh/uv:latest@sha256:61d393e44e249f2e4b526b6c7ddcecce245946826e608e11c93ad4f5bba55b21
#6 DONE 0.0s

#7 [stage-0  1/10] FROM docker.io/library/odoo:19@sha256:dd9013e669caaa23d26765dc55814655eaeecca7cfc2c265dbabae913bce22fd
#7 DONE 0.0s

#8 [internal] load build context
#8 transferring context: 171.64kB done
#8 DONE 0.0s

#9 [stage-0  2/10] COPY --from=ghcr.io/astral-sh/uv:latest /uv /uvx /usr/local/bin/
#9 CACHED

#10 [stage-0  5/10] COPY odoo.conf /etc/odoo/odoo.conf
#10 CACHED

#11 [stage-0  3/10] RUN apt-get update && apt-get install -y --no-install-recommends     ca-certificates     gnupg     curl     && install -d /usr/share/postgresql-common/pgdg     && curl -fsSL https://www.postgresql.org/media/keys/ACCC4CF8.asc -o /usr/share/postgresql-common/pgdg/apt.postgresql.org.asc     && echo "deb [signed-by=/usr/share/postgresql-common/pgdg/apt.postgresql.org.asc] https://apt.postgresql.org/pub/repos/apt noble-pgdg main" > /etc/apt/sources.list.d/pgdg.list     && apt-get update     && apt-get install -y --no-install-recommends postgresql-18     && rm -rf /var/lib/apt/lists/*
#11 CACHED

#12 [stage-0  4/10] RUN uv pip install --system --no-cache --break-system-packages     "odoo-client-lib==2.0.0"
#12 CACHED

#13 [stage-0  6/10] COPY setup_scenario.py /setup/setup_scenario.py
#13 CACHED

#14 [stage-0  7/10] COPY scenario_data.json /setup/scenario_data.json
#14 DONE 0.1s

#15 [stage-0  8/10] COPY entrypoint.sh /usr/local/bin/harbor-entrypoint.sh
#15 DONE 0.1s

#16 [stage-0  9/10] RUN chmod +x /usr/local/bin/harbor-entrypoint.sh     && mkdir -p /workspace /logs/verifier /logs/agent /setup
#16 0.195 + chmod +x /usr/local/bin/harbor-entrypoint.sh
#16 0.206 + mkdir -p /workspace /logs/verifier /logs/agent /setup
#16 DONE 0.2s

#17 [stage-0 10/10] WORKDIR /workspace
#17 DONE 0.1s

#18 exporting to image
#18 exporting layers
#18 exporting layers 0.2s done
#18 writing image sha256:735bb50d38c9a2251e40b026b9eb39250cc7ecdd8bb20246377d97592d00a4c4 done
#18 naming to docker.io/library/erp-showcase-2299-a01-main 0.0s done
#18 DONE 0.3s
