............................F                                            [100%]
=================================== FAILURES ===================================
_______ test_bound_completion_registered_then_original_success_recovery ________
cpn/rpnh/registry/_resource_service/references.py:1089: in _revalidate_invocation
    InvocationLifecycle(self._ResourceServiceKernel__core).revalidate_io(context, boundary=boundary)
cpn/rpnh/registry/invocations.py:388: in revalidate_io
    return implementation(self, context, boundary=boundary)
           ^^^^^^^^^^^^^^^^^^^^^^^^^^^^^^^^^^^^^^^^^^^^^^^^
cpn/rpnh/registry/_invocation/execution.py:70: in revalidate_io
    raise InvocationClosedError(
E   cpn.rpnh.registry.invocations.InvocationClosedError: invocation is closed to resource-delivery I/O

The above exception was the direct cause of the following exception:
tests/test_parent_child_core.py:251: in test_bound_completion_registered_then_original_success_recovery
    second=child.succeed(outputs,command_id='success')
           ^^^^^^^^^^^^^^^^^^^^^^^^^^^^^^^^^^^^^^^^^^^
cpn/rpnh/run.py:328: in succeed
    result = succeed_module_operation(self._core, kernel, repository, outputs,
cpn/rpnh/registry/firing_success.py:214: in succeed_module_operation
    execution = verify_operation_execution(core, kernel, repository, supplied.execution)
                ^^^^^^^^^^^^^^^^^^^^^^^^^^^^^^^^^^^^^^^^^^^^^^^^^^^^^^^^^^^^^^^^^^^^^^^^
cpn/rpnh/registry/operation_execution.py:212: in verify_operation_execution
    current = hydrate_operation_authority(repository, input_plan=supplied.input_plan,
cpn/rpnh/registry/operations.py:1964: in hydrate_operation_authority
    return implementation(repository, input_plan=input_plan, petri_inputs=petri_inputs)
           ^^^^^^^^^^^^^^^^^^^^^^^^^^^^^^^^^^^^^^^^^^^^^^^^^^^^^^^^^^^^^^^^^^^^^^^^^^^^
cpn/rpnh/registry/_operation/inputs.py:149: in hydrate_operation_authority
    reverify_input(canonical, artifact)
cpn/rpnh/registry/operation_repository.py:459: in __reverify_input
    verified_resource = self.__host.verify_resource(canonical, exact_ref)
                        ^^^^^^^^^^^^^^^^^^^^^^^^^^^^^^^^^^^^^^^^^^^^^^^^^
cpn/rpnh/run.py:230: in <lambda>
    verify_resource=lambda canonical, ref: verify_resource(
cpn/rpnh/registry/resource_verification.py:97: in verify_resource
    kernel._authorize_resource(
cpn/rpnh/registry/resource_service.py:173: in _authorize_resource
    return _references._authorize_resource(**locals())
           ^^^^^^^^^^^^^^^^^^^^^^^^^^^^^^^^^^^^^^^^^^^
cpn/rpnh/registry/_resource_service/references.py:1459: in _authorize_resource
    self._revalidate_invocation(context, boundary=(
cpn/rpnh/registry/resource_service.py:141: in _revalidate_invocation
    return _references._revalidate_invocation(**locals())
           ^^^^^^^^^^^^^^^^^^^^^^^^^^^^^^^^^^^^^^^^^^^^^^
cpn/rpnh/registry/_resource_service/references.py:1093: in _revalidate_invocation
    raise StaleInvocationContext(str(exc)) from exc
E   cpn.rpnh.registry.errors.StaleInvocationContext: invocation is closed to resource-delivery I/O
- generated xml file: /workspace/scratch/18c810e6dd59/rpnh-parent-child-core-implementation/evidence/core18.xml -
=========================== short test summary info ============================
FAILED tests/test_parent_child_core.py::test_bound_completion_registered_then_original_success_recovery
1 failed, 28 passed in 86.67s (0:01:26)
