============================= test session starts ==============================
platform linux -- Python 3.12.14, pytest-8.4.2, pluggy-1.6.0 -- /workspace/scratch/18c810e6dd59/rpnh-recovery-20261003/source/.venv/bin/python
rootdir: /workspace/scratch/18c810e6dd59/rpnh-parent-child-core-implementation/source
collecting ... collected 102 items / 3 deselected / 99 selected

tests/test_parent_child_core.py::test_real_parent_causal_chain_is_provisional PASSED [  1%]
tests/test_parent_child_core.py::test_bound_origin_true_admission_start_success PASSED [  2%]
tests/test_parent_child_core.py::test_parent_pn_declared_prerequisites_not_host_flags[values0] PASSED [  3%]
tests/test_parent_child_core.py::test_parent_pn_declared_prerequisites_not_host_flags[values1] PASSED [  4%]
tests/test_parent_child_core.py::test_parent_pn_declared_prerequisites_not_host_flags[values2] PASSED [  5%]
tests/test_parent_child_core.py::test_parent_pn_declared_prerequisites_not_host_flags[values3] PASSED [  6%]
tests/test_parent_child_core.py::test_no_native_evidence_constructor_or_json_permission PASSED [  7%]
tests/test_parent_child_core.py::test_parent_commit_rejects_mutated_native_closure[start_id] PASSED [  8%]
tests/test_parent_child_core.py::test_parent_commit_rejects_mutated_native_closure[generation] PASSED [  9%]
tests/test_parent_child_core.py::test_parent_commit_rejects_mutated_native_closure[lease] PASSED [ 10%]
tests/test_parent_child_core.py::test_parent_commit_rejects_mutated_native_closure[parent_run] PASSED [ 11%]
tests/test_parent_child_core.py::test_parent_commit_rejects_mutated_native_closure[slot] PASSED [ 12%]
tests/test_parent_child_core.py::test_parent_commit_rejects_mutated_native_closure[target] PASSED [ 13%]
tests/test_parent_child_core.py::test_parent_commit_rejects_mutated_native_closure[material] PASSED [ 14%]
tests/test_parent_child_core.py::test_intent_replay_rechecks_live_entry_before_exact_replay[stop] PASSED [ 15%]
tests/test_parent_child_core.py::test_intent_replay_rechecks_live_entry_before_exact_replay[new_writer] PASSED [ 16%]
tests/test_parent_child_core.py::test_acceptance_direct_exact_replay_requires_native_boundary PASSED [ 17%]
tests/test_parent_child_core.py::test_parent_unknown_completion_cannot_release_slot PASSED [ 18%]
tests/test_parent_child_core.py::test_parent_start_payload_is_fully_rechecked PASSED [ 19%]
tests/test_parent_child_core.py::test_child_no_writable_reentry_zero_epoch_change PASSED [ 20%]
tests/test_parent_child_core.py::test_child_direct_closed_authority_cannot_revive PASSED [ 21%]
tests/test_parent_child_core.py::test_child_origin_cannot_be_cloned_by_raw_transaction PASSED [ 22%]
tests/test_parent_child_core.py::test_child_missing_origin_arc_rejected_at_original_adoption PASSED [ 23%]
tests/test_parent_child_core.py::test_child_initial_adoption_replay_and_successor_rejection PASSED [ 24%]
tests/test_parent_child_core.py::test_protocol_marker_pair_required_and_bound_schema_not_public PASSED [ 25%]
tests/test_parent_child_core.py::test_child_first_start_and_admission_replay_after_durable_stop_rejected PASSED [ 26%]
tests/test_parent_child_core.py::test_child_started_completion_keeps_draining_without_durable_stop PASSED [ 27%]
tests/test_parent_child_core.py::test_generic_raw_transaction_cannot_mint_protected_capability PASSED [ 28%]
tests/test_parent_child_core.py::test_bound_registered_completion_then_one_success_without_remint PASSED [ 29%]
tests/test_parent_child_core.py::test_protected_weak_edges_rejected_before_commit[parent_bound_bootstrap/v1] PASSED [ 30%]
tests/test_parent_child_core.py::test_protected_weak_edges_rejected_before_commit[parent_bound_origin/v1] PASSED [ 31%]
tests/test_static_lease_reads.py::test_static_lease_read_admits PASSED   [ 32%]
tests/test_static_lease_reads.py::test_static_read_full_lifecycle_preserves_exact_token[False] PASSED [ 33%]
tests/test_static_lease_reads.py::test_static_read_full_lifecycle_preserves_exact_token[True] PASSED [ 34%]
tests/test_static_lease_reads.py::test_parallel_same_transition_and_successor_reconstruction PASSED [ 35%]
tests/test_static_lease_reads.py::test_reference_only_transition_is_finite_and_retained PASSED [ 36%]
tests/test_static_lease_reads.py::test_ordinary_read_still_consumes_and_returns[False] PASSED [ 37%]
tests/test_static_lease_reads.py::test_ordinary_read_still_consumes_and_returns[True] PASSED [ 38%]
tests/test_static_lease_reads.py::test_direct_admission_rejects_invalid_reference_claim[missing] PASSED [ 39%]
tests/test_static_lease_reads.py::test_direct_admission_rejects_invalid_reference_claim[consume_reference] PASSED [ 40%]
tests/test_static_lease_reads.py::test_direct_admission_rejects_invalid_reference_claim[missing_consume] PASSED [ 41%]
tests/test_static_lease_reads.py::test_direct_admission_rejects_invalid_reference_claim[wrong_logical] PASSED [ 42%]
tests/test_static_lease_reads.py::test_direct_admission_rejects_invalid_reference_claim[foreign] PASSED [ 43%]
tests/test_static_lease_reads.py::test_direct_admission_rejects_invalid_reference_claim[duplicate] PASSED [ 44%]
tests/test_static_lease_reads.py::test_transaction_revalidates_claim_beyond_public_api[missing_reference_index] PASSED [ 45%]
tests/test_static_lease_reads.py::test_transaction_revalidates_claim_beyond_public_api[wrong_logical] PASSED [ 46%]
tests/test_static_lease_reads.py::test_transaction_revalidates_claim_beyond_public_api[empty_consumed] PASSED [ 47%]
tests/test_static_lease_reads.py::test_weighted_references_require_exact_declared_quantity PASSED [ 48%]
tests/test_static_lease_reads.py::test_extra_static_reference_is_rejected_instead_of_widening_read PASSED [ 49%]
tests/test_static_lease_reads.py::test_two_transitions_share_reference_with_independent_control_inputs PASSED [ 50%]
tests/test_static_lease_reads.py::test_reference_alone_does_not_authorize_dynamic_resource_access PASSED [ 51%]
tests/test_static_lease_reads.py::test_completion_recovery_preserves_static_reference PASSED [ 52%]
tests/test_static_lease_exact_selection.py::test_exact_valid_later_carrier_is_not_rejected_by_dead_default_binding PASSED [ 53%]
tests/test_static_lease_interactions.py::test_static_and_variable_reads_share_exact_reference_union[same-token-deduplicated-static-and-variable] PASSED [ 54%]
tests/test_static_lease_interactions.py::test_static_and_variable_reads_share_exact_reference_union[same-token-deduplicated-legacy-variable-only] PASSED [ 55%]
tests/test_static_lease_interactions.py::test_static_and_variable_reads_share_exact_reference_union[different-pools-static-and-variable] PASSED [ 56%]
tests/test_static_lease_interactions.py::test_static_and_variable_reads_share_exact_reference_union[different-pools-legacy-variable-only] PASSED [ 57%]
tests/test_static_lease_interactions.py::test_static_read_does_not_change_variable_produce_consume_return[static-and-variable] PASSED [ 58%]
tests/test_static_lease_interactions.py::test_static_read_does_not_change_variable_produce_consume_return[legacy-variable-only] PASSED [ 59%]
tests/test_static_lease_interactions.py::test_static_reference_survives_declared_reset_effect_settlement PASSED [ 60%]
tests/test_static_lease_interactions.py::test_static_read_does_not_authorize_reset_of_lease_pool PASSED [ 61%]
tests/test_static_lease_interactions.py::test_static_reference_still_blocks_immediate_graph_replacement PASSED [ 62%]
tests/test_static_lease_interactions.py::test_static_read_does_not_change_legal_variable_edit_consume_return[static-and-variable] PASSED [ 63%]
tests/test_static_lease_interactions.py::test_static_read_does_not_change_legal_variable_edit_consume_return[legacy-variable-only] PASSED [ 64%]
tests/test_static_lease_interactions.py::test_ordinary_read_without_any_lease_arc_keeps_consume_return[data] PASSED [ 65%]
tests/test_static_lease_interactions.py::test_ordinary_read_without_any_lease_arc_keeps_consume_return[control] PASSED [ 66%]
tests/test_static_lease_interactions.py::test_removing_static_arc_adopts_after_drain_and_maps_lease_authority PASSED [ 67%]
tests/test_static_lease_interactions.py::test_static_read_can_select_another_token_beside_same_pool_variable_read PASSED [ 68%]
tests/test_static_lease_interactions.py::test_static_weight_one_rejects_two_unrelated_same_pool_references PASSED [ 69%]
tests/test_event_store_functional_split.py::test_view_types_keep_one_identity_across_compatibility_paths PASSED [ 70%]
tests/test_event_store_functional_split.py::test_event_store_facade_delegates_with_the_same_store PASSED [ 71%]
tests/test_event_store_functional_split.py::test_net_lineage_facade_preserves_explicit_sqlite_snapshot PASSED [ 72%]
tests/test_event_store_functional_split.py::test_extracted_backend_and_empty_views_keep_existing_behavior PASSED [ 73%]
tests/test_event_store_functional_split.py::test_indexed_event_bounds_and_idempotency_prefix_preserve_facts PASSED [ 74%]
tests/test_event_store_functional_split.py::test_publish_batch_facade_delegates_complete_command PASSED [ 75%]
tests/test_event_store_functional_split.py::test_domain_validator_facade_hooks_delegate_without_new_snapshot PASSED [ 76%]
tests/test_event_store_functional_split.py::test_agent_loop_delegation_preserves_existing_callbacks PASSED [ 77%]
tests/test_event_store_functional_split.py::test_commit_uses_one_connection_and_preserves_validator_order PASSED [ 78%]
tests/test_event_store_functional_split.py::test_validator_failure_rolls_back_transaction_and_outbox PASSED [ 79%]
tests/test_event_store_functional_split.py::test_proposal_context_reuses_one_snapshot_local_visibility_cache PASSED [ 80%]
tests/test_event_store_functional_split.py::test_authoritative_domain_functions_are_real_owners PASSED [ 81%]
tests/test_event_store_functional_split.py::test_transaction_validation_context_has_snapshot_state_only PASSED [ 82%]
tests/test_event_store_functional_split.py::test_authoritative_coordinator_preserves_domain_and_event_order PASSED [ 83%]
tests/test_event_store_functional_split.py::test_extracted_domain_failure_rolls_back_commit PASSED [ 84%]
tests/test_invocation_functional_boundary.py::test_invocation_facade_preserves_type_identity_and_delegates PASSED [ 85%]
tests/test_invocation_functional_boundary.py::test_context_dto_decoders_delegate_without_changing_type_identity PASSED [ 86%]
tests/test_invocation_functional_boundary.py::test_terminal_facade_does_not_take_transaction_ownership PASSED [ 87%]
tests/test_invocation_functional_boundary.py::test_transaction_ownership_stays_in_functional_implementations PASSED [ 88%]
tests/test_invocation_functional_boundary.py::test_functional_modules_reject_dynamic_facade_global_loading PASSED [ 89%]
tests/test_operation_functional_split.py::test_operation_components_keep_transaction_ownership_with_callers PASSED [ 90%]
tests/test_registered_operation_recovery.py::test_resume_rejects_active_firing_without_completion_before_writer_bump PASSED [ 91%]
tests/test_registered_operation_recovery.py::test_registration_mismatch_fails_before_writer_and_correct_retry_recovers PASSED [ 92%]
tests/test_registered_operation_recovery.py::test_empty_writer_epoch_gap_does_not_strand_exact_completion PASSED [ 93%]
tests/test_registered_operation_recovery.py::test_later_writer_fact_invalidates_stale_completion PASSED [ 94%]
tests/test_registered_operation_recovery.py::test_stale_empty_interruption_requires_one_use_reopen_authorization PASSED [ 95%]
tests/test_registered_operation_recovery.py::test_nested_host_failure_is_not_a_parent_operation_terminal_conflict PASSED [ 96%]
tests/test_registered_operation_recovery.py::test_declared_host_effect_completion_fails_closed_before_writer PASSED [ 97%]
tests/test_registered_operation_recovery.py::test_exact_completion_recovers_once_without_executor_and_fences_old_writer PASSED [ 98%]
tests/test_registered_operation_recovery.py::test_completion_record_is_idempotent_and_rejects_changed_output_material PASSED [100%]

- generated xml file: /workspace/scratch/18c810e6dd59/rpnh-parent-child-core-implementation/evidence/final21.xml -
================= 99 passed, 3 deselected in 248.03s (0:04:08) =================
