{
  "python": "3.13.12 | packaged by conda-forge | (main, Feb  5 2026, 05:53:46) [GCC 14.3.0]",
  "executable": "<WORKSPACE>/.p26/v/bin/python",
  "cpn": "<WORKSPACE>/.t26/s/cpn/__init__.py",
  "dependencies": {
    "pytest": "8.4.2",
    "jsonschema": "4.26.0",
    "packaging": "26.3",
    "websockets": "15.0.1",
    "numpy": "2.4.3",
    "scipy": "1.17.1"
  },
  "native_unix": true,
  "pytest_env": {
    "PYTEST_ADDOPTS": null,
    "PYTEST_PLUGINS": null
  },
  "git": {
    "origin": "git@github.com:Deng-0119/RPNH.git",
    "head": "715468dab0b1bea07d7e94a7aa0606eaf194365c",
    "tree": "2e64ef41ac2bb55fdd98b68ef4d16309a2362d83",
    "status": "M cpn/rpnh/registry/run_authority.py\n M cpn/rpnh/task_control.py\n M docs/ARCHITECTURE.md\n M docs/ARCHITECTURE_ZH.md\n?? tests/test_task_control_registry_reads.py",
    "tracking": "715468dab0b1bea07d7e94a7aa0606eaf194365c refs/remotes/origin/main",
    "live_origin": "715468dab0b1bea07d7e94a7aa0606eaf194365c\trefs/heads/main"
  }
}
