F                                                                        [100%]
=================================== FAILURES ===================================
________________________ test_g5_coexistence[data-read] ________________________

tmp_path = PosixPath('<WORKSPACE>/.v26/unS1-a002-6/test_g5_coexistence_data_read_0')
mode = 'data-read'

    @pytest.mark.parametrize('mode', ['union', 'produce', 'data-read', 'control-read'])
    def test_g5_coexistence(tmp_path, mode):
        owner = (_world(tmp_path / 'r', variable_mode='produce' if mode == 'produce' else 'read')
                 if mode in ('union', 'produce') else lease_owner(tmp_path / 'r',
                    ordinary_read=True, control_read=mode == 'control-read'))
        before = current(owner)[2]
        leases = _fresh_leases(before)
        with Native(owner, 'g5-' + mode) as n:
            assert len(n.harness.schedule_ready()) == 1
            assert n.snapshot('live')['active'] == 1
            net, structure, marking = current(owner)
            local = TeamNetMarking.from_authority(structure, marking)
            install_active_module_claims(owner._core, local, net.net_ref)
            refs = local.claimed_operation_tokens('step.run', local.epoch)
            assert len({t.token_ref for t in refs}) == len(refs)
            if mode == 'union':
                assert len(refs) == 2  # carrier + deduplicated static/variable lease
            if mode.endswith('read'):
                assert n.harness.schedule_ready() == ()
            n.release(0)
            n.snapshot('settled')
            assert n.body_count == 1
            after = current(owner)[2]
            now = _fresh_leases(after)
            if mode == 'produce':
                assert now['step.static'] == leases['step.static']
                assert now['step.variable'].token_ref != leases['step.variable'].token_ref
                assert now['step.variable'].state.lease_identity_ref == leases['step.variable'].state.lease_identity_ref
                assert now['step.variable'].state.resource_ref is not None
            else:
>               assert now == leases
E               AssertionError: assert {'step.lease'...b96665': 1}))} == {'step.lease'...41d761': 1}))}
E                 
E                 Differing items:
E                 {'step.lease': PetriTokenAuthority(token_ref=VersionRef(entity_type='petri_token/v1', entity_id=TypedId(kind='petri_to...ion:e9ccfd80e98255d59fe4e2c50d41d761': 1, 'transition-firing:transition_firing:4081e67c8e3e577684a2c311fab96665': 1}))} != {'step.lease': PetriTokenAuthority(token_ref=VersionRef(entity_type='petri_token/v1', entity_id=TypedId(kind='petri_to...ion:transaction:e7559b52c7f750b88dbbba5e2a7ee8e3': 1, 'transaction:transaction:e9ccfd80e98255d59fe4e2c50d41d761': 1}))}
E                 Use -v to get more diff

../../task-complete-v5-20261009/stages/core/S1/native/a002/test_native_s1.py:317: AssertionError
- generated xml file: <WORKSPACE>/task-complete-v5-20261009/stages/core/S1/native/a002/g5-data-read.xml -
=========================== short test summary info ============================
FAILED ../../task-complete-v5-20261009/stages/core/S1/native/a002/test_native_s1.py::test_g5_coexistence[data-read]
1 failed in 6.99s
