F                                                                        [100%]
=================================== FAILURES ===================================
__________________________ test_g5_coexistence[union] __________________________

tmp_path = PosixPath('<WORKSPACE>/.v26/unS1-a002-4/test_g5_coexistence_union_0')
mode = 'union'

    @pytest.mark.parametrize('mode', ['union', 'produce', 'data-read', 'control-read'])
    def test_g5_coexistence(tmp_path, mode):
        owner = (_world(tmp_path / 'r', variable_mode='produce' if mode == 'produce' else 'read')
                 if mode in ('union', 'produce') else lease_owner(tmp_path / 'r',
                    ordinary_read=True, control_read=mode == 'control-read'))
        before = current(owner)[2]
        leases = _fresh_leases(before)
        with Native(owner, 'g5-' + mode) as n:
            assert len(n.harness.schedule_ready()) == 1
            assert n.snapshot('live')['active'] == 1
            net, structure, marking = current(owner)
            local = TeamNetMarking.from_authority(structure, marking)
            install_active_module_claims(owner._core, local, net.net_ref)
            refs = local.claimed_operation_tokens('step.run', local.epoch)
            assert len({t.token_ref for t in refs}) == len(refs)
            if mode == 'union':
                assert len(refs) == 2  # carrier + deduplicated static/variable lease
            if mode.endswith('read'):
                assert n.harness.schedule_ready() == ()
            n.release(0)
            n.snapshot('settled')
            assert n.body_count == 1
            after = current(owner)[2]
            now = _fresh_leases(after)
            if mode == 'produce':
                assert now['step.static'] == leases['step.static']
                assert now['step.variable'].token_ref != leases['step.variable'].token_ref
                assert now['step.variable'].state.lease_identity_ref == leases['step.variable'].state.lease_identity_ref
                assert now['step.variable'].state.resource_ref is not None
            else:
>               assert now == leases
E               AssertionError: assert {'step.static...7452d9': 1}))} == {'step.static...a60b72': 1}))}
E                 
E                 Differing items:
E                 {'step.static': PetriTokenAuthority(token_ref=VersionRef(entity_type='petri_token/v1', entity_id=TypedId(kind='petri_t...ing:61d080c80a5c5003bae55979a8a60b72': 1, 'transition-firing:transition_firing:71de9ab806ea5a5bbd242c22f37452d9': 1}))} != {'step.static': PetriTokenAuthority(token_ref=VersionRef(entity_type='petri_token/v1', entity_id=TypedId(kind='petri_t...ion:fd740d559f415f63b714b98438857fa7': 1, 'transition-firing:transition_firing:61d080c80a5c5003bae55979a8a60b72': 1}))}
E                 Use -v to get more diff

../../task-complete-v5-20261009/stages/core/S1/native/a002/test_native_s1.py:317: AssertionError
- generated xml file: <WORKSPACE>/task-complete-v5-20261009/stages/core/S1/native/a002/g5-union.xml -
=========================== short test summary info ============================
FAILED ../../task-complete-v5-20261009/stages/core/S1/native/a002/test_native_s1.py::test_g5_coexistence[union]
1 failed in 10.28s
