F                                                                        [100%]
=================================== FAILURES ===================================
________________________ test_g7_dynamic_drain_adoption ________________________

tmp_path = PosixPath('<WORKSPACE>/.v26/unS1-a002-9/test_g7_dynamic_drain_adoption0')

    def test_g7_dynamic_drain_adoption(tmp_path):
        from cpn.rpnh.compiler import compile_module
        from cpn.rpnh.petri_contracts import DeclarationError
        from cpn.rpnh.registry.publication import _version_from_payload
        # Independent compiler rejection is direct evidence, not native execution.
        module, registration = _world(tmp_path / 'unused', reset_lease=True)
        with pytest.raises(DeclarationError, match='Reset arc cannot retire'):
            compile_module(module, registration)
        owner = _world(tmp_path / 'r', same_pool=False)
        executable, structure, before = current(owner)
        leases = _fresh_leases(before)
        original_lower = owner.registration.resolve('component', 'interactions')
    
        def without_static(config, context):
            fragment = original_lower(config, context)
            return replace(fragment, arcs=tuple(a for a in fragment.arcs
                if not (a.place == 'static' and a.direction == 'input' and a.mode == 'read')))
    
        owner.registration.register_component('interactions_without_static', without_static,
            identity={'implementation_id': 'test.static_lease_interactions_without_static', 'revision': 'v1'},
            contracts={'config_schema': CONFIG_SCHEMA_ID})
        document = structure.compiled.source.to_dict()
        next(c for c in document['components'] if c['name'] == 'step')['key'] = 'interactions_without_static'
        candidate = ModuleDeclaration.from_dict(document)
        with Native(owner, 'g7') as n:
            assert len(n.harness.schedule_ready()) == 1
            plan = prepare_replacement(owner, candidate)
            result = n.host(lambda: apply_replacement(owner, plan, command_id='native:replace'))
            assert result['status'] == 'DRAINING'
            assert current(owner)[0].net_ref == executable.net_ref
            assert n.snapshot('draining')['active'] == 1
>           n.release(0)

../../task-complete-v5-20261009/stages/core/S1/native/a002/test_native_s1.py:398: 
_ _ _ _ _ _ _ _ _ _ _ _ _ _ _ _ _ _ _ _ _ _ _ _ _ _ _ _ _ _ _ _ _ _ _ _ _ _ _ _ 

self = <test_native_s1.Native object at 0x7730a236ef90>, index = 0

    def release(self, index, *, settle=True):
        callback, future = self.jobs[index]
        result = self.host(callback)
        if settle:
            future.set_result(result)
            self.loop.dispatch_ready(timeout=.1)
>           assert self.harness.result().completion_error is None
E           AssertionError: assert ResourceIntegrityFault('terminal product differs from exact published producing firing') is None
E            +  where ResourceIntegrityFault('terminal product differs from exact published producing firing') = HarnessResult(goal_reached=False, stop_reason='completion_failed', marking=TypedMarkingAuthority(checkpoint_ref=Versio...='89d63469a91155fda38592c228358bdb')),), budget_scope='module', finalization_scope=None),), terminal_evidence_ref=None).completion_error
E            +    where HarnessResult(goal_reached=False, stop_reason='completion_failed', marking=TypedMarkingAuthority(checkpoint_ref=Versio...='89d63469a91155fda38592c228358bdb')),), budget_scope='module', finalization_scope=None),), terminal_evidence_ref=None) = result()
E            +      where result = <cpn.rpnh.harness.Harness object at 0x77309f15b770>.result
E            +        where <cpn.rpnh.harness.Harness object at 0x77309f15b770> = <test_native_s1.Native object at 0x7730a236ef90>.harness

../../task-complete-v5-20261009/stages/core/S1/native/a002/test_native_s1.py:138: AssertionError
- generated xml file: <WORKSPACE>/task-complete-v5-20261009/stages/core/S1/native/a002/g7.xml -
=========================== short test summary info ============================
FAILED ../../task-complete-v5-20261009/stages/core/S1/native/a002/test_native_s1.py::test_g7_dynamic_drain_adoption
1 failed in 11.38s
