FFFFFFFFFFFFFFFFFFFFFFFFFFFFFFFFFFFFFF                                   [100%]
=================================== FAILURES ===================================
_________ test_exact_legacy_result_and_status_shapes[complete-answer] __________

tmp_path = PosixPath('<PYTEST_TEMP_ROOT>/pytest-30/test_exact_legacy_result_and_s0')
output = 'answer', outcome = 'complete'

    @pytest.mark.parametrize("output", ["answer", {"key": [1, None, True]}, [1, "two"], None])
    @pytest.mark.parametrize("outcome", ["complete", "failed"])
    def test_exact_legacy_result_and_status_shapes(tmp_path, output, outcome):
>       owner = owner_at(tmp_path / "run", outcome=outcome)
                ^^^^^^^^^^^^^^^^^^^^^^^^^^^^^^^^^^^^^^^^^^^

tests/test_task_control_registry_reads.py:135: 
_ _ _ _ _ _ _ _ _ _ _ _ _ _ _ _ _ _ _ _ _ _ _ _ _ _ _ _ _ _ _ _ _ _ _ _ _ _ _ _ 
tests/test_task_control_registry_reads.py:50: in owner_at
    registration.register_schema(PAYLOAD, {
_ _ _ _ _ _ _ _ _ _ _ _ _ _ _ _ _ _ _ _ _ _ _ _ _ _ _ _ _ _ _ _ _ _ _ _ _ _ _ _ 

self = <cpn.rpnh.registration.Registration object at 0x7f34cd2174a0>
schema_id = 'application/task-reader-test/v1'
schema = {'$id': 'application/task-reader-test/v1', '$schema': 'http://json-schema.org/draft-07/schema#'}

    def register_schema(self, schema_id: str, schema: Mapping[str, Any]) -> None:
        if isinstance(schema_id, str) and schema_id in PROTECTED_SCHEMA_REFS:
            raise RegistrationError("mechanical Registry/PN schemas are protected")
        if not isinstance(schema_id, str) or _SCHEMA_ID.fullmatch(schema_id) is None:
>           raise RegistrationError("schema id is not canonical")
E           cpn.rpnh.registration.RegistrationError: schema id is not canonical

cpn/rpnh/registration.py:86: RegistrationError
_________ test_exact_legacy_result_and_status_shapes[complete-output1] _________

tmp_path = PosixPath('<PYTEST_TEMP_ROOT>/pytest-30/test_exact_legacy_result_and_s1')
output = {'key': [1, None, True]}, outcome = 'complete'

    @pytest.mark.parametrize("output", ["answer", {"key": [1, None, True]}, [1, "two"], None])
    @pytest.mark.parametrize("outcome", ["complete", "failed"])
    def test_exact_legacy_result_and_status_shapes(tmp_path, output, outcome):
>       owner = owner_at(tmp_path / "run", outcome=outcome)
                ^^^^^^^^^^^^^^^^^^^^^^^^^^^^^^^^^^^^^^^^^^^

tests/test_task_control_registry_reads.py:135: 
_ _ _ _ _ _ _ _ _ _ _ _ _ _ _ _ _ _ _ _ _ _ _ _ _ _ _ _ _ _ _ _ _ _ _ _ _ _ _ _ 
tests/test_task_control_registry_reads.py:50: in owner_at
    registration.register_schema(PAYLOAD, {
_ _ _ _ _ _ _ _ _ _ _ _ _ _ _ _ _ _ _ _ _ _ _ _ _ _ _ _ _ _ _ _ _ _ _ _ _ _ _ _ 

self = <cpn.rpnh.registration.Registration object at 0x7f34ccebbad0>
schema_id = 'application/task-reader-test/v1'
schema = {'$id': 'application/task-reader-test/v1', '$schema': 'http://json-schema.org/draft-07/schema#'}

    def register_schema(self, schema_id: str, schema: Mapping[str, Any]) -> None:
        if isinstance(schema_id, str) and schema_id in PROTECTED_SCHEMA_REFS:
            raise RegistrationError("mechanical Registry/PN schemas are protected")
        if not isinstance(schema_id, str) or _SCHEMA_ID.fullmatch(schema_id) is None:
>           raise RegistrationError("schema id is not canonical")
E           cpn.rpnh.registration.RegistrationError: schema id is not canonical

cpn/rpnh/registration.py:86: RegistrationError
_________ test_exact_legacy_result_and_status_shapes[complete-output2] _________

tmp_path = PosixPath('<PYTEST_TEMP_ROOT>/pytest-30/test_exact_legacy_result_and_s2')
output = [1, 'two'], outcome = 'complete'

    @pytest.mark.parametrize("output", ["answer", {"key": [1, None, True]}, [1, "two"], None])
    @pytest.mark.parametrize("outcome", ["complete", "failed"])
    def test_exact_legacy_result_and_status_shapes(tmp_path, output, outcome):
>       owner = owner_at(tmp_path / "run", outcome=outcome)
                ^^^^^^^^^^^^^^^^^^^^^^^^^^^^^^^^^^^^^^^^^^^

tests/test_task_control_registry_reads.py:135: 
_ _ _ _ _ _ _ _ _ _ _ _ _ _ _ _ _ _ _ _ _ _ _ _ _ _ _ _ _ _ _ _ _ _ _ _ _ _ _ _ 
tests/test_task_control_registry_reads.py:50: in owner_at
    registration.register_schema(PAYLOAD, {
_ _ _ _ _ _ _ _ _ _ _ _ _ _ _ _ _ _ _ _ _ _ _ _ _ _ _ _ _ _ _ _ _ _ _ _ _ _ _ _ 

self = <cpn.rpnh.registration.Registration object at 0x7f34cceba000>
schema_id = 'application/task-reader-test/v1'
schema = {'$id': 'application/task-reader-test/v1', '$schema': 'http://json-schema.org/draft-07/schema#'}

    def register_schema(self, schema_id: str, schema: Mapping[str, Any]) -> None:
        if isinstance(schema_id, str) and schema_id in PROTECTED_SCHEMA_REFS:
            raise RegistrationError("mechanical Registry/PN schemas are protected")
        if not isinstance(schema_id, str) or _SCHEMA_ID.fullmatch(schema_id) is None:
>           raise RegistrationError("schema id is not canonical")
E           cpn.rpnh.registration.RegistrationError: schema id is not canonical

cpn/rpnh/registration.py:86: RegistrationError
__________ test_exact_legacy_result_and_status_shapes[complete-None] ___________

tmp_path = PosixPath('<PYTEST_TEMP_ROOT>/pytest-30/test_exact_legacy_result_and_s3')
output = None, outcome = 'complete'

    @pytest.mark.parametrize("output", ["answer", {"key": [1, None, True]}, [1, "two"], None])
    @pytest.mark.parametrize("outcome", ["complete", "failed"])
    def test_exact_legacy_result_and_status_shapes(tmp_path, output, outcome):
>       owner = owner_at(tmp_path / "run", outcome=outcome)
                ^^^^^^^^^^^^^^^^^^^^^^^^^^^^^^^^^^^^^^^^^^^

tests/test_task_control_registry_reads.py:135: 
_ _ _ _ _ _ _ _ _ _ _ _ _ _ _ _ _ _ _ _ _ _ _ _ _ _ _ _ _ _ _ _ _ _ _ _ _ _ _ _ 
tests/test_task_control_registry_reads.py:50: in owner_at
    registration.register_schema(PAYLOAD, {
_ _ _ _ _ _ _ _ _ _ _ _ _ _ _ _ _ _ _ _ _ _ _ _ _ _ _ _ _ _ _ _ _ _ _ _ _ _ _ _ 

self = <cpn.rpnh.registration.Registration object at 0x7f34ccebb770>
schema_id = 'application/task-reader-test/v1'
schema = {'$id': 'application/task-reader-test/v1', '$schema': 'http://json-schema.org/draft-07/schema#'}

    def register_schema(self, schema_id: str, schema: Mapping[str, Any]) -> None:
        if isinstance(schema_id, str) and schema_id in PROTECTED_SCHEMA_REFS:
            raise RegistrationError("mechanical Registry/PN schemas are protected")
        if not isinstance(schema_id, str) or _SCHEMA_ID.fullmatch(schema_id) is None:
>           raise RegistrationError("schema id is not canonical")
E           cpn.rpnh.registration.RegistrationError: schema id is not canonical

cpn/rpnh/registration.py:86: RegistrationError
__________ test_exact_legacy_result_and_status_shapes[failed-answer] ___________

tmp_path = PosixPath('<PYTEST_TEMP_ROOT>/pytest-30/test_exact_legacy_result_and_s4')
output = 'answer', outcome = 'failed'

    @pytest.mark.parametrize("output", ["answer", {"key": [1, None, True]}, [1, "two"], None])
    @pytest.mark.parametrize("outcome", ["complete", "failed"])
    def test_exact_legacy_result_and_status_shapes(tmp_path, output, outcome):
>       owner = owner_at(tmp_path / "run", outcome=outcome)
                ^^^^^^^^^^^^^^^^^^^^^^^^^^^^^^^^^^^^^^^^^^^

tests/test_task_control_registry_reads.py:135: 
_ _ _ _ _ _ _ _ _ _ _ _ _ _ _ _ _ _ _ _ _ _ _ _ _ _ _ _ _ _ _ _ _ _ _ _ _ _ _ _ 
tests/test_task_control_registry_reads.py:50: in owner_at
    registration.register_schema(PAYLOAD, {
_ _ _ _ _ _ _ _ _ _ _ _ _ _ _ _ _ _ _ _ _ _ _ _ _ _ _ _ _ _ _ _ _ _ _ _ _ _ _ _ 

self = <cpn.rpnh.registration.Registration object at 0x7f34ccf32f30>
schema_id = 'application/task-reader-test/v1'
schema = {'$id': 'application/task-reader-test/v1', '$schema': 'http://json-schema.org/draft-07/schema#'}

    def register_schema(self, schema_id: str, schema: Mapping[str, Any]) -> None:
        if isinstance(schema_id, str) and schema_id in PROTECTED_SCHEMA_REFS:
            raise RegistrationError("mechanical Registry/PN schemas are protected")
        if not isinstance(schema_id, str) or _SCHEMA_ID.fullmatch(schema_id) is None:
>           raise RegistrationError("schema id is not canonical")
E           cpn.rpnh.registration.RegistrationError: schema id is not canonical

cpn/rpnh/registration.py:86: RegistrationError
__________ test_exact_legacy_result_and_status_shapes[failed-output1] __________

tmp_path = PosixPath('<PYTEST_TEMP_ROOT>/pytest-30/test_exact_legacy_result_and_s5')
output = {'key': [1, None, True]}, outcome = 'failed'

    @pytest.mark.parametrize("output", ["answer", {"key": [1, None, True]}, [1, "two"], None])
    @pytest.mark.parametrize("outcome", ["complete", "failed"])
    def test_exact_legacy_result_and_status_shapes(tmp_path, output, outcome):
>       owner = owner_at(tmp_path / "run", outcome=outcome)
                ^^^^^^^^^^^^^^^^^^^^^^^^^^^^^^^^^^^^^^^^^^^

tests/test_task_control_registry_reads.py:135: 
_ _ _ _ _ _ _ _ _ _ _ _ _ _ _ _ _ _ _ _ _ _ _ _ _ _ _ _ _ _ _ _ _ _ _ _ _ _ _ _ 
tests/test_task_control_registry_reads.py:50: in owner_at
    registration.register_schema(PAYLOAD, {
_ _ _ _ _ _ _ _ _ _ _ _ _ _ _ _ _ _ _ _ _ _ _ _ _ _ _ _ _ _ _ _ _ _ _ _ _ _ _ _ 

self = <cpn.rpnh.registration.Registration object at 0x7f34ccf33bf0>
schema_id = 'application/task-reader-test/v1'
schema = {'$id': 'application/task-reader-test/v1', '$schema': 'http://json-schema.org/draft-07/schema#'}

    def register_schema(self, schema_id: str, schema: Mapping[str, Any]) -> None:
        if isinstance(schema_id, str) and schema_id in PROTECTED_SCHEMA_REFS:
            raise RegistrationError("mechanical Registry/PN schemas are protected")
        if not isinstance(schema_id, str) or _SCHEMA_ID.fullmatch(schema_id) is None:
>           raise RegistrationError("schema id is not canonical")
E           cpn.rpnh.registration.RegistrationError: schema id is not canonical

cpn/rpnh/registration.py:86: RegistrationError
__________ test_exact_legacy_result_and_status_shapes[failed-output2] __________

tmp_path = PosixPath('<PYTEST_TEMP_ROOT>/pytest-30/test_exact_legacy_result_and_s6')
output = [1, 'two'], outcome = 'failed'

    @pytest.mark.parametrize("output", ["answer", {"key": [1, None, True]}, [1, "two"], None])
    @pytest.mark.parametrize("outcome", ["complete", "failed"])
    def test_exact_legacy_result_and_status_shapes(tmp_path, output, outcome):
>       owner = owner_at(tmp_path / "run", outcome=outcome)
                ^^^^^^^^^^^^^^^^^^^^^^^^^^^^^^^^^^^^^^^^^^^

tests/test_task_control_registry_reads.py:135: 
_ _ _ _ _ _ _ _ _ _ _ _ _ _ _ _ _ _ _ _ _ _ _ _ _ _ _ _ _ _ _ _ _ _ _ _ _ _ _ _ 
tests/test_task_control_registry_reads.py:50: in owner_at
    registration.register_schema(PAYLOAD, {
_ _ _ _ _ _ _ _ _ _ _ _ _ _ _ _ _ _ _ _ _ _ _ _ _ _ _ _ _ _ _ _ _ _ _ _ _ _ _ _ 

self = <cpn.rpnh.registration.Registration object at 0x7f34ccf31a60>
schema_id = 'application/task-reader-test/v1'
schema = {'$id': 'application/task-reader-test/v1', '$schema': 'http://json-schema.org/draft-07/schema#'}

    def register_schema(self, schema_id: str, schema: Mapping[str, Any]) -> None:
        if isinstance(schema_id, str) and schema_id in PROTECTED_SCHEMA_REFS:
            raise RegistrationError("mechanical Registry/PN schemas are protected")
        if not isinstance(schema_id, str) or _SCHEMA_ID.fullmatch(schema_id) is None:
>           raise RegistrationError("schema id is not canonical")
E           cpn.rpnh.registration.RegistrationError: schema id is not canonical

cpn/rpnh/registration.py:86: RegistrationError
___________ test_exact_legacy_result_and_status_shapes[failed-None] ____________

tmp_path = PosixPath('<PYTEST_TEMP_ROOT>/pytest-30/test_exact_legacy_result_and_s7')
output = None, outcome = 'failed'

    @pytest.mark.parametrize("output", ["answer", {"key": [1, None, True]}, [1, "two"], None])
    @pytest.mark.parametrize("outcome", ["complete", "failed"])
    def test_exact_legacy_result_and_status_shapes(tmp_path, output, outcome):
>       owner = owner_at(tmp_path / "run", outcome=outcome)
                ^^^^^^^^^^^^^^^^^^^^^^^^^^^^^^^^^^^^^^^^^^^

tests/test_task_control_registry_reads.py:135: 
_ _ _ _ _ _ _ _ _ _ _ _ _ _ _ _ _ _ _ _ _ _ _ _ _ _ _ _ _ _ _ _ _ _ _ _ _ _ _ _ 
tests/test_task_control_registry_reads.py:50: in owner_at
    registration.register_schema(PAYLOAD, {
_ _ _ _ _ _ _ _ _ _ _ _ _ _ _ _ _ _ _ _ _ _ _ _ _ _ _ _ _ _ _ _ _ _ _ _ _ _ _ _ 

self = <cpn.rpnh.registration.Registration object at 0x7f34ccf329f0>
schema_id = 'application/task-reader-test/v1'
schema = {'$id': 'application/task-reader-test/v1', '$schema': 'http://json-schema.org/draft-07/schema#'}

    def register_schema(self, schema_id: str, schema: Mapping[str, Any]) -> None:
        if isinstance(schema_id, str) and schema_id in PROTECTED_SCHEMA_REFS:
            raise RegistrationError("mechanical Registry/PN schemas are protected")
        if not isinstance(schema_id, str) or _SCHEMA_ID.fullmatch(schema_id) is None:
>           raise RegistrationError("schema id is not canonical")
E           cpn.rpnh.registration.RegistrationError: schema id is not canonical

cpn/rpnh/registration.py:86: RegistrationError
_ test_current_generation_never_falls_back_and_counts_remain_historical[running] _

tmp_path = PosixPath('<PYTEST_TEMP_ROOT>/pytest-30/test_current_generation_never_0')
state = 'running'

    @pytest.mark.parametrize("state", ["running", "stopped_by_owner", "terminal"])
    def test_current_generation_never_falls_back_and_counts_remain_historical(tmp_path, state):
>       owner = owner_at(tmp_path / "run")
                ^^^^^^^^^^^^^^^^^^^^^^^^^^

tests/test_task_control_registry_reads.py:156: 
_ _ _ _ _ _ _ _ _ _ _ _ _ _ _ _ _ _ _ _ _ _ _ _ _ _ _ _ _ _ _ _ _ _ _ _ _ _ _ _ 
tests/test_task_control_registry_reads.py:50: in owner_at
    registration.register_schema(PAYLOAD, {
_ _ _ _ _ _ _ _ _ _ _ _ _ _ _ _ _ _ _ _ _ _ _ _ _ _ _ _ _ _ _ _ _ _ _ _ _ _ _ _ 

self = <cpn.rpnh.registration.Registration object at 0x7f34ccebba10>
schema_id = 'application/task-reader-test/v1'
schema = {'$id': 'application/task-reader-test/v1', '$schema': 'http://json-schema.org/draft-07/schema#'}

    def register_schema(self, schema_id: str, schema: Mapping[str, Any]) -> None:
        if isinstance(schema_id, str) and schema_id in PROTECTED_SCHEMA_REFS:
            raise RegistrationError("mechanical Registry/PN schemas are protected")
        if not isinstance(schema_id, str) or _SCHEMA_ID.fullmatch(schema_id) is None:
>           raise RegistrationError("schema id is not canonical")
E           cpn.rpnh.registration.RegistrationError: schema id is not canonical

cpn/rpnh/registration.py:86: RegistrationError
_ test_current_generation_never_falls_back_and_counts_remain_historical[stopped_by_owner] _

tmp_path = PosixPath('<PYTEST_TEMP_ROOT>/pytest-30/test_current_generation_never_1')
state = 'stopped_by_owner'

    @pytest.mark.parametrize("state", ["running", "stopped_by_owner", "terminal"])
    def test_current_generation_never_falls_back_and_counts_remain_historical(tmp_path, state):
>       owner = owner_at(tmp_path / "run")
                ^^^^^^^^^^^^^^^^^^^^^^^^^^

tests/test_task_control_registry_reads.py:156: 
_ _ _ _ _ _ _ _ _ _ _ _ _ _ _ _ _ _ _ _ _ _ _ _ _ _ _ _ _ _ _ _ _ _ _ _ _ _ _ _ 
tests/test_task_control_registry_reads.py:50: in owner_at
    registration.register_schema(PAYLOAD, {
_ _ _ _ _ _ _ _ _ _ _ _ _ _ _ _ _ _ _ _ _ _ _ _ _ _ _ _ _ _ _ _ _ _ _ _ _ _ _ _ 

self = <cpn.rpnh.registration.Registration object at 0x7f34ccf31af0>
schema_id = 'application/task-reader-test/v1'
schema = {'$id': 'application/task-reader-test/v1', '$schema': 'http://json-schema.org/draft-07/schema#'}

    def register_schema(self, schema_id: str, schema: Mapping[str, Any]) -> None:
        if isinstance(schema_id, str) and schema_id in PROTECTED_SCHEMA_REFS:
            raise RegistrationError("mechanical Registry/PN schemas are protected")
        if not isinstance(schema_id, str) or _SCHEMA_ID.fullmatch(schema_id) is None:
>           raise RegistrationError("schema id is not canonical")
E           cpn.rpnh.registration.RegistrationError: schema id is not canonical

cpn/rpnh/registration.py:86: RegistrationError
_ test_current_generation_never_falls_back_and_counts_remain_historical[terminal] _

tmp_path = PosixPath('<PYTEST_TEMP_ROOT>/pytest-30/test_current_generation_never_2')
state = 'terminal'

    @pytest.mark.parametrize("state", ["running", "stopped_by_owner", "terminal"])
    def test_current_generation_never_falls_back_and_counts_remain_historical(tmp_path, state):
>       owner = owner_at(tmp_path / "run")
                ^^^^^^^^^^^^^^^^^^^^^^^^^^

tests/test_task_control_registry_reads.py:156: 
_ _ _ _ _ _ _ _ _ _ _ _ _ _ _ _ _ _ _ _ _ _ _ _ _ _ _ _ _ _ _ _ _ _ _ _ _ _ _ _ 
tests/test_task_control_registry_reads.py:50: in owner_at
    registration.register_schema(PAYLOAD, {
_ _ _ _ _ _ _ _ _ _ _ _ _ _ _ _ _ _ _ _ _ _ _ _ _ _ _ _ _ _ _ _ _ _ _ _ _ _ _ _ 

self = <cpn.rpnh.registration.Registration object at 0x7f34ccf30a70>
schema_id = 'application/task-reader-test/v1'
schema = {'$id': 'application/task-reader-test/v1', '$schema': 'http://json-schema.org/draft-07/schema#'}

    def register_schema(self, schema_id: str, schema: Mapping[str, Any]) -> None:
        if isinstance(schema_id, str) and schema_id in PROTECTED_SCHEMA_REFS:
            raise RegistrationError("mechanical Registry/PN schemas are protected")
        if not isinstance(schema_id, str) or _SCHEMA_ID.fullmatch(schema_id) is None:
>           raise RegistrationError("schema id is not canonical")
E           cpn.rpnh.registration.RegistrationError: schema id is not canonical

cpn/rpnh/registration.py:86: RegistrationError
_ test_consumer_reuses_native_read_and_rechecks_same_cut_after_counts[result] __

tmp_path = PosixPath('<PYTEST_TEMP_ROOT>/pytest-30/test_consumer_reuses_native_re0')
monkeypatch = <_pytest.monkeypatch.MonkeyPatch object at 0x7f34ccf0ac60>
kind = 'result'

    @pytest.mark.parametrize("kind", ["result", "status"])
    def test_consumer_reuses_native_read_and_rechecks_same_cut_after_counts(tmp_path, monkeypatch, kind):
>       owner = owner_at(tmp_path / "run"); finish(owner)
                ^^^^^^^^^^^^^^^^^^^^^^^^^^

tests/test_task_control_registry_reads.py:180: 
_ _ _ _ _ _ _ _ _ _ _ _ _ _ _ _ _ _ _ _ _ _ _ _ _ _ _ _ _ _ _ _ _ _ _ _ _ _ _ _ 
tests/test_task_control_registry_reads.py:50: in owner_at
    registration.register_schema(PAYLOAD, {
_ _ _ _ _ _ _ _ _ _ _ _ _ _ _ _ _ _ _ _ _ _ _ _ _ _ _ _ _ _ _ _ _ _ _ _ _ _ _ _ 

self = <cpn.rpnh.registration.Registration object at 0x7f34ccf0acf0>
schema_id = 'application/task-reader-test/v1'
schema = {'$id': 'application/task-reader-test/v1', '$schema': 'http://json-schema.org/draft-07/schema#'}

    def register_schema(self, schema_id: str, schema: Mapping[str, Any]) -> None:
        if isinstance(schema_id, str) and schema_id in PROTECTED_SCHEMA_REFS:
            raise RegistrationError("mechanical Registry/PN schemas are protected")
        if not isinstance(schema_id, str) or _SCHEMA_ID.fullmatch(schema_id) is None:
>           raise RegistrationError("schema id is not canonical")
E           cpn.rpnh.registration.RegistrationError: schema id is not canonical

cpn/rpnh/registration.py:86: RegistrationError
_ test_consumer_reuses_native_read_and_rechecks_same_cut_after_counts[status] __

tmp_path = PosixPath('<PYTEST_TEMP_ROOT>/pytest-30/test_consumer_reuses_native_re1')
monkeypatch = <_pytest.monkeypatch.MonkeyPatch object at 0x7f34ccf0ba70>
kind = 'status'

    @pytest.mark.parametrize("kind", ["result", "status"])
    def test_consumer_reuses_native_read_and_rechecks_same_cut_after_counts(tmp_path, monkeypatch, kind):
>       owner = owner_at(tmp_path / "run"); finish(owner)
                ^^^^^^^^^^^^^^^^^^^^^^^^^^

tests/test_task_control_registry_reads.py:180: 
_ _ _ _ _ _ _ _ _ _ _ _ _ _ _ _ _ _ _ _ _ _ _ _ _ _ _ _ _ _ _ _ _ _ _ _ _ _ _ _ 
tests/test_task_control_registry_reads.py:50: in owner_at
    registration.register_schema(PAYLOAD, {
_ _ _ _ _ _ _ _ _ _ _ _ _ _ _ _ _ _ _ _ _ _ _ _ _ _ _ _ _ _ _ _ _ _ _ _ _ _ _ _ 

self = <cpn.rpnh.registration.Registration object at 0x7f34ccf0bbf0>
schema_id = 'application/task-reader-test/v1'
schema = {'$id': 'application/task-reader-test/v1', '$schema': 'http://json-schema.org/draft-07/schema#'}

    def register_schema(self, schema_id: str, schema: Mapping[str, Any]) -> None:
        if isinstance(schema_id, str) and schema_id in PROTECTED_SCHEMA_REFS:
            raise RegistrationError("mechanical Registry/PN schemas are protected")
        if not isinstance(schema_id, str) or _SCHEMA_ID.fullmatch(schema_id) is None:
>           raise RegistrationError("schema id is not canonical")
E           cpn.rpnh.registration.RegistrationError: schema id is not canonical

cpn/rpnh/registration.py:86: RegistrationError
______ test_reads_do_not_open_writers_change_head_or_object_bytes[result] ______

tmp_path = PosixPath('<PYTEST_TEMP_ROOT>/pytest-30/test_reads_do_not_open_writers0')
kind = 'result'

    @pytest.mark.parametrize("kind", ["result", "status"])
    def test_reads_do_not_open_writers_change_head_or_object_bytes(tmp_path, kind):
>       owner = owner_at(tmp_path / "run"); finish(owner)
                ^^^^^^^^^^^^^^^^^^^^^^^^^^

tests/test_task_control_registry_reads.py:214: 
_ _ _ _ _ _ _ _ _ _ _ _ _ _ _ _ _ _ _ _ _ _ _ _ _ _ _ _ _ _ _ _ _ _ _ _ _ _ _ _ 
tests/test_task_control_registry_reads.py:50: in owner_at
    registration.register_schema(PAYLOAD, {
_ _ _ _ _ _ _ _ _ _ _ _ _ _ _ _ _ _ _ _ _ _ _ _ _ _ _ _ _ _ _ _ _ _ _ _ _ _ _ _ 

self = <cpn.rpnh.registration.Registration object at 0x7f34ccf09460>
schema_id = 'application/task-reader-test/v1'
schema = {'$id': 'application/task-reader-test/v1', '$schema': 'http://json-schema.org/draft-07/schema#'}

    def register_schema(self, schema_id: str, schema: Mapping[str, Any]) -> None:
        if isinstance(schema_id, str) and schema_id in PROTECTED_SCHEMA_REFS:
            raise RegistrationError("mechanical Registry/PN schemas are protected")
        if not isinstance(schema_id, str) or _SCHEMA_ID.fullmatch(schema_id) is None:
>           raise RegistrationError("schema id is not canonical")
E           cpn.rpnh.registration.RegistrationError: schema id is not canonical

cpn/rpnh/registration.py:86: RegistrationError
______ test_reads_do_not_open_writers_change_head_or_object_bytes[status] ______

tmp_path = PosixPath('<PYTEST_TEMP_ROOT>/pytest-30/test_reads_do_not_open_writers1')
kind = 'status'

    @pytest.mark.parametrize("kind", ["result", "status"])
    def test_reads_do_not_open_writers_change_head_or_object_bytes(tmp_path, kind):
>       owner = owner_at(tmp_path / "run"); finish(owner)
                ^^^^^^^^^^^^^^^^^^^^^^^^^^

tests/test_task_control_registry_reads.py:214: 
_ _ _ _ _ _ _ _ _ _ _ _ _ _ _ _ _ _ _ _ _ _ _ _ _ _ _ _ _ _ _ _ _ _ _ _ _ _ _ _ 
tests/test_task_control_registry_reads.py:50: in owner_at
    registration.register_schema(PAYLOAD, {
_ _ _ _ _ _ _ _ _ _ _ _ _ _ _ _ _ _ _ _ _ _ _ _ _ _ _ _ _ _ _ _ _ _ _ _ _ _ _ _ 

self = <cpn.rpnh.registration.Registration object at 0x7f34ccf30b30>
schema_id = 'application/task-reader-test/v1'
schema = {'$id': 'application/task-reader-test/v1', '$schema': 'http://json-schema.org/draft-07/schema#'}

    def register_schema(self, schema_id: str, schema: Mapping[str, Any]) -> None:
        if isinstance(schema_id, str) and schema_id in PROTECTED_SCHEMA_REFS:
            raise RegistrationError("mechanical Registry/PN schemas are protected")
        if not isinstance(schema_id, str) or _SCHEMA_ID.fullmatch(schema_id) is None:
>           raise RegistrationError("schema id is not canonical")
E           cpn.rpnh.registration.RegistrationError: schema id is not canonical

cpn/rpnh/registration.py:86: RegistrationError
__________ test_counts_race_is_rejected_before_delivery[head-result] ___________

tmp_path = PosixPath('<PYTEST_TEMP_ROOT>/pytest-30/test_counts_race_is_rejected_b0')
monkeypatch = <_pytest.monkeypatch.MonkeyPatch object at 0x7f34ccebb6e0>
kind = 'result', change = 'head'

    @pytest.mark.parametrize("kind", ["result", "status"])
    @pytest.mark.parametrize("change", ["head", "epoch", "run_pointer"])
    def test_counts_race_is_rejected_before_delivery(tmp_path, monkeypatch, kind, change):
>       owner = owner_at(tmp_path / "run"); finish(owner)
                ^^^^^^^^^^^^^^^^^^^^^^^^^^

tests/test_task_control_registry_reads.py:234: 
_ _ _ _ _ _ _ _ _ _ _ _ _ _ _ _ _ _ _ _ _ _ _ _ _ _ _ _ _ _ _ _ _ _ _ _ _ _ _ _ 
tests/test_task_control_registry_reads.py:50: in owner_at
    registration.register_schema(PAYLOAD, {
_ _ _ _ _ _ _ _ _ _ _ _ _ _ _ _ _ _ _ _ _ _ _ _ _ _ _ _ _ _ _ _ _ _ _ _ _ _ _ _ 

self = <cpn.rpnh.registration.Registration object at 0x7f34ccebb830>
schema_id = 'application/task-reader-test/v1'
schema = {'$id': 'application/task-reader-test/v1', '$schema': 'http://json-schema.org/draft-07/schema#'}

    def register_schema(self, schema_id: str, schema: Mapping[str, Any]) -> None:
        if isinstance(schema_id, str) and schema_id in PROTECTED_SCHEMA_REFS:
            raise RegistrationError("mechanical Registry/PN schemas are protected")
        if not isinstance(schema_id, str) or _SCHEMA_ID.fullmatch(schema_id) is None:
>           raise RegistrationError("schema id is not canonical")
E           cpn.rpnh.registration.RegistrationError: schema id is not canonical

cpn/rpnh/registration.py:86: RegistrationError
__________ test_counts_race_is_rejected_before_delivery[head-status] ___________

tmp_path = PosixPath('<PYTEST_TEMP_ROOT>/pytest-30/test_counts_race_is_rejected_b1')
monkeypatch = <_pytest.monkeypatch.MonkeyPatch object at 0x7f34ccf31cd0>
kind = 'status', change = 'head'

    @pytest.mark.parametrize("kind", ["result", "status"])
    @pytest.mark.parametrize("change", ["head", "epoch", "run_pointer"])
    def test_counts_race_is_rejected_before_delivery(tmp_path, monkeypatch, kind, change):
>       owner = owner_at(tmp_path / "run"); finish(owner)
                ^^^^^^^^^^^^^^^^^^^^^^^^^^

tests/test_task_control_registry_reads.py:234: 
_ _ _ _ _ _ _ _ _ _ _ _ _ _ _ _ _ _ _ _ _ _ _ _ _ _ _ _ _ _ _ _ _ _ _ _ _ _ _ _ 
tests/test_task_control_registry_reads.py:50: in owner_at
    registration.register_schema(PAYLOAD, {
_ _ _ _ _ _ _ _ _ _ _ _ _ _ _ _ _ _ _ _ _ _ _ _ _ _ _ _ _ _ _ _ _ _ _ _ _ _ _ _ 

self = <cpn.rpnh.registration.Registration object at 0x7f34ccf09940>
schema_id = 'application/task-reader-test/v1'
schema = {'$id': 'application/task-reader-test/v1', '$schema': 'http://json-schema.org/draft-07/schema#'}

    def register_schema(self, schema_id: str, schema: Mapping[str, Any]) -> None:
        if isinstance(schema_id, str) and schema_id in PROTECTED_SCHEMA_REFS:
            raise RegistrationError("mechanical Registry/PN schemas are protected")
        if not isinstance(schema_id, str) or _SCHEMA_ID.fullmatch(schema_id) is None:
>           raise RegistrationError("schema id is not canonical")
E           cpn.rpnh.registration.RegistrationError: schema id is not canonical

cpn/rpnh/registration.py:86: RegistrationError
__________ test_counts_race_is_rejected_before_delivery[epoch-result] __________

tmp_path = PosixPath('<PYTEST_TEMP_ROOT>/pytest-30/test_counts_race_is_rejected_b2')
monkeypatch = <_pytest.monkeypatch.MonkeyPatch object at 0x7f34ccf0b200>
kind = 'result', change = 'epoch'

    @pytest.mark.parametrize("kind", ["result", "status"])
    @pytest.mark.parametrize("change", ["head", "epoch", "run_pointer"])
    def test_counts_race_is_rejected_before_delivery(tmp_path, monkeypatch, kind, change):
>       owner = owner_at(tmp_path / "run"); finish(owner)
                ^^^^^^^^^^^^^^^^^^^^^^^^^^

tests/test_task_control_registry_reads.py:234: 
_ _ _ _ _ _ _ _ _ _ _ _ _ _ _ _ _ _ _ _ _ _ _ _ _ _ _ _ _ _ _ _ _ _ _ _ _ _ _ _ 
tests/test_task_control_registry_reads.py:50: in owner_at
    registration.register_schema(PAYLOAD, {
_ _ _ _ _ _ _ _ _ _ _ _ _ _ _ _ _ _ _ _ _ _ _ _ _ _ _ _ _ _ _ _ _ _ _ _ _ _ _ _ 

self = <cpn.rpnh.registration.Registration object at 0x7f34ccf0b770>
schema_id = 'application/task-reader-test/v1'
schema = {'$id': 'application/task-reader-test/v1', '$schema': 'http://json-schema.org/draft-07/schema#'}

    def register_schema(self, schema_id: str, schema: Mapping[str, Any]) -> None:
        if isinstance(schema_id, str) and schema_id in PROTECTED_SCHEMA_REFS:
            raise RegistrationError("mechanical Registry/PN schemas are protected")
        if not isinstance(schema_id, str) or _SCHEMA_ID.fullmatch(schema_id) is None:
>           raise RegistrationError("schema id is not canonical")
E           cpn.rpnh.registration.RegistrationError: schema id is not canonical

cpn/rpnh/registration.py:86: RegistrationError
__________ test_counts_race_is_rejected_before_delivery[epoch-status] __________

tmp_path = PosixPath('<PYTEST_TEMP_ROOT>/pytest-30/test_counts_race_is_rejected_b3')
monkeypatch = <_pytest.monkeypatch.MonkeyPatch object at 0x7f34ccf20320>
kind = 'status', change = 'epoch'

    @pytest.mark.parametrize("kind", ["result", "status"])
    @pytest.mark.parametrize("change", ["head", "epoch", "run_pointer"])
    def test_counts_race_is_rejected_before_delivery(tmp_path, monkeypatch, kind, change):
>       owner = owner_at(tmp_path / "run"); finish(owner)
                ^^^^^^^^^^^^^^^^^^^^^^^^^^

tests/test_task_control_registry_reads.py:234: 
_ _ _ _ _ _ _ _ _ _ _ _ _ _ _ _ _ _ _ _ _ _ _ _ _ _ _ _ _ _ _ _ _ _ _ _ _ _ _ _ 
tests/test_task_control_registry_reads.py:50: in owner_at
    registration.register_schema(PAYLOAD, {
_ _ _ _ _ _ _ _ _ _ _ _ _ _ _ _ _ _ _ _ _ _ _ _ _ _ _ _ _ _ _ _ _ _ _ _ _ _ _ _ 

self = <cpn.rpnh.registration.Registration object at 0x7f34ccf20410>
schema_id = 'application/task-reader-test/v1'
schema = {'$id': 'application/task-reader-test/v1', '$schema': 'http://json-schema.org/draft-07/schema#'}

    def register_schema(self, schema_id: str, schema: Mapping[str, Any]) -> None:
        if isinstance(schema_id, str) and schema_id in PROTECTED_SCHEMA_REFS:
            raise RegistrationError("mechanical Registry/PN schemas are protected")
        if not isinstance(schema_id, str) or _SCHEMA_ID.fullmatch(schema_id) is None:
>           raise RegistrationError("schema id is not canonical")
E           cpn.rpnh.registration.RegistrationError: schema id is not canonical

cpn/rpnh/registration.py:86: RegistrationError
_______ test_counts_race_is_rejected_before_delivery[run_pointer-result] _______

tmp_path = PosixPath('<PYTEST_TEMP_ROOT>/pytest-30/test_counts_race_is_rejected_b4')
monkeypatch = <_pytest.monkeypatch.MonkeyPatch object at 0x7f34ccf237a0>
kind = 'result', change = 'run_pointer'

    @pytest.mark.parametrize("kind", ["result", "status"])
    @pytest.mark.parametrize("change", ["head", "epoch", "run_pointer"])
    def test_counts_race_is_rejected_before_delivery(tmp_path, monkeypatch, kind, change):
>       owner = owner_at(tmp_path / "run"); finish(owner)
                ^^^^^^^^^^^^^^^^^^^^^^^^^^

tests/test_task_control_registry_reads.py:234: 
_ _ _ _ _ _ _ _ _ _ _ _ _ _ _ _ _ _ _ _ _ _ _ _ _ _ _ _ _ _ _ _ _ _ _ _ _ _ _ _ 
tests/test_task_control_registry_reads.py:50: in owner_at
    registration.register_schema(PAYLOAD, {
_ _ _ _ _ _ _ _ _ _ _ _ _ _ _ _ _ _ _ _ _ _ _ _ _ _ _ _ _ _ _ _ _ _ _ _ _ _ _ _ 

self = <cpn.rpnh.registration.Registration object at 0x7f34ccf23aa0>
schema_id = 'application/task-reader-test/v1'
schema = {'$id': 'application/task-reader-test/v1', '$schema': 'http://json-schema.org/draft-07/schema#'}

    def register_schema(self, schema_id: str, schema: Mapping[str, Any]) -> None:
        if isinstance(schema_id, str) and schema_id in PROTECTED_SCHEMA_REFS:
            raise RegistrationError("mechanical Registry/PN schemas are protected")
        if not isinstance(schema_id, str) or _SCHEMA_ID.fullmatch(schema_id) is None:
>           raise RegistrationError("schema id is not canonical")
E           cpn.rpnh.registration.RegistrationError: schema id is not canonical

cpn/rpnh/registration.py:86: RegistrationError
_______ test_counts_race_is_rejected_before_delivery[run_pointer-status] _______

tmp_path = PosixPath('<PYTEST_TEMP_ROOT>/pytest-30/test_counts_race_is_rejected_b5')
monkeypatch = <_pytest.monkeypatch.MonkeyPatch object at 0x7f34ccf0a0f0>
kind = 'status', change = 'run_pointer'

    @pytest.mark.parametrize("kind", ["result", "status"])
    @pytest.mark.parametrize("change", ["head", "epoch", "run_pointer"])
    def test_counts_race_is_rejected_before_delivery(tmp_path, monkeypatch, kind, change):
>       owner = owner_at(tmp_path / "run"); finish(owner)
                ^^^^^^^^^^^^^^^^^^^^^^^^^^

tests/test_task_control_registry_reads.py:234: 
_ _ _ _ _ _ _ _ _ _ _ _ _ _ _ _ _ _ _ _ _ _ _ _ _ _ _ _ _ _ _ _ _ _ _ _ _ _ _ _ 
tests/test_task_control_registry_reads.py:50: in owner_at
    registration.register_schema(PAYLOAD, {
_ _ _ _ _ _ _ _ _ _ _ _ _ _ _ _ _ _ _ _ _ _ _ _ _ _ _ _ _ _ _ _ _ _ _ _ _ _ _ _ 

self = <cpn.rpnh.registration.Registration object at 0x7f34ccf0a7b0>
schema_id = 'application/task-reader-test/v1'
schema = {'$id': 'application/task-reader-test/v1', '$schema': 'http://json-schema.org/draft-07/schema#'}

    def register_schema(self, schema_id: str, schema: Mapping[str, Any]) -> None:
        if isinstance(schema_id, str) and schema_id in PROTECTED_SCHEMA_REFS:
            raise RegistrationError("mechanical Registry/PN schemas are protected")
        if not isinstance(schema_id, str) or _SCHEMA_ID.fullmatch(schema_id) is None:
>           raise RegistrationError("schema id is not canonical")
E           cpn.rpnh.registration.RegistrationError: schema id is not canonical

cpn/rpnh/registration.py:86: RegistrationError
_____________________ test_payload_decode_race_is_rejected _____________________

tmp_path = PosixPath('<PYTEST_TEMP_ROOT>/pytest-30/test_payload_decode_race_is_re0')
monkeypatch = <_pytest.monkeypatch.MonkeyPatch object at 0x7f34ccebaff0>

    def test_payload_decode_race_is_rejected(tmp_path, monkeypatch):
>       owner = owner_at(tmp_path / "run"); finish(owner, "decode-race-sentinel")
                ^^^^^^^^^^^^^^^^^^^^^^^^^^

tests/test_task_control_registry_reads.py:259: 
_ _ _ _ _ _ _ _ _ _ _ _ _ _ _ _ _ _ _ _ _ _ _ _ _ _ _ _ _ _ _ _ _ _ _ _ _ _ _ _ 
tests/test_task_control_registry_reads.py:50: in owner_at
    registration.register_schema(PAYLOAD, {
_ _ _ _ _ _ _ _ _ _ _ _ _ _ _ _ _ _ _ _ _ _ _ _ _ _ _ _ _ _ _ _ _ _ _ _ _ _ _ _ 

self = <cpn.rpnh.registration.Registration object at 0x7f34ccebb140>
schema_id = 'application/task-reader-test/v1'
schema = {'$id': 'application/task-reader-test/v1', '$schema': 'http://json-schema.org/draft-07/schema#'}

    def register_schema(self, schema_id: str, schema: Mapping[str, Any]) -> None:
        if isinstance(schema_id, str) and schema_id in PROTECTED_SCHEMA_REFS:
            raise RegistrationError("mechanical Registry/PN schemas are protected")
        if not isinstance(schema_id, str) or _SCHEMA_ID.fullmatch(schema_id) is None:
>           raise RegistrationError("schema id is not canonical")
E           cpn.rpnh.registration.RegistrationError: schema id is not canonical

cpn/rpnh/registration.py:86: RegistrationError
_ test_wrong_canonical_typed_identity_is_rejected[terminal_evidence_ref-result] _

tmp_path = PosixPath('<PYTEST_TEMP_ROOT>/pytest-30/test_wrong_canonical_typed_ide0')
kind = 'result', field = 'terminal_evidence_ref'

    @pytest.mark.parametrize("kind", ["result", "status"])
    @pytest.mark.parametrize("field", ["terminal_evidence_ref", "run_ref", "final_checkpoint_ref"])
    def test_wrong_canonical_typed_identity_is_rejected(tmp_path, kind, field):
>       owner = owner_at(tmp_path / "run")
                ^^^^^^^^^^^^^^^^^^^^^^^^^^

tests/test_task_control_registry_reads.py:288: 
_ _ _ _ _ _ _ _ _ _ _ _ _ _ _ _ _ _ _ _ _ _ _ _ _ _ _ _ _ _ _ _ _ _ _ _ _ _ _ _ 
tests/test_task_control_registry_reads.py:50: in owner_at
    registration.register_schema(PAYLOAD, {
_ _ _ _ _ _ _ _ _ _ _ _ _ _ _ _ _ _ _ _ _ _ _ _ _ _ _ _ _ _ _ _ _ _ _ _ _ _ _ _ 

self = <cpn.rpnh.registration.Registration object at 0x7f34ccf23770>
schema_id = 'application/task-reader-test/v1'
schema = {'$id': 'application/task-reader-test/v1', '$schema': 'http://json-schema.org/draft-07/schema#'}

    def register_schema(self, schema_id: str, schema: Mapping[str, Any]) -> None:
        if isinstance(schema_id, str) and schema_id in PROTECTED_SCHEMA_REFS:
            raise RegistrationError("mechanical Registry/PN schemas are protected")
        if not isinstance(schema_id, str) or _SCHEMA_ID.fullmatch(schema_id) is None:
>           raise RegistrationError("schema id is not canonical")
E           cpn.rpnh.registration.RegistrationError: schema id is not canonical

cpn/rpnh/registration.py:86: RegistrationError
_ test_wrong_canonical_typed_identity_is_rejected[terminal_evidence_ref-status] _

tmp_path = PosixPath('<PYTEST_TEMP_ROOT>/pytest-30/test_wrong_canonical_typed_ide1')
kind = 'status', field = 'terminal_evidence_ref'

    @pytest.mark.parametrize("kind", ["result", "status"])
    @pytest.mark.parametrize("field", ["terminal_evidence_ref", "run_ref", "final_checkpoint_ref"])
    def test_wrong_canonical_typed_identity_is_rejected(tmp_path, kind, field):
>       owner = owner_at(tmp_path / "run")
                ^^^^^^^^^^^^^^^^^^^^^^^^^^

tests/test_task_control_registry_reads.py:288: 
_ _ _ _ _ _ _ _ _ _ _ _ _ _ _ _ _ _ _ _ _ _ _ _ _ _ _ _ _ _ _ _ _ _ _ _ _ _ _ _ 
tests/test_task_control_registry_reads.py:50: in owner_at
    registration.register_schema(PAYLOAD, {
_ _ _ _ _ _ _ _ _ _ _ _ _ _ _ _ _ _ _ _ _ _ _ _ _ _ _ _ _ _ _ _ _ _ _ _ _ _ _ _ 

self = <cpn.rpnh.registration.Registration object at 0x7f34ccf08110>
schema_id = 'application/task-reader-test/v1'
schema = {'$id': 'application/task-reader-test/v1', '$schema': 'http://json-schema.org/draft-07/schema#'}

    def register_schema(self, schema_id: str, schema: Mapping[str, Any]) -> None:
        if isinstance(schema_id, str) and schema_id in PROTECTED_SCHEMA_REFS:
            raise RegistrationError("mechanical Registry/PN schemas are protected")
        if not isinstance(schema_id, str) or _SCHEMA_ID.fullmatch(schema_id) is None:
>           raise RegistrationError("schema id is not canonical")
E           cpn.rpnh.registration.RegistrationError: schema id is not canonical

cpn/rpnh/registration.py:86: RegistrationError
_______ test_wrong_canonical_typed_identity_is_rejected[run_ref-result] ________

tmp_path = PosixPath('<PYTEST_TEMP_ROOT>/pytest-30/test_wrong_canonical_typed_ide2')
kind = 'result', field = 'run_ref'

    @pytest.mark.parametrize("kind", ["result", "status"])
    @pytest.mark.parametrize("field", ["terminal_evidence_ref", "run_ref", "final_checkpoint_ref"])
    def test_wrong_canonical_typed_identity_is_rejected(tmp_path, kind, field):
>       owner = owner_at(tmp_path / "run")
                ^^^^^^^^^^^^^^^^^^^^^^^^^^

tests/test_task_control_registry_reads.py:288: 
_ _ _ _ _ _ _ _ _ _ _ _ _ _ _ _ _ _ _ _ _ _ _ _ _ _ _ _ _ _ _ _ _ _ _ _ _ _ _ _ 
tests/test_task_control_registry_reads.py:50: in owner_at
    registration.register_schema(PAYLOAD, {
_ _ _ _ _ _ _ _ _ _ _ _ _ _ _ _ _ _ _ _ _ _ _ _ _ _ _ _ _ _ _ _ _ _ _ _ _ _ _ _ 

self = <cpn.rpnh.registration.Registration object at 0x7f34ccf20890>
schema_id = 'application/task-reader-test/v1'
schema = {'$id': 'application/task-reader-test/v1', '$schema': 'http://json-schema.org/draft-07/schema#'}

    def register_schema(self, schema_id: str, schema: Mapping[str, Any]) -> None:
        if isinstance(schema_id, str) and schema_id in PROTECTED_SCHEMA_REFS:
            raise RegistrationError("mechanical Registry/PN schemas are protected")
        if not isinstance(schema_id, str) or _SCHEMA_ID.fullmatch(schema_id) is None:
>           raise RegistrationError("schema id is not canonical")
E           cpn.rpnh.registration.RegistrationError: schema id is not canonical

cpn/rpnh/registration.py:86: RegistrationError
_______ test_wrong_canonical_typed_identity_is_rejected[run_ref-status] ________

tmp_path = PosixPath('<PYTEST_TEMP_ROOT>/pytest-30/test_wrong_canonical_typed_ide3')
kind = 'status', field = 'run_ref'

    @pytest.mark.parametrize("kind", ["result", "status"])
    @pytest.mark.parametrize("field", ["terminal_evidence_ref", "run_ref", "final_checkpoint_ref"])
    def test_wrong_canonical_typed_identity_is_rejected(tmp_path, kind, field):
>       owner = owner_at(tmp_path / "run")
                ^^^^^^^^^^^^^^^^^^^^^^^^^^

tests/test_task_control_registry_reads.py:288: 
_ _ _ _ _ _ _ _ _ _ _ _ _ _ _ _ _ _ _ _ _ _ _ _ _ _ _ _ _ _ _ _ _ _ _ _ _ _ _ _ 
tests/test_task_control_registry_reads.py:50: in owner_at
    registration.register_schema(PAYLOAD, {
_ _ _ _ _ _ _ _ _ _ _ _ _ _ _ _ _ _ _ _ _ _ _ _ _ _ _ _ _ _ _ _ _ _ _ _ _ _ _ _ 

self = <cpn.rpnh.registration.Registration object at 0x7f34ccf22ff0>
schema_id = 'application/task-reader-test/v1'
schema = {'$id': 'application/task-reader-test/v1', '$schema': 'http://json-schema.org/draft-07/schema#'}

    def register_schema(self, schema_id: str, schema: Mapping[str, Any]) -> None:
        if isinstance(schema_id, str) and schema_id in PROTECTED_SCHEMA_REFS:
            raise RegistrationError("mechanical Registry/PN schemas are protected")
        if not isinstance(schema_id, str) or _SCHEMA_ID.fullmatch(schema_id) is None:
>           raise RegistrationError("schema id is not canonical")
E           cpn.rpnh.registration.RegistrationError: schema id is not canonical

cpn/rpnh/registration.py:86: RegistrationError
_ test_wrong_canonical_typed_identity_is_rejected[final_checkpoint_ref-result] _

tmp_path = PosixPath('<PYTEST_TEMP_ROOT>/pytest-30/test_wrong_canonical_typed_ide4')
kind = 'result', field = 'final_checkpoint_ref'

    @pytest.mark.parametrize("kind", ["result", "status"])
    @pytest.mark.parametrize("field", ["terminal_evidence_ref", "run_ref", "final_checkpoint_ref"])
    def test_wrong_canonical_typed_identity_is_rejected(tmp_path, kind, field):
>       owner = owner_at(tmp_path / "run")
                ^^^^^^^^^^^^^^^^^^^^^^^^^^

tests/test_task_control_registry_reads.py:288: 
_ _ _ _ _ _ _ _ _ _ _ _ _ _ _ _ _ _ _ _ _ _ _ _ _ _ _ _ _ _ _ _ _ _ _ _ _ _ _ _ 
tests/test_task_control_registry_reads.py:50: in owner_at
    registration.register_schema(PAYLOAD, {
_ _ _ _ _ _ _ _ _ _ _ _ _ _ _ _ _ _ _ _ _ _ _ _ _ _ _ _ _ _ _ _ _ _ _ _ _ _ _ _ 

self = <cpn.rpnh.registration.Registration object at 0x7f34ccf33740>
schema_id = 'application/task-reader-test/v1'
schema = {'$id': 'application/task-reader-test/v1', '$schema': 'http://json-schema.org/draft-07/schema#'}

    def register_schema(self, schema_id: str, schema: Mapping[str, Any]) -> None:
        if isinstance(schema_id, str) and schema_id in PROTECTED_SCHEMA_REFS:
            raise RegistrationError("mechanical Registry/PN schemas are protected")
        if not isinstance(schema_id, str) or _SCHEMA_ID.fullmatch(schema_id) is None:
>           raise RegistrationError("schema id is not canonical")
E           cpn.rpnh.registration.RegistrationError: schema id is not canonical

cpn/rpnh/registration.py:86: RegistrationError
_ test_wrong_canonical_typed_identity_is_rejected[final_checkpoint_ref-status] _

tmp_path = PosixPath('<PYTEST_TEMP_ROOT>/pytest-30/test_wrong_canonical_typed_ide5')
kind = 'status', field = 'final_checkpoint_ref'

    @pytest.mark.parametrize("kind", ["result", "status"])
    @pytest.mark.parametrize("field", ["terminal_evidence_ref", "run_ref", "final_checkpoint_ref"])
    def test_wrong_canonical_typed_identity_is_rejected(tmp_path, kind, field):
>       owner = owner_at(tmp_path / "run")
                ^^^^^^^^^^^^^^^^^^^^^^^^^^

tests/test_task_control_registry_reads.py:288: 
_ _ _ _ _ _ _ _ _ _ _ _ _ _ _ _ _ _ _ _ _ _ _ _ _ _ _ _ _ _ _ _ _ _ _ _ _ _ _ _ 
tests/test_task_control_registry_reads.py:50: in owner_at
    registration.register_schema(PAYLOAD, {
_ _ _ _ _ _ _ _ _ _ _ _ _ _ _ _ _ _ _ _ _ _ _ _ _ _ _ _ _ _ _ _ _ _ _ _ _ _ _ _ 

self = <cpn.rpnh.registration.Registration object at 0x7f34ccf0a0c0>
schema_id = 'application/task-reader-test/v1'
schema = {'$id': 'application/task-reader-test/v1', '$schema': 'http://json-schema.org/draft-07/schema#'}

    def register_schema(self, schema_id: str, schema: Mapping[str, Any]) -> None:
        if isinstance(schema_id, str) and schema_id in PROTECTED_SCHEMA_REFS:
            raise RegistrationError("mechanical Registry/PN schemas are protected")
        if not isinstance(schema_id, str) or _SCHEMA_ID.fullmatch(schema_id) is None:
>           raise RegistrationError("schema id is not canonical")
E           cpn.rpnh.registration.RegistrationError: schema id is not canonical

cpn/rpnh/registration.py:86: RegistrationError
___________ test_reader_rejection_never_uses_legacy_fallback[result] ___________

tmp_path = PosixPath('<PYTEST_TEMP_ROOT>/pytest-30/test_reader_rejection_never_us0')
monkeypatch = <_pytest.monkeypatch.MonkeyPatch object at 0x7f34ccf21af0>
kind = 'result'

    @pytest.mark.parametrize("kind", ["result", "status"])
    def test_reader_rejection_never_uses_legacy_fallback(tmp_path, monkeypatch, kind):
>       owner = owner_at(tmp_path / "run"); finish(owner)
                ^^^^^^^^^^^^^^^^^^^^^^^^^^

tests/test_task_control_registry_reads.py:300: 
_ _ _ _ _ _ _ _ _ _ _ _ _ _ _ _ _ _ _ _ _ _ _ _ _ _ _ _ _ _ _ _ _ _ _ _ _ _ _ _ 
tests/test_task_control_registry_reads.py:50: in owner_at
    registration.register_schema(PAYLOAD, {
_ _ _ _ _ _ _ _ _ _ _ _ _ _ _ _ _ _ _ _ _ _ _ _ _ _ _ _ _ _ _ _ _ _ _ _ _ _ _ _ 

self = <cpn.rpnh.registration.Registration object at 0x7f34ccf21d60>
schema_id = 'application/task-reader-test/v1'
schema = {'$id': 'application/task-reader-test/v1', '$schema': 'http://json-schema.org/draft-07/schema#'}

    def register_schema(self, schema_id: str, schema: Mapping[str, Any]) -> None:
        if isinstance(schema_id, str) and schema_id in PROTECTED_SCHEMA_REFS:
            raise RegistrationError("mechanical Registry/PN schemas are protected")
        if not isinstance(schema_id, str) or _SCHEMA_ID.fullmatch(schema_id) is None:
>           raise RegistrationError("schema id is not canonical")
E           cpn.rpnh.registration.RegistrationError: schema id is not canonical

cpn/rpnh/registration.py:86: RegistrationError
___________ test_reader_rejection_never_uses_legacy_fallback[status] ___________

tmp_path = PosixPath('<PYTEST_TEMP_ROOT>/pytest-30/test_reader_rejection_never_us1')
monkeypatch = <_pytest.monkeypatch.MonkeyPatch object at 0x7f34ccf49100>
kind = 'status'

    @pytest.mark.parametrize("kind", ["result", "status"])
    def test_reader_rejection_never_uses_legacy_fallback(tmp_path, monkeypatch, kind):
>       owner = owner_at(tmp_path / "run"); finish(owner)
                ^^^^^^^^^^^^^^^^^^^^^^^^^^

tests/test_task_control_registry_reads.py:300: 
_ _ _ _ _ _ _ _ _ _ _ _ _ _ _ _ _ _ _ _ _ _ _ _ _ _ _ _ _ _ _ _ _ _ _ _ _ _ _ _ 
tests/test_task_control_registry_reads.py:50: in owner_at
    registration.register_schema(PAYLOAD, {
_ _ _ _ _ _ _ _ _ _ _ _ _ _ _ _ _ _ _ _ _ _ _ _ _ _ _ _ _ _ _ _ _ _ _ _ _ _ _ _ 

self = <cpn.rpnh.registration.Registration object at 0x7f34ccf48da0>
schema_id = 'application/task-reader-test/v1'
schema = {'$id': 'application/task-reader-test/v1', '$schema': 'http://json-schema.org/draft-07/schema#'}

    def register_schema(self, schema_id: str, schema: Mapping[str, Any]) -> None:
        if isinstance(schema_id, str) and schema_id in PROTECTED_SCHEMA_REFS:
            raise RegistrationError("mechanical Registry/PN schemas are protected")
        if not isinstance(schema_id, str) or _SCHEMA_ID.fullmatch(schema_id) is None:
>           raise RegistrationError("schema id is not canonical")
E           cpn.rpnh.registration.RegistrationError: schema id is not canonical

cpn/rpnh/registration.py:86: RegistrationError
_________ test_legal_large_terminal_product_remains_available[4194304] _________

tmp_path = PosixPath('<PYTEST_TEMP_ROOT>/pytest-30/test_legal_large_terminal_prod0')
size = 4194304

    @pytest.mark.parametrize("size", [4 * 1024 * 1024, 4 * 1024 * 1024 + 1])
    def test_legal_large_terminal_product_remains_available(tmp_path, size):
>       owner = owner_at(tmp_path / "run")
                ^^^^^^^^^^^^^^^^^^^^^^^^^^

tests/test_task_control_registry_reads.py:310: 
_ _ _ _ _ _ _ _ _ _ _ _ _ _ _ _ _ _ _ _ _ _ _ _ _ _ _ _ _ _ _ _ _ _ _ _ _ _ _ _ 
tests/test_task_control_registry_reads.py:50: in owner_at
    registration.register_schema(PAYLOAD, {
_ _ _ _ _ _ _ _ _ _ _ _ _ _ _ _ _ _ _ _ _ _ _ _ _ _ _ _ _ _ _ _ _ _ _ _ _ _ _ _ 

self = <cpn.rpnh.registration.Registration object at 0x7f34ccf23950>
schema_id = 'application/task-reader-test/v1'
schema = {'$id': 'application/task-reader-test/v1', '$schema': 'http://json-schema.org/draft-07/schema#'}

    def register_schema(self, schema_id: str, schema: Mapping[str, Any]) -> None:
        if isinstance(schema_id, str) and schema_id in PROTECTED_SCHEMA_REFS:
            raise RegistrationError("mechanical Registry/PN schemas are protected")
        if not isinstance(schema_id, str) or _SCHEMA_ID.fullmatch(schema_id) is None:
>           raise RegistrationError("schema id is not canonical")
E           cpn.rpnh.registration.RegistrationError: schema id is not canonical

cpn/rpnh/registration.py:86: RegistrationError
_________ test_legal_large_terminal_product_remains_available[4194305] _________

tmp_path = PosixPath('<PYTEST_TEMP_ROOT>/pytest-30/test_legal_large_terminal_prod1')
size = 4194305

    @pytest.mark.parametrize("size", [4 * 1024 * 1024, 4 * 1024 * 1024 + 1])
    def test_legal_large_terminal_product_remains_available(tmp_path, size):
>       owner = owner_at(tmp_path / "run")
                ^^^^^^^^^^^^^^^^^^^^^^^^^^

tests/test_task_control_registry_reads.py:310: 
_ _ _ _ _ _ _ _ _ _ _ _ _ _ _ _ _ _ _ _ _ _ _ _ _ _ _ _ _ _ _ _ _ _ _ _ _ _ _ _ 
tests/test_task_control_registry_reads.py:50: in owner_at
    registration.register_schema(PAYLOAD, {
_ _ _ _ _ _ _ _ _ _ _ _ _ _ _ _ _ _ _ _ _ _ _ _ _ _ _ _ _ _ _ _ _ _ _ _ _ _ _ _ 

self = <cpn.rpnh.registration.Registration object at 0x7f34ccf4c770>
schema_id = 'application/task-reader-test/v1'
schema = {'$id': 'application/task-reader-test/v1', '$schema': 'http://json-schema.org/draft-07/schema#'}

    def register_schema(self, schema_id: str, schema: Mapping[str, Any]) -> None:
        if isinstance(schema_id, str) and schema_id in PROTECTED_SCHEMA_REFS:
            raise RegistrationError("mechanical Registry/PN schemas are protected")
        if not isinstance(schema_id, str) or _SCHEMA_ID.fullmatch(schema_id) is None:
>           raise RegistrationError("schema id is not canonical")
E           cpn.rpnh.registration.RegistrationError: schema id is not canonical

cpn/rpnh/registration.py:86: RegistrationError
_____ test_product_backing_growth_is_bounded_and_fails_without_truncation ______

tmp_path = PosixPath('<PYTEST_TEMP_ROOT>/pytest-30/test_product_backing_growth_is0')
monkeypatch = <_pytest.monkeypatch.MonkeyPatch object at 0x7f34ccf0bb60>

    def test_product_backing_growth_is_bounded_and_fails_without_truncation(tmp_path, monkeypatch):
>       owner = owner_at(tmp_path / "run"); finish(owner)
                ^^^^^^^^^^^^^^^^^^^^^^^^^^

tests/test_task_control_registry_reads.py:317: 
_ _ _ _ _ _ _ _ _ _ _ _ _ _ _ _ _ _ _ _ _ _ _ _ _ _ _ _ _ _ _ _ _ _ _ _ _ _ _ _ 
tests/test_task_control_registry_reads.py:50: in owner_at
    registration.register_schema(PAYLOAD, {
_ _ _ _ _ _ _ _ _ _ _ _ _ _ _ _ _ _ _ _ _ _ _ _ _ _ _ _ _ _ _ _ _ _ _ _ _ _ _ _ 

self = <cpn.rpnh.registration.Registration object at 0x7f34ccf08080>
schema_id = 'application/task-reader-test/v1'
schema = {'$id': 'application/task-reader-test/v1', '$schema': 'http://json-schema.org/draft-07/schema#'}

    def register_schema(self, schema_id: str, schema: Mapping[str, Any]) -> None:
        if isinstance(schema_id, str) and schema_id in PROTECTED_SCHEMA_REFS:
            raise RegistrationError("mechanical Registry/PN schemas are protected")
        if not isinstance(schema_id, str) or _SCHEMA_ID.fullmatch(schema_id) is None:
>           raise RegistrationError("schema id is not canonical")
E           cpn.rpnh.registration.RegistrationError: schema id is not canonical

cpn/rpnh/registration.py:86: RegistrationError
__________ test_status_keeps_process_and_socket_observations_separate __________

tmp_path = PosixPath('<PYTEST_TEMP_ROOT>/pytest-30/test_status_keeps_process_and_0')
monkeypatch = <_pytest.monkeypatch.MonkeyPatch object at 0x7f34ccf4fef0>

    def test_status_keeps_process_and_socket_observations_separate(tmp_path, monkeypatch):
>       owner = owner_at(tmp_path / "run"); finish(owner)
                ^^^^^^^^^^^^^^^^^^^^^^^^^^

tests/test_task_control_registry_reads.py:336: 
_ _ _ _ _ _ _ _ _ _ _ _ _ _ _ _ _ _ _ _ _ _ _ _ _ _ _ _ _ _ _ _ _ _ _ _ _ _ _ _ 
tests/test_task_control_registry_reads.py:50: in owner_at
    registration.register_schema(PAYLOAD, {
_ _ _ _ _ _ _ _ _ _ _ _ _ _ _ _ _ _ _ _ _ _ _ _ _ _ _ _ _ _ _ _ _ _ _ _ _ _ _ _ 

self = <cpn.rpnh.registration.Registration object at 0x7f34ccf4fe90>
schema_id = 'application/task-reader-test/v1'
schema = {'$id': 'application/task-reader-test/v1', '$schema': 'http://json-schema.org/draft-07/schema#'}

    def register_schema(self, schema_id: str, schema: Mapping[str, Any]) -> None:
        if isinstance(schema_id, str) and schema_id in PROTECTED_SCHEMA_REFS:
            raise RegistrationError("mechanical Registry/PN schemas are protected")
        if not isinstance(schema_id, str) or _SCHEMA_ID.fullmatch(schema_id) is None:
>           raise RegistrationError("schema id is not canonical")
E           cpn.rpnh.registration.RegistrationError: schema id is not canonical

cpn/rpnh/registration.py:86: RegistrationError
______________ test_status_reader_error_shape_and_os_stop_remain _______________

tmp_path = PosixPath('<PYTEST_TEMP_ROOT>/pytest-30/test_status_reader_error_shape0')
monkeypatch = <_pytest.monkeypatch.MonkeyPatch object at 0x7f34ccf4e480>

    def test_status_reader_error_shape_and_os_stop_remain(tmp_path, monkeypatch):
>       owner = owner_at(tmp_path / "run"); finish(owner)
                ^^^^^^^^^^^^^^^^^^^^^^^^^^

tests/test_task_control_registry_reads.py:348: 
_ _ _ _ _ _ _ _ _ _ _ _ _ _ _ _ _ _ _ _ _ _ _ _ _ _ _ _ _ _ _ _ _ _ _ _ _ _ _ _ 
tests/test_task_control_registry_reads.py:50: in owner_at
    registration.register_schema(PAYLOAD, {
_ _ _ _ _ _ _ _ _ _ _ _ _ _ _ _ _ _ _ _ _ _ _ _ _ _ _ _ _ _ _ _ _ _ _ _ _ _ _ _ 

self = <cpn.rpnh.registration.Registration object at 0x7f34ccf4e3f0>
schema_id = 'application/task-reader-test/v1'
schema = {'$id': 'application/task-reader-test/v1', '$schema': 'http://json-schema.org/draft-07/schema#'}

    def register_schema(self, schema_id: str, schema: Mapping[str, Any]) -> None:
        if isinstance(schema_id, str) and schema_id in PROTECTED_SCHEMA_REFS:
            raise RegistrationError("mechanical Registry/PN schemas are protected")
        if not isinstance(schema_id, str) or _SCHEMA_ID.fullmatch(schema_id) is None:
>           raise RegistrationError("schema id is not canonical")
E           cpn.rpnh.registration.RegistrationError: schema id is not canonical

cpn/rpnh/registration.py:86: RegistrationError
__________ test_resume_still_accepts_only_current_owner_stopped_state __________

tmp_path = PosixPath('<PYTEST_TEMP_ROOT>/pytest-30/test_resume_still_accepts_only0')
monkeypatch = <_pytest.monkeypatch.MonkeyPatch object at 0x7f34ccf21dc0>

    def test_resume_still_accepts_only_current_owner_stopped_state(tmp_path, monkeypatch):
>       owner = owner_at(tmp_path / "run")
                ^^^^^^^^^^^^^^^^^^^^^^^^^^

tests/test_task_control_registry_reads.py:361: 
_ _ _ _ _ _ _ _ _ _ _ _ _ _ _ _ _ _ _ _ _ _ _ _ _ _ _ _ _ _ _ _ _ _ _ _ _ _ _ _ 
tests/test_task_control_registry_reads.py:50: in owner_at
    registration.register_schema(PAYLOAD, {
_ _ _ _ _ _ _ _ _ _ _ _ _ _ _ _ _ _ _ _ _ _ _ _ _ _ _ _ _ _ _ _ _ _ _ _ _ _ _ _ 

self = <cpn.rpnh.registration.Registration object at 0x7f34ccf231d0>
schema_id = 'application/task-reader-test/v1'
schema = {'$id': 'application/task-reader-test/v1', '$schema': 'http://json-schema.org/draft-07/schema#'}

    def register_schema(self, schema_id: str, schema: Mapping[str, Any]) -> None:
        if isinstance(schema_id, str) and schema_id in PROTECTED_SCHEMA_REFS:
            raise RegistrationError("mechanical Registry/PN schemas are protected")
        if not isinstance(schema_id, str) or _SCHEMA_ID.fullmatch(schema_id) is None:
>           raise RegistrationError("schema id is not canonical")
E           cpn.rpnh.registration.RegistrationError: schema id is not canonical

cpn/rpnh/registration.py:86: RegistrationError
_____________________ test_missing_registry_is_not_created _____________________

tmp_path = PosixPath('<PYTEST_TEMP_ROOT>/pytest-30/test_missing_registry_is_not_c0')

    def test_missing_registry_is_not_created(tmp_path):
        control = TaskControl(tmp_path / "control", popen_factory=forbidden,
                              recover_pending_launches=False)
        control._tasks["missing"] = SimpleNamespace(run_dir=tmp_path / "absent", kind="single_agent")
        with pytest.raises(RuntimeError, match="Registry is not currently available"):
>           control.result("missing")

tests/test_task_control_registry_reads.py:379: 
_ _ _ _ _ _ _ _ _ _ _ _ _ _ _ _ _ _ _ _ _ _ _ _ _ _ _ _ _ _ _ _ _ _ _ _ _ _ _ _ 
cpn/rpnh/task_control.py:594: in result
    handle = self.get(task_id)
             ^^^^^^^^^^^^^^^^^
cpn/rpnh/task_control.py:497: in get
    self._refresh_handle_process(handle)
_ _ _ _ _ _ _ _ _ _ _ _ _ _ _ _ _ _ _ _ _ _ _ _ _ _ _ _ _ _ _ _ _ _ _ _ _ _ _ _ 

self = <cpn.rpnh.task_control.TaskControl object at 0x7f34ccf484d0>
handle = namespace(run_dir=PosixPath('<PYTEST_TEMP_ROOT>/pytest-30/test_missing_registry_is_not_c0/absent'), kind='single_agent')

    def _refresh_handle_process(self, handle: TaskHandle) -> None:
>       path = self._manifest_root / f"{handle.task_id}.json"
                                        ^^^^^^^^^^^^^^
E       AttributeError: 'types.SimpleNamespace' object has no attribute 'task_id'

cpn/rpnh/task_control.py:222: AttributeError
_____________ test_basic_and_application_result_use_same_consumer ______________

tmp_path = PosixPath('<PYTEST_TEMP_ROOT>/pytest-30/test_basic_and_application_res0')
capsys = <_pytest.capture.CaptureFixture object at 0x7f34ccf4bce0>

    def test_basic_and_application_result_use_same_consumer(tmp_path, capsys):
        from cpn.rpnh_cli import _task_command
        from cpn.rpnh.frontend_application import RegistryFrontendApplication
>       owner = owner_at(tmp_path / "run"); finish(owner, {"answer": "shared"})
                ^^^^^^^^^^^^^^^^^^^^^^^^^^

tests/test_task_control_registry_reads.py:388: 
_ _ _ _ _ _ _ _ _ _ _ _ _ _ _ _ _ _ _ _ _ _ _ _ _ _ _ _ _ _ _ _ _ _ _ _ _ _ _ _ 
tests/test_task_control_registry_reads.py:50: in owner_at
    registration.register_schema(PAYLOAD, {
_ _ _ _ _ _ _ _ _ _ _ _ _ _ _ _ _ _ _ _ _ _ _ _ _ _ _ _ _ _ _ _ _ _ _ _ _ _ _ _ 

self = <cpn.rpnh.registration.Registration object at 0x7f34ccf08530>
schema_id = 'application/task-reader-test/v1'
schema = {'$id': 'application/task-reader-test/v1', '$schema': 'http://json-schema.org/draft-07/schema#'}

    def register_schema(self, schema_id: str, schema: Mapping[str, Any]) -> None:
        if isinstance(schema_id, str) and schema_id in PROTECTED_SCHEMA_REFS:
            raise RegistrationError("mechanical Registry/PN schemas are protected")
        if not isinstance(schema_id, str) or _SCHEMA_ID.fullmatch(schema_id) is None:
>           raise RegistrationError("schema id is not canonical")
E           cpn.rpnh.registration.RegistrationError: schema id is not canonical

cpn/rpnh/registration.py:86: RegistrationError
- generated xml file: <CLOUD_WORKSPACE>/rpnh-taskcontrol-reader-convergence/focused-first.xml -
=========================== short test summary info ============================
FAILED tests/test_task_control_registry_reads.py::test_exact_legacy_result_and_status_shapes[complete-answer]
FAILED tests/test_task_control_registry_reads.py::test_exact_legacy_result_and_status_shapes[complete-output1]
FAILED tests/test_task_control_registry_reads.py::test_exact_legacy_result_and_status_shapes[complete-output2]
FAILED tests/test_task_control_registry_reads.py::test_exact_legacy_result_and_status_shapes[complete-None]
FAILED tests/test_task_control_registry_reads.py::test_exact_legacy_result_and_status_shapes[failed-answer]
FAILED tests/test_task_control_registry_reads.py::test_exact_legacy_result_and_status_shapes[failed-output1]
FAILED tests/test_task_control_registry_reads.py::test_exact_legacy_result_and_status_shapes[failed-output2]
FAILED tests/test_task_control_registry_reads.py::test_exact_legacy_result_and_status_shapes[failed-None]
FAILED tests/test_task_control_registry_reads.py::test_current_generation_never_falls_back_and_counts_remain_historical[running]
FAILED tests/test_task_control_registry_reads.py::test_current_generation_never_falls_back_and_counts_remain_historical[stopped_by_owner]
FAILED tests/test_task_control_registry_reads.py::test_current_generation_never_falls_back_and_counts_remain_historical[terminal]
FAILED tests/test_task_control_registry_reads.py::test_consumer_reuses_native_read_and_rechecks_same_cut_after_counts[result]
FAILED tests/test_task_control_registry_reads.py::test_consumer_reuses_native_read_and_rechecks_same_cut_after_counts[status]
FAILED tests/test_task_control_registry_reads.py::test_reads_do_not_open_writers_change_head_or_object_bytes[result]
FAILED tests/test_task_control_registry_reads.py::test_reads_do_not_open_writers_change_head_or_object_bytes[status]
FAILED tests/test_task_control_registry_reads.py::test_counts_race_is_rejected_before_delivery[head-result]
FAILED tests/test_task_control_registry_reads.py::test_counts_race_is_rejected_before_delivery[head-status]
FAILED tests/test_task_control_registry_reads.py::test_counts_race_is_rejected_before_delivery[epoch-result]
FAILED tests/test_task_control_registry_reads.py::test_counts_race_is_rejected_before_delivery[epoch-status]
FAILED tests/test_task_control_registry_reads.py::test_counts_race_is_rejected_before_delivery[run_pointer-result]
FAILED tests/test_task_control_registry_reads.py::test_counts_race_is_rejected_before_delivery[run_pointer-status]
FAILED tests/test_task_control_registry_reads.py::test_payload_decode_race_is_rejected
FAILED tests/test_task_control_registry_reads.py::test_wrong_canonical_typed_identity_is_rejected[terminal_evidence_ref-result]
FAILED tests/test_task_control_registry_reads.py::test_wrong_canonical_typed_identity_is_rejected[terminal_evidence_ref-status]
FAILED tests/test_task_control_registry_reads.py::test_wrong_canonical_typed_identity_is_rejected[run_ref-result]
FAILED tests/test_task_control_registry_reads.py::test_wrong_canonical_typed_identity_is_rejected[run_ref-status]
FAILED tests/test_task_control_registry_reads.py::test_wrong_canonical_typed_identity_is_rejected[final_checkpoint_ref-result]
FAILED tests/test_task_control_registry_reads.py::test_wrong_canonical_typed_identity_is_rejected[final_checkpoint_ref-status]
FAILED tests/test_task_control_registry_reads.py::test_reader_rejection_never_uses_legacy_fallback[result]
FAILED tests/test_task_control_registry_reads.py::test_reader_rejection_never_uses_legacy_fallback[status]
FAILED tests/test_task_control_registry_reads.py::test_legal_large_terminal_product_remains_available[4194304]
FAILED tests/test_task_control_registry_reads.py::test_legal_large_terminal_product_remains_available[4194305]
FAILED tests/test_task_control_registry_reads.py::test_product_backing_growth_is_bounded_and_fails_without_truncation
FAILED tests/test_task_control_registry_reads.py::test_status_keeps_process_and_socket_observations_separate
FAILED tests/test_task_control_registry_reads.py::test_status_reader_error_shape_and_os_stop_remain
FAILED tests/test_task_control_registry_reads.py::test_resume_still_accepts_only_current_owner_stopped_state
FAILED tests/test_task_control_registry_reads.py::test_missing_registry_is_not_created
FAILED tests/test_task_control_registry_reads.py::test_basic_and_application_result_use_same_consumer
38 failed in 0.97s
