R1_v2_full <WORKSPACE>/task-complete-v5-20261009/raw/RPNH_R1_Inert_Iteration_Profile_v2_Terminal_Fix_20261008/RPNH_R1_Inert_Iteration_Profile_v2
raw/RPNH_R1_Inert_Iteration_Profile_v2_Terminal_Fix_20261008/RPNH_R1_Inert_Iteration_Profile_v2/file-manifest.json
raw/RPNH_R1_Inert_Iteration_Profile_v2_Terminal_Fix_20261008/RPNH_R1_Inert_Iteration_Profile_v2/LOCAL_GATE_ZH.md
raw/RPNH_R1_Inert_Iteration_Profile_v2_Terminal_Fix_20261008/RPNH_R1_Inert_Iteration_Profile_v2/review/test_terminal_registry_independent.py
raw/RPNH_R1_Inert_Iteration_Profile_v2_Terminal_Fix_20261008/RPNH_R1_Inert_Iteration_Profile_v2/review/test_terminal_gap.py
raw/RPNH_R1_Inert_Iteration_Profile_v2_Terminal_Fix_20261008/RPNH_R1_Inert_Iteration_Profile_v2/review/successor-review-manifest.json
raw/RPNH_R1_Inert_Iteration_Profile_v2_Terminal_Fix_20261008/RPNH_R1_Inert_Iteration_Profile_v2/review/test_terminal_revision_independent.py
raw/RPNH_R1_Inert_Iteration_Profile_v2_Terminal_Fix_20261008/RPNH_R1_Inert_Iteration_Profile_v2/source/tests/test_iteration_profile.py
raw/RPNH_R1_Inert_Iteration_Profile_v2_Terminal_Fix_20261008/RPNH_R1_Inert_Iteration_Profile_v2/source/cpn/rpnh/iteration_profile.py
R2 <WORKSPACE>/task-complete-v5-20261009/raw/RPNH_R2_Single_Registry_Validation_20261008/RPNH_R2_Single_Registry_Validation_20261008
raw/RPNH_R2_Single_Registry_Validation_20261008/RPNH_R2_Single_Registry_Validation_20261008/h2a_readback_strict_attempt.py
raw/RPNH_R2_Single_Registry_Validation_20261008/RPNH_R2_Single_Registry_Validation_20261008/file-manifest.json
raw/RPNH_R2_Single_Registry_Validation_20261008/RPNH_R2_Single_Registry_Validation_20261008/h2a_readback.py
raw/RPNH_R2_Single_Registry_Validation_20261008/RPNH_R2_Single_Registry_Validation_20261008/LOCAL_RETURN_TASK_ZH.md
raw/RPNH_R2_Single_Registry_Validation_20261008/RPNH_R2_Single_Registry_Validation_20261008/LOCAL_GATE_ZH.md
raw/RPNH_R2_Single_Registry_Validation_20261008/RPNH_R2_Single_Registry_Validation_20261008/PACKAGE_MANIFEST.json
raw/RPNH_R2_Single_Registry_Validation_20261008/RPNH_R2_Single_Registry_Validation_20261008/review/review-evidence-manifest.json
raw/RPNH_R2_Single_Registry_Validation_20261008/RPNH_R2_Single_Registry_Validation_20261008/source/examples/rsi_workflows/deterministic.py
raw/RPNH_R2_Single_Registry_Validation_20261008/RPNH_R2_Single_Registry_Validation_20261008/source/examples/rsi_workflows/tests/test_runtime.py
raw/RPNH_R2_Single_Registry_Validation_20261008/RPNH_R2_Single_Registry_Validation_20261008/source/examples/rsi_workflows/tests/conftest.py
raw/RPNH_R2_Single_Registry_Validation_20261008/RPNH_R2_Single_Registry_Validation_20261008/review/independent_probes/test_reviewer_boundaries.py
