"""Inert API checks plus explicit socket-free Registry terminal contract probes."""
from __future__ import annotations

from copy import deepcopy
from dataclasses import asdict
import io
import json
import os
from pathlib import Path
import socket
import sqlite3
import subprocess

import pytest

from cpn.components.basic import register_basic_components
from cpn.rpnh.compiler import compile_module
from cpn.rpnh.executable_net import load_compiled_net
from cpn.rpnh.iteration_profile import (
    IterationProfile, compile_iteration_profile, iteration_profile_schema_data,
    load_iteration_profile,
)
from cpn.rpnh.petri_contracts import DeclarationError
from cpn.rpnh.registration import Registration, RegistrationError
from cpn.rpnh.registry.schema_catalog import SchemaCatalog, SchemaGovernanceError


EXAMPLE = Path(__file__).resolve().parents[1] / "cpn/examples/iteration_profile/propose_evaluate_select.json"
CONFIG = "application/iteration_empty_config/v1"
TERMINAL_CONFIG = "application/iteration_terminal_config/v1"


def _must_not_execute(*args, **kwargs):
    raise AssertionError("Inert compilation cannot execute, publish or contact anything")


def _document(rounds=2):
    value = json.loads(EXAMPLE.read_text())
    value["rounds"] = rounds
    value["native_model_call_budget"]["maximum"] = 1
    return value


def _registration(value=None, *, config=None, missing=None, terminal_config=None):
    value = _document() if value is None else value
    registration = Registration()
    register_basic_components(registration)
    for schema in sorted(set(value["schemas"].values())):
        if schema != missing:
            registration.register_schema(schema, {
                "$id": schema, "$schema": "http://json-schema.org/draft-07/schema#",
                "type": "object", "properties": {"ref": {"type": "string"}},
                "required": ["ref"], "additionalProperties": False,
            })
    registration.register_schema(CONFIG, {
        "$id": CONFIG, "$schema": "http://json-schema.org/draft-07/schema#",
        **({"type": "object", "additionalProperties": False} if config is None else config),
    })
    registration.register_schema(TERMINAL_CONFIG, {
        "$id": TERMINAL_CONFIG, "$schema": "http://json-schema.org/draft-07/schema#",
        **({"type": "object", "properties": {"run_outcome": {"enum": ["complete", "failed"]}},
            "required": ["run_outcome"], "additionalProperties": False}
           if terminal_config is None else terminal_config),
    })
    for role in value["roles"].values():
        if role["executor_key"] != missing:
            registration.register_executor(role["executor_key"], _must_not_execute,
                identity={"implementation_id": "test.inert", "revision": "v1"},
                contracts={"config_schema": CONFIG, "transport": "deterministic",
                           "input_ports": None, "output_ports": None})
    if value["terminal_key"] != missing:
        registration.register_tool(value["terminal_key"], _must_not_execute,
            identity={"implementation_id": "test.inert", "revision": "v1"},
            contracts={"config_schema": TERMINAL_CONFIG, "binding_protocol": "rpnh/module_terminal/v1"})
    return registration


def _prepared(rounds=2):
    value = _document(rounds)
    return compile_iteration_profile(IterationProfile.from_dict(value), registration=_registration(value))


def test_profile_roundtrip_uses_optional_existing_catalog():
    schemas, types, paths = iteration_profile_schema_data()
    assert types == ()
    assert set(schemas) == {"rpnh/iteration_profile/v1"}
    catalog = SchemaCatalog(schemas=schemas, types=types, schema_paths=paths)
    catalog.validate_schema_ref("rpnh/iteration_profile/v1", _document())
    profile = load_iteration_profile(EXAMPLE)
    assert profile.to_dict() == _document()
    changed = profile.to_dict()
    changed["rounds"] = 10
    assert profile.to_dict()["rounds"] == 2
    assert IterationProfile.from_json(profile._json) == profile


@pytest.mark.parametrize("rounds", [1, 2, 4, 32])
def test_unrolled_materials_match_original_compiler_deterministically(rounds):
    value = _document(rounds)
    profile, registration = IterationProfile.from_dict(value), _registration(value)
    first = compile_iteration_profile(profile, registration=registration)
    second = compile_iteration_profile(profile, registration=registration)
    assert first.compiled.to_dict() == second.compiled.to_dict()
    assert first.compiled.to_dict() == compile_module(first.module, registration).to_dict()
    assert load_compiled_net(first.compiled.to_json()).to_dict() == first.compiled.to_dict()
    assert len(first.module.components) == 3 * rounds
    assert len(first.compiled.symbolic.transitions) == 3 * rounds
    assert len(first.source_map) == 3 * rounds
    assert {item.round for item in first.source_map} == set(range(1, rounds + 1))
    assert set(first.module.entry) == {"initial_state", *(f"round_{n}_evaluation_request" for n in range(1, rounds + 1))}
    assert {item.name for item in first.required_entry_bindings} == set(first.module.entry)
    assert first.required_model_bindings == ()
    assert first.budgets.ordinary_global_cap == 1
    assert first.budgets.task_total_hard_cap == 1
    assert first.budgets.terminal_quota == first.budgets.finalization_budget == 0
    assert [asdict(bucket) for bucket in first.module.budget_buckets] == list(first.budgets.budget_buckets)
    assert all(bucket.max_attempts is None for bucket in first.module.budget_buckets)
    assert not first.module.budgets  # No parallel USD/token or round counter.
    assert not any(hasattr(first, name) for name in ("status", "ready_queue", "current_round", "best_model", "run", "publish"))


def test_declared_ports_and_arcs_carry_all_stage_dependencies():
    prepared = _prepared()
    net = prepared.compiled.symbolic
    operations = {operation.name: operation for operation in net.operations}
    candidate = net.port_places["round_1_proposer.candidate"]
    evaluation = net.port_places["round_1_evaluator.evaluation"]
    assert candidate == net.port_places["round_1_evaluator.candidate"] == net.port_places["round_1_selector.candidate"]
    assert evaluation == net.port_places["round_1_selector.evaluation"]
    assert net.port_places["round_1_selector.next"] == net.port_places["round_2_proposer.state"]
    assert all(place.capacity == 1 and not place.initial_tokens for place in net.places)
    arcs = {(a.place, a.transition, a.direction, a.mode, a.outcome) for a in net.arcs}
    assert (candidate, "round_1_evaluator.run", "input", "read", None) in arcs
    assert (candidate, "round_1_selector.run", "input", "consume", None) in arcs
    assert (evaluation, "round_1_selector.run", "input", "consume", None) in arcs
    assert len(operations["round_1_selector.run"].inputs) == 3
    assert set(operations["round_1_proposer.run"].inputs) == {"round_1_proposer.state"}
    assert all("request" not in port for port in operations["round_1_proposer.run"].inputs)
    assert all(op.budget_binding is not None for op in operations.values())
    assert all(not op.tools and op.request_port is None for op in operations.values())


def test_stop_and_final_selection_are_existing_terminal_outcomes():
    prepared = _prepared()
    module = prepared.module
    terminals = (module.terminal, *module.terminal_alternatives)
    assert {(t.source.component, t.source.port, t.outcome) for t in terminals} == {
        ("round_1_selector", "stop", "stop"), ("round_2_selector", "stop", "stop"),
        ("round_2_selector", "next", "select"), ("round_2_selector", "next", "retain"),
    }
    assert not any(link.source.port == "stop" for link in module.links)
    for component in module.components:
        if component.name.endswith("selector"):
            assert {o.name for o in component.operations[0].outcomes} == {"select", "retain", "stop"}
    with pytest.raises(DeclarationError, match="quantity"):
        prepare
{
  "status": "clear_for_R1_terminal_revision_2_narrow_native_terminal_seam",
  "source_manifest": {
    "package_revision": 2,
    "baseline_commit": "715468dab0b1bea07d7e94a7aa0606eaf194365c",
    "supersedes_patch_sha256": "cad3873f4225c326c1dc4ebff2a382c8de9b9ffb0e8d372fbb296f07200f9a45",
    "files": [
      {
        "path": "cpn/rpnh/iteration_profile.py",
        "sha256": "4c0fb7c2bc93543b037614a3813c50b34172cf1f9942c8c22e20a3772efa3a5a",
        "bytes": 12798,
        "status": "added_from_main",
        "superseded_sha256": "87bae6a32c96c5902dec06dd69ce2da70df5dd76520c2f425a9fbf62772ead2f"
      },
      {
        "path": "cpn/schemas/rpnh/iteration_profile.v1.schema.json",
        "sha256": "35eb384b7258be35dd3e617396fd74341c3ab8dbc63cd58430d4959193160e15",
        "bytes": 4908,
        "status": "added_from_main",
        "superseded_sha256": "684d0bb6f6bff7951189512549a578f5eb157f5e2b69d5cb3355e75872f03a7c"
      },
      {
        "path": "cpn/examples/iteration_profile/propose_evaluate_select.json",
        "sha256": "05f1340c45fad7d27db654a197c9a920530b0b9a4ae5e0747705f0604e1c9231",
        "bytes": 1006,
        "status": "added_from_main",
        "superseded_sha256": "8b485aec8bb7c2a96627b90d15323a3e48d7421e99a64b62d666657c604946fc"
      },
      {
        "path": "cpn/examples/iteration_profile/README.md",
        "sha256": "9f545a4f2672b7ed119cb108686a45eb2064c54f32b2b40bd62e039f8c765cb0",
        "bytes": 12004,
        "status": "added_from_main",
        "superseded_sha256": "3c91d3c776e0d2cc73215132af121fceb7bc27a3fbae6acc8dc8a56fa7f1c7a7"
      },
      {
        "path": "cpn/examples/iteration_profile/README_ZH.md",
        "sha256": "7e1835b3bc1c0b112a7dca0e8c7fd97700d4a8a79759e8cf691afe2e72a78af5",
        "bytes": 10500,
        "status": "added_from_main",
        "superseded_sha256": "2ec89538375e39b554ebb842ba1486cf5e8c95373ca0e70646a4dc2fd99d1d80"
      },
      {
        "path": "tests/test_iteration_profile.py",
        "sha256": "17fe93f40830912043a406dd28684451748baf36fdb37e6b6774d0a146118eaa",
        "bytes": 26383,
        "status": "added_from_main",
        "superseded_sha256": "7377773d56dbf10f4bb8fb2ed187767d732671dd09d29076c56d4f4b5583d96a"
      }
    ]
  },
  "independent_negative": "6 passed in 1.98s",
  "independent_successor_compiler": "33 passed in 27.49s",
  "independent_registry": "2 passed in 57.20s",
  "independent_registry_late_owner_stop": "1 passed, 2 deselected in 18.28s",
  "author_terminal_first": "16 passed, 51 deselected in 148.22s",
  "actual_physical_outcome_unknown": "not tested",
  "model_calls": 0,
  "network_or_socket_execution": false,
  "review_files": [
    {
      "path": "TERMINAL_GAP_REVIEW.md",
      "sha256": "9fe76e82fd8cc68e72fbd5db20f2f3aaeca741cafebef4f2051b4312feaceb47"
    },
    {
      "path": "frozen-module-rounds-1.json",
      "sha256": "f9b6bb4072a0283b28d4c708325c8027c37344c9848522feebbfd3f84a474775"
    },
    {
      "path": "frozen-module-rounds-2.json",
      "sha256": "0c6ce4698dd75c61d61cbfd2e81b5af7bacd1ecfcd01388eea15f93f68b06697"
    },
    {
      "path": "frozen-module-rounds-3.json",
      "sha256": "b5f1e0df33fe18ea11bdd66c593045aa1d28251cc565ca69761e1671b5979451"
    },
    {
      "path": "frozen-source-verification.json",
      "sha256": "49f9beaa32037a1a683cdbe378062a60ae926e661d30475c85897e88c0a6ebd8"
    },
    {
      "path": "negative-evidence.log",
      "sha256": "60c0088651a99157a91ffede9fb943740642f4a918666c84aedcd263b7ccefe8"
    },
    {
      "path": "negative-evidence.xml",
      "sha256": "808b682b411fc675badd80cfc7ad2f3635bd3741fbd372be2f1ae6b71b4d5f7d"
    },
    {
      "path": "registry-independent.log",
      "sha256": "9b7a677fcd1e64fb957e13aae23cd989b5fc82aa123db9cc164cb0004322813a"
    },
    {
      "path": "registry-independent.xml",
      "sha256": "0b8543a444e174cd9c5a84b8b61f61890f9e0cab08794fb46b74a4b3817989cf"
    },
    {
      "path": "registry-owner-stop-independent.log",
      "sha256": "5d2c18a65bb216db44951775552a4f6076ac3516cbbd5925c498a6076c88b62a"
    },
    {
      "path": "registry-owner-stop-independent.xml",
      "sha256": "fb00f023da2da048c9384b70abec7b811f23b2b55adca77bb50c08f1203212c9"
    },
    {
      "path": "successor-independent.log",
      "sha256": "4e1f8578ab7dddba431226827bd7652800b4a9dc2577df35551b859665f270e4"
    },
    {
      "path": "successor-independent.xml",
      "sha256": "356da50541c58d4f2ed561512acc4562ef168165d6aa21c3a975a223a65cc033"
    },
    {
      "path": "test_terminal_gap.py",
      "sha256": "a2c76149d5089bc3faf51231c25f9a40a7c5aee5aca901c8898aed05cfb5b62e"
    },
    {
      "path": "test_terminal_registry_independent.py",
      "sha256": "f470fc17979fb85e0a5ca14809bf35b17a16b665e24c4696c82c67ab698d8329"
    },
    {
      "path": "test_terminal_revision_independent.py",
      "sha256": "a82bbca5b8b50867271d0c5dcbe8aa45e14abe9a1e92bd0c9f8971eef0ca3fea"
    }
  ],
  "author_final_junit": {
    "name": "pytest",
    "errors": "0",
    "failures": "0",
    "skipped": "0",
    "tests": "150",
    "time": "174.422",
    "timestamp": "2026-10-08T13:14:43.812311-04:00",
    "hostname": "54cb1abdc64d"
  },
  "author_final_log_sha256": "98bee92deff9626ae89ca85d12ac0910bbd661743eebe6ca316de4e910d379a6",
  "author_final_junit_sha256": "3d7e1d11b79030a5a3b46b3a211e556ec3ff8928d2c8581686434f40435e6191"
}

HELPER_MATCHES []
LOCAL_AGENTS [('AGENTS.md', '# Repository working agreement\n\n## Authoritative project\n\nThis repository, `Deng-0119/RPNH`, and its `main` branch are the authoritative\nRPNH product line. By default, perform future inspection, implementation,\ntesting, documentation, and release work here. Verify the live `origin/main`\nbefore work that depends on the latest state because this project is actively\nupdated.\n\nDo not use `Deng-0119/rpnh-harness`, its historical feature branches, or local\nworktrees derived from that repository as implementation or audit sources\nunless the user explicitly names them. If the current worktree is not this\nrepository, stop and select the authoritative RPNH worktree before proceeding.\n\nThis repository contains the reusable RPNH harness. Keep it independent of\npaper-specific workflows, private experiments, credentials, provider account\ndetails, local absolute paths, and historical development-branch handoffs.\n\nThe product has one main line. Core Registry/PetriNet execution, the read-only\nnet viewer, and optional host adapters must coexist without duplicating provider,\nworkspace, permission, recovery, or Registry authority.\n\nThe supported user entry is the installed `rpnh` command. Preserve the basic\nmain session, independent task/workflow Registries, user-owned provider/exact-\nmodel configuration, interruption/checkpoint semantics, and resource-aware\nread-only PetriNet views.\n\nKeep English and Chinese user documentation aligned. Select tests by the changed\nboundary: run focused deterministic offline tests for a local repair, and run a\nbroader or complete offline suite only when a release-wide change can actually\naffect those additional modules. Do not run unrelated tests merely because a\nchange is about to be committed. Real provider calls always require separate\nexplicit authorization and are never part of the automated test suite.\n\nDo not add GitHub Actions `push` triggers. Do not commit generated provider\nprofiles, Registry databases, run directories, raw provider transcripts, build\nenvironments, package caches, or viewer build dependencies.\n')]
PATHS [('<WORKSPACE>/.v26/r1', '<WORKSPACE>/.v26/r1', False), ('<WORKSPACE>/.v26/r2', '<WORKSPACE>/.v26/r2', False), ('<WORKSPACE>/task-complete-v5-20261009/stages/rsi', '<WORKSPACE>/task-complete-v5-20261009/stages/rsi', False)]
